Archive member included to satisfy reference by file (symbol)

c:/st/stm32cubeide_1.3.0/stm32cubeide/plugins/com.st.stm32cube.ide.mcu.externaltools.gnu-tools-for-stm32.7-2018-q2-update.win32_1.4.0.202007081208/tools/bin/../lib/gcc/arm-none-eabi/7.3.1/../../../../arm-none-eabi/lib/thumb/v7-m\libc_nano.a(lib_a-errno.o)
                              Core/Src/syscalls.o (__errno)
c:/st/stm32cubeide_1.3.0/stm32cubeide/plugins/com.st.stm32cube.ide.mcu.externaltools.gnu-tools-for-stm32.7-2018-q2-update.win32_1.4.0.202007081208/tools/bin/../lib/gcc/arm-none-eabi/7.3.1/../../../../arm-none-eabi/lib/thumb/v7-m\libc_nano.a(lib_a-exit.o)
                              c:/st/stm32cubeide_1.3.0/stm32cubeide/plugins/com.st.stm32cube.ide.mcu.externaltools.gnu-tools-for-stm32.7-2018-q2-update.win32_1.4.0.202007081208/tools/bin/../lib/gcc/arm-none-eabi/7.3.1/../../../../arm-none-eabi/lib/thumb/v7-m/crt0.o (exit)
c:/st/stm32cubeide_1.3.0/stm32cubeide/plugins/com.st.stm32cube.ide.mcu.externaltools.gnu-tools-for-stm32.7-2018-q2-update.win32_1.4.0.202007081208/tools/bin/../lib/gcc/arm-none-eabi/7.3.1/../../../../arm-none-eabi/lib/thumb/v7-m\libc_nano.a(lib_a-impure.o)
                              c:/st/stm32cubeide_1.3.0/stm32cubeide/plugins/com.st.stm32cube.ide.mcu.externaltools.gnu-tools-for-stm32.7-2018-q2-update.win32_1.4.0.202007081208/tools/bin/../lib/gcc/arm-none-eabi/7.3.1/../../../../arm-none-eabi/lib/thumb/v7-m\libc_nano.a(lib_a-exit.o) (_global_impure_ptr)
c:/st/stm32cubeide_1.3.0/stm32cubeide/plugins/com.st.stm32cube.ide.mcu.externaltools.gnu-tools-for-stm32.7-2018-q2-update.win32_1.4.0.202007081208/tools/bin/../lib/gcc/arm-none-eabi/7.3.1/../../../../arm-none-eabi/lib/thumb/v7-m\libc_nano.a(lib_a-init.o)
                              c:/st/stm32cubeide_1.3.0/stm32cubeide/plugins/com.st.stm32cube.ide.mcu.externaltools.gnu-tools-for-stm32.7-2018-q2-update.win32_1.4.0.202007081208/tools/bin/../lib/gcc/arm-none-eabi/7.3.1/../../../../arm-none-eabi/lib/thumb/v7-m/crt0.o (__libc_init_array)
c:/st/stm32cubeide_1.3.0/stm32cubeide/plugins/com.st.stm32cube.ide.mcu.externaltools.gnu-tools-for-stm32.7-2018-q2-update.win32_1.4.0.202007081208/tools/bin/../lib/gcc/arm-none-eabi/7.3.1/../../../../arm-none-eabi/lib/thumb/v7-m\libc_nano.a(lib_a-itoa.o)
                              Core/Src/main.o (itoa)
c:/st/stm32cubeide_1.3.0/stm32cubeide/plugins/com.st.stm32cube.ide.mcu.externaltools.gnu-tools-for-stm32.7-2018-q2-update.win32_1.4.0.202007081208/tools/bin/../lib/gcc/arm-none-eabi/7.3.1/../../../../arm-none-eabi/lib/thumb/v7-m\libc_nano.a(lib_a-locale.o)
                              Core/Src/main.o (__locale_ctype_ptr)
c:/st/stm32cubeide_1.3.0/stm32cubeide/plugins/com.st.stm32cube.ide.mcu.externaltools.gnu-tools-for-stm32.7-2018-q2-update.win32_1.4.0.202007081208/tools/bin/../lib/gcc/arm-none-eabi/7.3.1/../../../../arm-none-eabi/lib/thumb/v7-m\libc_nano.a(lib_a-mbtowc_r.o)
                              c:/st/stm32cubeide_1.3.0/stm32cubeide/plugins/com.st.stm32cube.ide.mcu.externaltools.gnu-tools-for-stm32.7-2018-q2-update.win32_1.4.0.202007081208/tools/bin/../lib/gcc/arm-none-eabi/7.3.1/../../../../arm-none-eabi/lib/thumb/v7-m\libc_nano.a(lib_a-locale.o) (__ascii_mbtowc)
c:/st/stm32cubeide_1.3.0/stm32cubeide/plugins/com.st.stm32cube.ide.mcu.externaltools.gnu-tools-for-stm32.7-2018-q2-update.win32_1.4.0.202007081208/tools/bin/../lib/gcc/arm-none-eabi/7.3.1/../../../../arm-none-eabi/lib/thumb/v7-m\libc_nano.a(lib_a-memset.o)
                              c:/st/stm32cubeide_1.3.0/stm32cubeide/plugins/com.st.stm32cube.ide.mcu.externaltools.gnu-tools-for-stm32.7-2018-q2-update.win32_1.4.0.202007081208/tools/bin/../lib/gcc/arm-none-eabi/7.3.1/../../../../arm-none-eabi/lib/thumb/v7-m/crt0.o (memset)
c:/st/stm32cubeide_1.3.0/stm32cubeide/plugins/com.st.stm32cube.ide.mcu.externaltools.gnu-tools-for-stm32.7-2018-q2-update.win32_1.4.0.202007081208/tools/bin/../lib/gcc/arm-none-eabi/7.3.1/../../../../arm-none-eabi/lib/thumb/v7-m\libc_nano.a(lib_a-nano-vfprintf_float.o)
                              (_printf_float)
c:/st/stm32cubeide_1.3.0/stm32cubeide/plugins/com.st.stm32cube.ide.mcu.externaltools.gnu-tools-for-stm32.7-2018-q2-update.win32_1.4.0.202007081208/tools/bin/../lib/gcc/arm-none-eabi/7.3.1/../../../../arm-none-eabi/lib/thumb/v7-m\libc_nano.a(lib_a-nano-vfprintf_i.o)
                              c:/st/stm32cubeide_1.3.0/stm32cubeide/plugins/com.st.stm32cube.ide.mcu.externaltools.gnu-tools-for-stm32.7-2018-q2-update.win32_1.4.0.202007081208/tools/bin/../lib/gcc/arm-none-eabi/7.3.1/../../../../arm-none-eabi/lib/thumb/v7-m\libc_nano.a(lib_a-nano-vfprintf_float.o) (_printf_common)
c:/st/stm32cubeide_1.3.0/stm32cubeide/plugins/com.st.stm32cube.ide.mcu.externaltools.gnu-tools-for-stm32.7-2018-q2-update.win32_1.4.0.202007081208/tools/bin/../lib/gcc/arm-none-eabi/7.3.1/../../../../arm-none-eabi/lib/thumb/v7-m\libc_nano.a(lib_a-sprintf.o)
                              Core/Src/main.o (sprintf)
[...]
Memory Configuration

Name             Origin             Length             Attributes
RAM              0x0000000020000000 0x0000000000005000 xrw
FLASH            0x0000000008000000 0x0000000000020000 xr
*default*        0x0000000000000000 0xffffffffffffffff

Linker script and memory map

LOAD c:/st/stm32cubeide_1.3.0/stm32cubeide/plugins/com.st.stm32cube.ide.mcu.externaltools.gnu-tools-for-stm32.7-2018-q2-update.win32_1.4.0.202007081208/tools/bin/../lib/gcc/arm-none-eabi/7.3.1/thumb/v7-m/crti.o
LOAD c:/st/stm32cubeide_1.3.0/stm32cubeide/plugins/com.st.stm32cube.ide.mcu.externaltools.gnu-tools-for-stm32.7-2018-q2-update.win32_1.4.0.202007081208/tools/bin/../lib/gcc/arm-none-eabi/7.3.1/thumb/v7-m/crtbegin.o
LOAD c:/st/stm32cubeide_1.3.0/stm32cubeide/plugins/com.st.stm32cube.ide.mcu.externaltools.gnu-tools-for-stm32.7-2018-q2-update.win32_1.4.0.202007081208/tools/bin/../lib/gcc/arm-none-eabi/7.3.1/../../../../arm-none-eabi/lib/thumb/v7-m/crt0.o
LOAD Core/Src/Battery_Charge_Discharge.o
LOAD Core/Src/CANbus.o
LOAD Core/Src/adc.o
LOAD Core/Src/can.o
LOAD Core/Src/dma.o
LOAD Core/Src/eeprom.o
LOAD Core/Src/fonts.o
LOAD Core/Src/fram.o
LOAD Core/Src/gpio.o
LOAD Core/Src/i2c.o
LOAD Core/Src/iwdg.o
LOAD Core/Src/main.o
LOAD Core/Src/powermeter_ade7880.o
LOAD Core/Src/spi.o
LOAD Core/Src/ssd1306.o
LOAD Core/Src/stm32f1xx_hal_msp.o
LOAD Core/Src/stm32f1xx_it.o
LOAD Core/Src/sys.o
LOAD Core/Src/syscalls.o
LOAD Core/Src/sysmem.o
LOAD Core/Src/system_stm32f1xx.o
LOAD Core/Src/tim.o
LOAD Core/Src/usart.o
LOAD Core/Startup/startup_stm32f103rbtx.o
LOAD Drivers/STM32F1xx_HAL_Driver/stm32f1xx_hal.o
LOAD Drivers/STM32F1xx_HAL_Driver/stm32f1xx_hal_adc.o
LOAD Drivers/STM32F1xx_HAL_Driver/stm32f1xx_hal_adc_ex.o
LOAD Drivers/STM32F1xx_HAL_Driver/stm32f1xx_hal_can.o
LOAD Drivers/STM32F1xx_HAL_Driver/stm32f1xx_hal_cortex.o
LOAD Drivers/STM32F1xx_HAL_Driver/stm32f1xx_hal_dma.o
LOAD Drivers/STM32F1xx_HAL_Driver/stm32f1xx_hal_exti.o
LOAD Drivers/STM32F1xx_HAL_Driver/stm32f1xx_hal_flash.o
LOAD Drivers/STM32F1xx_HAL_Driver/stm32f1xx_hal_flash_ex.o
LOAD Drivers/STM32F1xx_HAL_Driver/stm32f1xx_hal_gpio.o
LOAD Drivers/STM32F1xx_HAL_Driver/stm32f1xx_hal_gpio_ex.o
LOAD Drivers/STM32F1xx_HAL_Driver/stm32f1xx_hal_i2c.o
LOAD Drivers/STM32F1xx_HAL_Driver/stm32f1xx_hal_iwdg.o
LOAD Drivers/STM32F1xx_HAL_Driver/stm32f1xx_hal_pwr.o
LOAD Drivers/STM32F1xx_HAL_Driver/stm32f1xx_hal_rcc.o
LOAD Drivers/STM32F1xx_HAL_Driver/stm32f1xx_hal_rcc_ex.o
LOAD Drivers/STM32F1xx_HAL_Driver/stm32f1xx_hal_spi.o
LOAD Drivers/STM32F1xx_HAL_Driver/stm32f1xx_hal_tim.o
LOAD Drivers/STM32F1xx_HAL_Driver/stm32f1xx_hal_tim_ex.o
LOAD Drivers/STM32F1xx_HAL_Driver/stm32f1xx_hal_uart.o
START GROUP
LOAD c:/st/stm32cubeide_1.3.0/stm32cubeide/plugins/com.st.stm32cube.ide.mcu.externaltools.gnu-tools-for-stm32.7-2018-q2-update.win32_1.4.0.202007081208/tools/bin/../lib/gcc/arm-none-eabi/7.3.1/../../../../arm-none-eabi/lib/thumb/v7-m\libc_nano.a
LOAD c:/st/stm32cubeide_1.3.0/stm32cubeide/plugins/com.st.stm32cube.ide.mcu.externaltools.gnu-tools-for-stm32.7-2018-q2-update.win32_1.4.0.202007081208/tools/bin/../lib/gcc/arm-none-eabi/7.3.1/../../../../arm-none-eabi/lib/thumb/v7-m\libm.a
END GROUP
START GROUP
LOAD c:/st/stm32cubeide_1.3.0/stm32cubeide/plugins/com.st.stm32cube.ide.mcu.externaltools.gnu-tools-for-stm32.7-2018-q2-update.win32_1.4.0.202007081208/tools/bin/../lib/gcc/arm-none-eabi/7.3.1/thumb/v7-m\libgcc.a
LOAD c:/st/stm32cubeide_1.3.0/stm32cubeide/plugins/com.st.stm32cube.ide.mcu.externaltools.gnu-tools-for-stm32.7-2018-q2-update.win32_1.4.0.202007081208/tools/bin/../lib/gcc/arm-none-eabi/7.3.1/../../../../arm-none-eabi/lib/thumb/v7-m\libc_nano.a
END GROUP
START GROUP
LOAD c:/st/stm32cubeide_1.3.0/stm32cubeide/plugins/com.st.stm32cube.ide.mcu.externaltools.gnu-tools-for-stm32.7-2018-q2-update.win32_1.4.0.202007081208/tools/bin/../lib/gcc/arm-none-eabi/7.3.1/thumb/v7-m\libgcc.a
LOAD c:/st/stm32cubeide_1.3.0/stm32cubeide/plugins/com.st.stm32cube.ide.mcu.externaltools.gnu-tools-for-stm32.7-2018-q2-update.win32_1.4.0.202007081208/tools/bin/../lib/gcc/arm-none-eabi/7.3.1/../../../../arm-none-eabi/lib/thumb/v7-m\libc_nano.a
LOAD c:/st/stm32cubeide_1.3.0/stm32cubeide/plugins/com.st.stm32cube.ide.mcu.externaltools.gnu-tools-for-stm32.7-2018-q2-update.win32_1.4.0.202007081208/tools/bin/../lib/gcc/arm-none-eabi/7.3.1/../../../../arm-none-eabi/lib/thumb/v7-m\libnosys.a
END GROUP
START GROUP
LOAD c:/st/stm32cubeide_1.3.0/stm32cubeide/plugins/com.st.stm32cube.ide.mcu.externaltools.gnu-tools-for-stm32.7-2018-q2-update.win32_1.4.0.202007081208/tools/bin/../lib/gcc/arm-none-eabi/7.3.1/thumb/v7-m\libgcc.a
LOAD c:/st/stm32cubeide_1.3.0/stm32cubeide/plugins/com.st.stm32cube.ide.mcu.externaltools.gnu-tools-for-stm32.7-2018-q2-update.win32_1.4.0.202007081208/tools/bin/../lib/gcc/arm-none-eabi/7.3.1/../../../../arm-none-eabi/lib/thumb/v7-m\libc_nano.a
LOAD c:/st/stm32cubeide_1.3.0/stm32cubeide/plugins/com.st.stm32cube.ide.mcu.externaltools.gnu-tools-for-stm32.7-2018-q2-update.win32_1.4.0.202007081208/tools/bin/../lib/gcc/arm-none-eabi/7.3.1/../../../../arm-none-eabi/lib/thumb/v7-m\libnosys.a
END GROUP
LOAD c:/st/stm32cubeide_1.3.0/stm32cubeide/plugins/com.st.stm32cube.ide.mcu.externaltools.gnu-tools-for-stm32.7-2018-q2-update.win32_1.4.0.202007081208/tools/bin/../lib/gcc/arm-none-eabi/7.3.1/thumb/v7-m/crtend.o
LOAD c:/st/stm32cubeide_1.3.0/stm32cubeide/plugins/com.st.stm32cube.ide.mcu.externaltools.gnu-tools-for-stm32.7-2018-q2-update.win32_1.4.0.202007081208/tools/bin/../lib/gcc/arm-none-eabi/7.3.1/thumb/v7-m/crtn.o
                0x0000000020005000                _estack = (ORIGIN (RAM) + LENGTH (RAM))
                0x0000000000000200                _Min_Heap_Size = 0x200
                0x0000000000000400                _Min_Stack_Size = 0x400

.isr_vector     0x0000000008000000      0x10c
                0x0000000008000000                . = ALIGN (0x4)
 *(.isr_vector)
 .isr_vector    0x0000000008000000      0x10c Core/Startup/startup_stm32f103rbtx.o
                0x0000000008000000                g_pfnVectors
                0x000000000800010c                . = ALIGN (0x4)

.text           0x0000000008000110     0xce74
                0x0000000008000110                . = ALIGN (0x4)
 *(.text)
 .text          0x0000000008000110       0x40 c:/st/stm32cubeide_1.3.0/stm32cubeide/plugins/com.st.stm32cube.ide.mcu.externaltools.gnu-tools-for-stm32.7-2018-q2-update.win32_1.4.0.202007081208/tools/bin/../lib/gcc/arm-none-eabi/7.3.1/thumb/v7-m/crtbegin.o
 .text          0x0000000008000150       0x10 c:/st/stm32cubeide_1.3.0/stm32cubeide/plugins/com.st.stm32cube.ide.mcu.externaltools.gnu-tools-for-stm32.7-2018-q2-update.win32_1.4.0.202007081208/tools/bin/../lib/gcc/arm-none-eabi/7.3.1/../../../../arm-none-eabi/lib/thumb/v7-m\libc_nano.a(lib_a-strlen.o)
                0x0000000008000150                strlen
 .text          0x0000000008000160      0x378 c:/st/stm32cubeide_1.3.0/stm32cubeide/plugins/com.st.stm32cube.ide.mcu.externaltools.gnu-tools-for-stm32.7-2018-q2-update.win32_1.4.0.202007081208/tools/bin/../lib/gcc/arm-none-eabi/7.3.1/thumb/v7-m\libgcc.a(_arm_addsubdf3.o)
                0x0000000008000160                __aeabi_drsub
                0x0000000008000168                __aeabi_dsub
                0x0000000008000168                __subdf3
                0x000000000800016c                __aeabi_dadd
                0x000000000800016c                __adddf3
                0x00000000080003e4                __floatunsidf
                0x00000000080003e4                __aeabi_ui2d
                0x0000000008000404                __floatsidf
                0x0000000008000404                __aeabi_i2d
                0x0000000008000428                __aeabi_f2d
                0x0000000008000428                __extendsfdf2
                0x000000000800046c                __floatundidf
                0x000000000800046c                __aeabi_ul2d
                0x000000000800047c                __floatdidf
                0x000000000800047c                __aeabi_l2d
 .text          0x00000000080004d8      0x424 c:/st/stm32cubeide_1.3.0/stm32cubeide/plugins/com.st.stm32cube.ide.mcu.externaltools.gnu-tools-for-stm32.7-2018-q2-update.win32_1.4.0.202007081208/tools/bin/../lib/gcc/arm-none-eabi/7.3.1/thumb/v7-m\libgcc.a(_arm_muldivdf3.o)
                0x00000000080004d8                __aeabi_dmul
                0x00000000080004d8                __muldf3
                0x000000000800072c                __divdf3
                0x000000000800072c                __aeabi_ddiv
 .text          0x00000000080008fc      0x110 c:/st/stm32cubeide_1.3.0/stm32cubeide/plugins/com.st.stm32cube.ide.mcu.externaltools.gnu-tools-for-stm32.7-2018-q2-update.win32_1.4.0.202007081208/tools/bin/../lib/gcc/arm-none-eabi/7.3.1/thumb/v7-m\libgcc.a(_arm_cmpdf2.o)
                0x00000000080008fc                __gtdf2
                0x00000000080008fc                __gedf2
                0x0000000008000904                __ltdf2
                0x0000000008000904                __ledf2
                0x000000000800090c                __nedf2
                0x000000000800090c                __eqdf2
                0x000000000800090c                __cmpdf2
                0x0000000008000988                __aeabi_cdrcmple
                0x0000000008000998                __aeabi_cdcmpeq
                0x0000000008000998                __aeabi_cdcmple
                0x00000000080009a8                __aeabi_dcmpeq
                0x00000000080009bc                __aeabi_dcmplt
                0x00000000080009d0                __aeabi_dcmple
                0x00000000080009e4                __aeabi_dcmpge
                0x00000000080009f8                __aeabi_dcmpgt
 .text          0x0000000008000a0c       0x2c c:/st/stm32cubeide_1.3.0/stm32cubeide/plugins/com.st.stm32cube.ide.mcu.externaltools.gnu-tools-for-stm32.7-2018-q2-update.win32_1.4.0.202007081208/tools/bin/../lib/gcc/arm-none-eabi/7.3.1/thumb/v7-m\libgcc.a(_arm_unorddf2.o)
                0x0000000008000a0c                __unorddf2
                0x0000000008000a0c                __aeabi_dcmpun
 .text          0x0000000008000a38       0x50 c:/st/stm32cubeide_1.3.0/stm32cubeide/plugins/com.st.stm32cube.ide.mcu.externaltools.gnu-tools-for-stm32.7-2018-q2-update.win32_1.4.0.202007081208/tools/bin/../lib/gcc/arm-none-eabi/7.3.1/thumb/v7-m\libgcc.a(_arm_fixdfsi.o)
                0x0000000008000a38                __aeabi_d2iz
                0x0000000008000a38                __fixdfsi
 .text          0x0000000008000a88       0xa0 c:/st/stm32cubeide_1.3.0/stm32cubeide/plugins/com.st.stm32cube.ide.mcu.externaltools.gnu-tools-for-stm32.7-2018-q2-update.win32_1.4.0.202007081208/tools/bin/../lib/gcc/arm-none-eabi/7.3.1/thumb/v7-m\libgcc.a(_arm_truncdfsf2.o)
                0x0000000008000a88                __truncdfsf2
                0x0000000008000a88                __aeabi_d2f
 .text          0x0000000008000b28      0x21c c:/st/stm32cubeide_1.3.0/stm32cubeide/plugins/com.st.stm32cube.ide.mcu.externaltools.gnu-tools-for-stm32.7-2018-q2-update.win32_1.4.0.202007081208/tools/bin/../lib/gcc/arm-none-eabi/7.3.1/thumb/v7-m\libgcc.a(_arm_addsubsf3.o)
                0x0000000008000b28                __aeabi_frsub
                0x0000000008000b30                __subsf3
                0x0000000008000b30                __aeabi_fsub
                0x0000000008000b34                __aeabi_fadd
                0x0000000008000b34                __addsf3
                0x0000000008000c94                __aeabi_ui2f
                0x0000000008000c94                __floatunsisf
                0x0000000008000c9c                __aeabi_i2f
                0x0000000008000c9c                __floatsisf
                0x0000000008000cb8                __aeabi_ul2f
                0x0000000008000cb8                __floatundisf
                0x0000000008000cc8                __aeabi_l2f
                0x0000000008000cc8                __floatdisf
 .text          0x0000000008000d44      0x2a0 c:/st/stm32cubeide_1.3.0/stm32cubeide/plugins/com.st.stm32cube.ide.mcu.externaltools.gnu-tools-for-stm32.7-2018-q2-update.win32_1.4.0.202007081208/tools/bin/../lib/gcc/arm-none-eabi/7.3.1/thumb/v7-m\libgcc.a(_arm_muldivsf3.o)
                0x0000000008000d44                __mulsf3
                0x0000000008000d44                __aeabi_fmul
                0x0000000008000eac                __aeabi_fdiv
                0x0000000008000eac                __divsf3
 .text          0x0000000008000fe4       0xec c:/st/stm32cubeide_1.3.0/stm32cubeide/plugins/com.st.stm32cube.ide.mcu.externaltools.gnu-tools-for-stm32.7-2018-q2-update.win32_1.4.0.202007081208/tools/bin/../lib/gcc/arm-none-eabi/7.3.1/thumb/v7-m\libgcc.a(_arm_cmpsf2.o)
                0x0000000008000fe4                __gesf2
                0x0000000008000fe4                __gtsf2
                0x0000000008000fec                __lesf2
                0x0000000008000fec                __ltsf2
                0x0000000008000ff4                __nesf2
                0x0000000008000ff4                __eqsf2
                0x0000000008000ff4                __cmpsf2
                0x0000000008001054                __aeabi_cfrcmple
                0x000000000800105c                __aeabi_cfcmpeq
                0x000000000800105c                __aeabi_cfcmple
                0x000000000800106c                __aeabi_fcmpeq
                0x0000000008001080                __aeabi_fcmplt
                0x0000000008001094                __aeabi_fcmple
                0x00000000080010a8                __aeabi_fcmpge
                0x00000000080010bc                __aeabi_fcmpgt
 .text          0x00000000080010d0       0x4c c:/st/stm32cubeide_1.3.0/stm32cubeide/plugins/com.st.stm32cube.ide.mcu.externaltools.gnu-tools-for-stm32.7-2018-q2-update.win32_1.4.0.202007081208/tools/bin/../lib/gcc/arm-none-eabi/7.3.1/thumb/v7-m\libgcc.a(_arm_fixsfsi.o)
                0x00000000080010d0                __aeabi_f2iz
                0x00000000080010d0                __fixsfsi
 .text          0x000000000800111c       0x40 c:/st/stm32cubeide_1.3.0/stm32cubeide/plugins/com.st.stm32cube.ide.mcu.externaltools.gnu-tools-for-stm32.7-2018-q2-update.win32_1.4.0.202007081208/tools/bin/../lib/gcc/arm-none-eabi/7.3.1/thumb/v7-m\libgcc.a(_arm_fixunssfsi.o)
                0x000000000800111c                __fixunssfsi
                0x000000000800111c                __aeabi_f2uiz
 *(.text*)
 .text.Batt_Discharge_Mode
                0x000000000800115c       0xd0 Core/Src/Battery_Charge_Discharge.o
                0x000000000800115c                Batt_Discharge_Mode
 .text.Batt_Charge_Mode
                0x000000000800122c       0xac Core/Src/Battery_Charge_Discharge.o
                0x000000000800122c                Batt_Charge_Mode
 .text.Batt_Full_CD_Mode
                0x00000000080012d8       0xdc Core/Src/Battery_Charge_Discharge.o
                0x00000000080012d8                Batt_Full_CD_Mode
 .text.Batt_Open_Mode
                0x00000000080013b4       0x60 Core/Src/Battery_Charge_Discharge.o
                0x00000000080013b4                Batt_Open_Mode
 *fill*         0x0000000008001414        0x4 
 .text.check_SOC_Based_OCV
                0x0000000008001418      0x2f4 Core/Src/Battery_Charge_Discharge.o
                0x0000000008001418                check_SOC_Based_OCV
 .text.BMS_CAN_Tx
                0x000000000800170c      0x5ec Core/Src/CANbus.o
                0x000000000800170c                BMS_CAN_Tx
 .text.HAL_CAN_RxFifo0MsgPendingCallback
                0x0000000008001cf8      0x2e0 Core/Src/CANbus.o
                0x0000000008001cf8                HAL_CAN_RxFifo0MsgPendingCallback
 .text.BMS_CAN_Config
                0x0000000008001fd8       0x7c Core/Src/CANbus.o
                0x0000000008001fd8                BMS_CAN_Config
 .text.MX_ADC1_Init
                0x0000000008002054      0x110 Core/Src/adc.o
                0x0000000008002054                MX_ADC1_Init
 .text.HAL_ADC_MspInit
                0x0000000008002164       0xd0 Core/Src/adc.o
                0x0000000008002164                HAL_ADC_MspInit
 .text.MX_CAN_Init
                0x0000000008002234       0x6c Core/Src/can.o
                0x0000000008002234                MX_CAN_Init
 .text.HAL_CAN_MspInit
                0x00000000080022a0       0xd0 Core/Src/can.o
                0x00000000080022a0                HAL_CAN_MspInit
 .text.MX_DMA_Init
                0x0000000008002370       0x3c Core/Src/dma.o
                0x0000000008002370                MX_DMA_Init
 .text.MX_GPIO_Init
                0x00000000080023ac      0x124 Core/Src/gpio.o
                0x00000000080023ac                MX_GPIO_Init
 .text.MX_I2C1_Init
                0x00000000080024d0       0x5c Core/Src/i2c.o
                0x00000000080024d0                MX_I2C1_Init
 .text.MX_I2C2_Init
                0x000000000800252c       0x5c Core/Src/i2c.o
                0x000000000800252c                MX_I2C2_Init
 .text.HAL_I2C_MspInit
                0x0000000008002588       0xd8 Core/Src/i2c.o
                0x0000000008002588                HAL_I2C_MspInit
 .text.MX_IWDG_Init
                0x0000000008002660       0x34 Core/Src/iwdg.o
                0x0000000008002660                MX_IWDG_Init
 *fill*         0x0000000008002694        0x4 
 .text.main     0x0000000008002698      0x1f4 Core/Src/main.o
                0x0000000008002698                main
 .text.SystemClock_Config
                0x000000000800288c       0xb2 Core/Src/main.o
                0x000000000800288c                SystemClock_Config
 *fill*         0x000000000800293e        0x2 
 .text.BMS_ON_InitBeep
                0x0000000008002940      0x154 Core/Src/main.o
                0x0000000008002940                BMS_ON_InitBeep
 .text.BMS_ScreenMode_Standby
                0x0000000008002a94       0x60 Core/Src/main.o
                0x0000000008002a94                BMS_ScreenMode_Standby
 .text.BMS_ScreenMode_RUN
                0x0000000008002af4      0x418 Core/Src/main.o
                0x0000000008002af4                BMS_ScreenMode_RUN
 .text.BMS_ScreenMode_Locked_Ship
                0x0000000008002f0c       0x8c Core/Src/main.o
                0x0000000008002f0c                BMS_ScreenMode_Locked_Ship
 .text.BMS_ScreenMode_ForceBalance
                0x0000000008002f98       0xac Core/Src/main.o
                0x0000000008002f98                BMS_ScreenMode_ForceBalance
 .text.Calc_vcell_tot
                0x0000000008003044       0x64 Core/Src/main.o
                0x0000000008003044                Calc_vcell_tot
 .text.Error_Handler
                0x00000000080030a8        0xc Core/Src/main.o
                0x00000000080030a8                Error_Handler
 .text.ltc6812_GPIO_Config
                0x00000000080030b4       0xb8 Core/Src/powermeter_ade7880.o
                0x00000000080030b4                ltc6812_GPIO_Config
 .text.ltc6812_SPIInit
                0x000000000800316c       0xbc Core/Src/powermeter_ade7880.o
                0x000000000800316c                ltc6812_SPIInit
 .text.ltc6812_Delay
                0x0000000008003228       0x20 Core/Src/powermeter_ade7880.o
                0x0000000008003228                ltc6812_Delay
 .text.ltc6812_Write8
                0x0000000008003248       0x7c Core/Src/powermeter_ade7880.o
                0x0000000008003248                ltc6812_Write8
 .text.ltc6812_Read8
                0x00000000080032c4       0x8c Core/Src/powermeter_ade7880.o
                0x00000000080032c4                ltc6812_Read8
 .text.LTC681x_adcv_emul
                0x0000000008003350       0x56 Core/Src/powermeter_ade7880.o
                0x0000000008003350                LTC681x_adcv_emul
 *fill*         0x00000000080033a6        0x2 
 .text.cmd_68_emul
                0x00000000080033a8       0x74 Core/Src/powermeter_ade7880.o
                0x00000000080033a8                cmd_68_emul
 .text.pec15_calc_emul
                0x000000000800341c       0x68 Core/Src/powermeter_ade7880.o
                0x000000000800341c                pec15_calc_emul
 .text.LTC681x_rdcv_reg_emul
                0x0000000008003484      0x130 Core/Src/powermeter_ade7880.o
                0x0000000008003484                LTC681x_rdcv_reg_emul
 *fill*         0x00000000080035b4        0x4 
 .text.read_v_15cell
                0x00000000080035b8      0x920 Core/Src/powermeter_ade7880.o
                0x00000000080035b8                read_v_15cell
 .text.LTC681x_wrcfga_reg_emul
                0x0000000008003ed8       0xd4 Core/Src/powermeter_ade7880.o
                0x0000000008003ed8                LTC681x_wrcfga_reg_emul
 .text.LTC681x_wrcfgb_reg_emul
                0x0000000008003fac       0xcc Core/Src/powermeter_ade7880.o
                0x0000000008003fac                LTC681x_wrcfgb_reg_emul
 .text.LTC681x_balance_cell
                0x0000000008004078       0xd4 Core/Src/powermeter_ade7880.o
                0x0000000008004078                LTC681x_balance_cell
 *fill*         0x000000000800414c        0x4 
 .text.get_balance_status
                0x0000000008004150      0x168 Core/Src/powermeter_ade7880.o
                0x0000000008004150                get_balance_status
 .text.MX_SPI1_Init
                0x00000000080042b8       0x6c Core/Src/spi.o
                0x00000000080042b8                MX_SPI1_Init
 .text.HAL_SPI_MspInit
                0x0000000008004324       0xb4 Core/Src/spi.o
                0x0000000008004324                HAL_SPI_MspInit
 .text.SSD1306_Init
                0x00000000080043d8      0x17c Core/Src/ssd1306.o
                0x00000000080043d8                SSD1306_Init
 .text.SSD1306_UpdateScreen
                0x0000000008004554       0x5c Core/Src/ssd1306.o
                0x0000000008004554                SSD1306_UpdateScreen
 .text.SSD1306_Fill
                0x00000000080045b0       0x30 Core/Src/ssd1306.o
                0x00000000080045b0                SSD1306_Fill
 .text.SSD1306_DrawPixel
                0x00000000080045e0       0xbc Core/Src/ssd1306.o
                0x00000000080045e0                SSD1306_DrawPixel
 .text.SSD1306_GotoXY
                0x000000000800469c       0x2c Core/Src/ssd1306.o
                0x000000000800469c                SSD1306_GotoXY
 .text.SSD1306_Putc
                0x00000000080046c8      0x100 Core/Src/ssd1306.o
                0x00000000080046c8                SSD1306_Putc
 .text.SSD1306_Puts
                0x00000000080047c8       0x4a Core/Src/ssd1306.o
                0x00000000080047c8                SSD1306_Puts
 *fill*         0x0000000008004812        0x2 
 .text.ssd1306_I2C_Init
                0x0000000008004814       0x28 Core/Src/ssd1306.o
                0x0000000008004814                ssd1306_I2C_Init
 .text.ssd1306_I2C_WriteMulti
                0x000000000800483c       0xb4 Core/Src/ssd1306.o
                0x000000000800483c                ssd1306_I2C_WriteMulti
 .text.ssd1306_I2C_Write
                0x00000000080048f0       0x3c Core/Src/ssd1306.o
                0x00000000080048f0                ssd1306_I2C_Write
 .text.HAL_MspInit
                0x000000000800492c       0x64 Core/Src/stm32f1xx_hal_msp.o
                0x000000000800492c                HAL_MspInit
 .text.NMI_Handler
                0x0000000008004990        0xc Core/Src/stm32f1xx_it.o
                0x0000000008004990                NMI_Handler
 .text.HardFault_Handler
                0x000000000800499c        0x6 Core/Src/stm32f1xx_it.o
                0x000000000800499c                HardFault_Handler
 .text.MemManage_Handler
                0x00000000080049a2        0x6 Core/Src/stm32f1xx_it.o
                0x00000000080049a2                MemManage_Handler
 .text.BusFault_Handler
                0x00000000080049a8        0x6 Core/Src/stm32f1xx_it.o
                0x00000000080049a8                BusFault_Handler
 .text.UsageFault_Handler
                0x00000000080049ae        0x6 Core/Src/stm32f1xx_it.o
                0x00000000080049ae                UsageFault_Handler
 .text.SVC_Handler
                0x00000000080049b4        0xc Core/Src/stm32f1xx_it.o
                0x00000000080049b4                SVC_Handler
 .text.DebugMon_Handler
                0x00000000080049c0        0xc Core/Src/stm32f1xx_it.o
                0x00000000080049c0                DebugMon_Handler
 .text.PendSV_Handler
                0x00000000080049cc        0xc Core/Src/stm32f1xx_it.o
                0x00000000080049cc                PendSV_Handler
 .text.SysTick_Handler
                0x00000000080049d8        0xc Core/Src/stm32f1xx_it.o
                0x00000000080049d8                SysTick_Handler
 .text.DMA1_Channel1_IRQHandler
                0x00000000080049e4       0x14 Core/Src/stm32f1xx_it.o
                0x00000000080049e4                DMA1_Channel1_IRQHandler
 .text.USB_LP_CAN1_RX0_IRQHandler
                0x00000000080049f8       0x14 Core/Src/stm32f1xx_it.o
                0x00000000080049f8                USB_LP_CAN1_RX0_IRQHandler
 *fill*         0x0000000008004a0c        0x4 
 .text.TIM2_IRQHandler
                0x0000000008004a10      0x820 Core/Src/stm32f1xx_it.o
                0x0000000008004a10                TIM2_IRQHandler
 .text.TIM3_IRQHandler
                0x0000000008005230       0x24 Core/Src/stm32f1xx_it.o
                0x0000000008005230                TIM3_IRQHandler
 *fill*         0x0000000008005254        0x4 
 .text.Batt_Protection_when_discharge
                0x0000000008005258      0xc6c Core/Src/stm32f1xx_it.o
                0x0000000008005258                Batt_Protection_when_discharge
 *fill*         0x0000000008005ec4        0x4 
 .text.Batt_Protection_when_charge
                0x0000000008005ec8      0x7a4 Core/Src/stm32f1xx_it.o
                0x0000000008005ec8                Batt_Protection_when_charge
 .text._sbrk    0x000000000800666c       0x58 Core/Src/sysmem.o
                0x000000000800666c                _sbrk
 .text.SystemInit
                0x00000000080066c4       0x68 Core/Src/system_stm32f1xx.o
                0x00000000080066c4                SystemInit
 .text.MX_TIM2_Init
                0x000000000800672c       0x98 Core/Src/tim.o
                0x000000000800672c                MX_TIM2_Init
 .text.MX_TIM3_Init
                0x00000000080067c4       0x9c Core/Src/tim.o
                0x00000000080067c4                MX_TIM3_Init
 .text.HAL_TIM_Base_MspInit
                0x0000000008006860       0x80 Core/Src/tim.o
                0x0000000008006860                HAL_TIM_Base_MspInit
 .text.MX_USART1_UART_Init
                0x00000000080068e0       0x54 Core/Src/usart.o
                0x00000000080068e0                MX_USART1_UART_Init
 .text.MX_USART3_UART_Init
                0x0000000008006934       0x54 Core/Src/usart.o
                0x0000000008006934                MX_USART3_UART_Init
 .text.HAL_UART_MspInit
                0x0000000008006988      0x138 Core/Src/usart.o
                0x0000000008006988                HAL_UART_MspInit
 .text.Reset_Handler
                0x0000000008006ac0       0x48 Core/Startup/startup_stm32f103rbtx.o
                0x0000000008006ac0                Reset_Handler
 .text.Default_Handler
                0x0000000008006b08        0x2 Core/Startup/startup_stm32f103rbtx.o
                0x0000000008006b08                RTC_Alarm_IRQHandler
                0x0000000008006b08                EXTI2_IRQHandler
                0x0000000008006b08                TIM1_CC_IRQHandler
                0x0000000008006b08                PVD_IRQHandler
                0x0000000008006b08                EXTI3_IRQHandler
                0x0000000008006b08                EXTI0_IRQHandler
                0x0000000008006b08                I2C2_EV_IRQHandler
                0x0000000008006b08                ADC1_2_IRQHandler
                0x0000000008006b08                SPI1_IRQHandler
                0x0000000008006b08                TAMPER_IRQHandler
                0x0000000008006b08                DMA1_Channel4_IRQHandler
                0x0000000008006b08                USART3_IRQHandler
                0x0000000008006b08                RTC_IRQHandler
                0x0000000008006b08                DMA1_Channel7_IRQHandler
                0x0000000008006b08                CAN1_RX1_IRQHandler
                0x0000000008006b08                TIM4_IRQHandler
                0x0000000008006b08                I2C1_EV_IRQHandler
                0x0000000008006b08                DMA1_Channel6_IRQHandler
                0x0000000008006b08                RCC_IRQHandler
                0x0000000008006b08                TIM1_TRG_COM_IRQHandler
                0x0000000008006b08                Default_Handler
                0x0000000008006b08                EXTI15_10_IRQHandler
                0x0000000008006b08                EXTI9_5_IRQHandler
                0x0000000008006b08                SPI2_IRQHandler
                0x0000000008006b08                DMA1_Channel5_IRQHandler
                0x0000000008006b08                EXTI4_IRQHandler
                0x0000000008006b08                USB_HP_CAN1_TX_IRQHandler
                0x0000000008006b08                DMA1_Channel3_IRQHandler
                0x0000000008006b08                TIM1_UP_IRQHandler
                0x0000000008006b08                WWDG_IRQHandler
                0x0000000008006b08                TIM1_BRK_IRQHandler
                0x0000000008006b08                EXTI1_IRQHandler
                0x0000000008006b08                USART2_IRQHandler
                0x0000000008006b08                I2C2_ER_IRQHandler
                0x0000000008006b08                DMA1_Channel2_IRQHandler
                0x0000000008006b08                CAN1_SCE_IRQHandler
                0x0000000008006b08                FLASH_IRQHandler
                0x0000000008006b08                USART1_IRQHandler
                0x0000000008006b08                I2C1_ER_IRQHandler
                0x0000000008006b08                USBWakeUp_IRQHandler
 *fill*         0x0000000008006b0a        0x2 
 .text.HAL_Init
                0x0000000008006b0c       0x2c Drivers/STM32F1xx_HAL_Driver/stm32f1xx_hal.o
                0x0000000008006b0c                HAL_Init
 .text.HAL_InitTick
                0x0000000008006b38       0x60 Drivers/STM32F1xx_HAL_Driver/stm32f1xx_hal.o
                0x0000000008006b38                HAL_InitTick
 .text.HAL_IncTick
                0x0000000008006b98       0x24 Drivers/STM32F1xx_HAL_Driver/stm32f1xx_hal.o
                0x0000000008006b98                HAL_IncTick
 .text.HAL_GetTick
                0x0000000008006bbc       0x14 Drivers/STM32F1xx_HAL_Driver/stm32f1xx_hal.o
                0x0000000008006bbc                HAL_GetTick
 .text.HAL_Delay
                0x0000000008006bd0       0x44 Drivers/STM32F1xx_HAL_Driver/stm32f1xx_hal.o
                0x0000000008006bd0                HAL_Delay
 .text.HAL_ADC_Init
                0x0000000008006c14      0x1b0 Drivers/STM32F1xx_HAL_Driver/stm32f1xx_hal_adc.o
                0x0000000008006c14                HAL_ADC_Init
 .text.HAL_ADC_Start_DMA
                0x0000000008006dc4      0x1bc Drivers/STM32F1xx_HAL_Driver/stm32f1xx_hal_adc.o
                0x0000000008006dc4                HAL_ADC_Start_DMA
 .text.HAL_ADC_ConvCpltCallback
                0x0000000008006f80       0x12 Drivers/STM32F1xx_HAL_Driver/stm32f1xx_hal_adc.o
                0x0000000008006f80                HAL_ADC_ConvCpltCallback
 .text.HAL_ADC_ConvHalfCpltCallback
                0x0000000008006f92       0x12 Drivers/STM32F1xx_HAL_Driver/stm32f1xx_hal_adc.o
                0x0000000008006f92                HAL_ADC_ConvHalfCpltCallback
 .text.HAL_ADC_ErrorCallback
                0x0000000008006fa4       0x12 Drivers/STM32F1xx_HAL_Driver/stm32f1xx_hal_adc.o
                0x0000000008006fa4                HAL_ADC_ErrorCallback
 *fill*         0x0000000008006fb6        0x2 
 .text.HAL_ADC_ConfigChannel
                0x0000000008006fb8      0x1f0 Drivers/STM32F1xx_HAL_Driver/stm32f1xx_hal_adc.o
                0x0000000008006fb8                HAL_ADC_ConfigChannel
 .text.ADC_Enable
                0x00000000080071a8       0xa4 Drivers/STM32F1xx_HAL_Driver/stm32f1xx_hal_adc.o
                0x00000000080071a8                ADC_Enable
 .text.ADC_ConversionStop_Disable
                0x000000000800724c       0x74 Drivers/STM32F1xx_HAL_Driver/stm32f1xx_hal_adc.o
                0x000000000800724c                ADC_ConversionStop_Disable
 .text.ADC_DMAConvCplt
                0x00000000080072c0       0x7c Drivers/STM32F1xx_HAL_Driver/stm32f1xx_hal_adc.o
                0x00000000080072c0                ADC_DMAConvCplt
 .text.ADC_DMAHalfConvCplt
                0x000000000800733c       0x1c Drivers/STM32F1xx_HAL_Driver/stm32f1xx_hal_adc.o
                0x000000000800733c                ADC_DMAHalfConvCplt
 .text.ADC_DMAError
                0x0000000008007358       0x34 Drivers/STM32F1xx_HAL_Driver/stm32f1xx_hal_adc.o
                0x0000000008007358                ADC_DMAError
 .text.HAL_CAN_Init
                0x000000000800738c      0x1f6 Drivers/STM32F1xx_HAL_Driver/stm32f1xx_hal_can.o
                0x000000000800738c                HAL_CAN_Init
 .text.HAL_CAN_ConfigFilter
                0x0000000008007582      0x192 Drivers/STM32F1xx_HAL_Driver/stm32f1xx_hal_can.o
                0x0000000008007582                HAL_CAN_ConfigFilter
 .text.HAL_CAN_Start
                0x0000000008007714       0x88 Drivers/STM32F1xx_HAL_Driver/stm32f1xx_hal_can.o
                0x0000000008007714                HAL_CAN_Start
 .text.HAL_CAN_AddTxMessage
                0x000000000800779c      0x1b4 Drivers/STM32F1xx_HAL_Driver/stm32f1xx_hal_can.o
                0x000000000800779c                HAL_CAN_AddTxMessage
 .text.HAL_CAN_AbortTxRequest
                0x0000000008007950       0x88 Drivers/STM32F1xx_HAL_Driver/stm32f1xx_hal_can.o
                0x0000000008007950                HAL_CAN_AbortTxRequest
 .text.HAL_CAN_GetTxMailboxesFreeLevel
                0x00000000080079d8       0x68 Drivers/STM32F1xx_HAL_Driver/stm32f1xx_hal_can.o
                0x00000000080079d8                HAL_CAN_GetTxMailboxesFreeLevel
 .text.HAL_CAN_GetRxMessage
                0x0000000008007a40      0x222 Drivers/STM32F1xx_HAL_Driver/stm32f1xx_hal_can.o
                0x0000000008007a40                HAL_CAN_GetRxMessage
 .text.HAL_CAN_ActivateNotification
                0x0000000008007c62       0x4a Drivers/STM32F1xx_HAL_Driver/stm32f1xx_hal_can.o
                0x0000000008007c62                HAL_CAN_ActivateNotification
 .text.HAL_CAN_IRQHandler
                0x0000000008007cac      0x362 Drivers/STM32F1xx_HAL_Driver/stm32f1xx_hal_can.o
                0x0000000008007cac                HAL_CAN_IRQHandler
 .text.HAL_CAN_TxMailbox0CompleteCallback
                0x000000000800800e       0x12 Drivers/STM32F1xx_HAL_Driver/stm32f1xx_hal_can.o
                0x000000000800800e                HAL_CAN_TxMailbox0CompleteCallback
 .text.HAL_CAN_TxMailbox1CompleteCallback
                0x0000000008008020       0x12 Drivers/STM32F1xx_HAL_Driver/stm32f1xx_hal_can.o
                0x0000000008008020                HAL_CAN_TxMailbox1CompleteCallback
 .text.HAL_CAN_TxMailbox2CompleteCallback
                0x0000000008008032       0x12 Drivers/STM32F1xx_HAL_Driver/stm32f1xx_hal_can.o
                0x0000000008008032                HAL_CAN_TxMailbox2CompleteCallback
 .text.HAL_CAN_TxMailbox0AbortCallback
                0x0000000008008044       0x12 Drivers/STM32F1xx_HAL_Driver/stm32f1xx_hal_can.o
                0x0000000008008044                HAL_CAN_TxMailbox0AbortCallback
 .text.HAL_CAN_TxMailbox1AbortCallback
                0x0000000008008056       0x12 Drivers/STM32F1xx_HAL_Driver/stm32f1xx_hal_can.o
                0x0000000008008056                HAL_CAN_TxMailbox1AbortCallback
 .text.HAL_CAN_TxMailbox2AbortCallback
                0x0000000008008068       0x12 Drivers/STM32F1xx_HAL_Driver/stm32f1xx_hal_can.o
                0x0000000008008068                HAL_CAN_TxMailbox2AbortCallback
 .text.HAL_CAN_RxFifo0FullCallback
                0x000000000800807a       0x12 Drivers/STM32F1xx_HAL_Driver/stm32f1xx_hal_can.o
                0x000000000800807a                HAL_CAN_RxFifo0FullCallback
 .text.HAL_CAN_RxFifo1MsgPendingCallback
                0x000000000800808c       0x12 Drivers/STM32F1xx_HAL_Driver/stm32f1xx_hal_can.o
                0x000000000800808c                HAL_CAN_RxFifo1MsgPendingCallback
 .text.HAL_CAN_RxFifo1FullCallback
                0x000000000800809e       0x12 Drivers/STM32F1xx_HAL_Driver/stm32f1xx_hal_can.o
                0x000000000800809e                HAL_CAN_RxFifo1FullCallback
 .text.HAL_CAN_SleepCallback
                0x00000000080080b0       0x12 Drivers/STM32F1xx_HAL_Driver/stm32f1xx_hal_can.o
                0x00000000080080b0                HAL_CAN_SleepCallback
 .text.HAL_CAN_WakeUpFromRxMsgCallback
                0x00000000080080c2       0x12 Drivers/STM32F1xx_HAL_Driver/stm32f1xx_hal_can.o
                0x00000000080080c2                HAL_CAN_WakeUpFromRxMsgCallback
 .text.HAL_CAN_ErrorCallback
                0x00000000080080d4       0x12 Drivers/STM32F1xx_HAL_Driver/stm32f1xx_hal_can.o
                0x00000000080080d4                HAL_CAN_ErrorCallback
 *fill*         0x00000000080080e6        0x2 
 .text.__NVIC_SetPriorityGrouping
                0x00000000080080e8       0x48 Drivers/STM32F1xx_HAL_Driver/stm32f1xx_hal_cortex.o
 .text.__NVIC_GetPriorityGrouping
                0x0000000008008130       0x1c Drivers/STM32F1xx_HAL_Driver/stm32f1xx_hal_cortex.o
 .text.__NVIC_EnableIRQ
                0x000000000800814c       0x38 Drivers/STM32F1xx_HAL_Driver/stm32f1xx_hal_cortex.o
 .text.__NVIC_SetPriority
                0x0000000008008184       0x54 Drivers/STM32F1xx_HAL_Driver/stm32f1xx_hal_cortex.o
 .text.NVIC_EncodePriority
                0x00000000080081d8       0x64 Drivers/STM32F1xx_HAL_Driver/stm32f1xx_hal_cortex.o
 .text.SysTick_Config
                0x000000000800823c       0x44 Drivers/STM32F1xx_HAL_Driver/stm32f1xx_hal_cortex.o
 .text.HAL_NVIC_SetPriorityGrouping
                0x0000000008008280       0x16 Drivers/STM32F1xx_HAL_Driver/stm32f1xx_hal_cortex.o
                0x0000000008008280                HAL_NVIC_SetPriorityGrouping
 .text.HAL_NVIC_SetPriority
                0x0000000008008296       0x38 Drivers/STM32F1xx_HAL_Driver/stm32f1xx_hal_cortex.o
                0x0000000008008296                HAL_NVIC_SetPriority
 .text.HAL_NVIC_EnableIRQ
                0x00000000080082ce       0x1c Drivers/STM32F1xx_HAL_Driver/stm32f1xx_hal_cortex.o
                0x00000000080082ce                HAL_NVIC_EnableIRQ
 .text.HAL_SYSTICK_Config
                0x00000000080082ea       0x18 Drivers/STM32F1xx_HAL_Driver/stm32f1xx_hal_cortex.o
                0x00000000080082ea                HAL_SYSTICK_Config
 *fill*         0x0000000008008302        0x2 
 .text.HAL_DMA_Init
                0x0000000008008304       0xb4 Drivers/STM32F1xx_HAL_Driver/stm32f1xx_hal_dma.o
                0x0000000008008304                HAL_DMA_Init
 .text.HAL_DMA_Start_IT
                0x00000000080083b8       0xbe Drivers/STM32F1xx_HAL_Driver/stm32f1xx_hal_dma.o
                0x00000000080083b8                HAL_DMA_Start_IT
 *fill*         0x0000000008008476        0x2 
 .text.HAL_DMA_IRQHandler
                0x0000000008008478      0x20c Drivers/STM32F1xx_HAL_Driver/stm32f1xx_hal_dma.o
                0x0000000008008478                HAL_DMA_IRQHandler
 .text.DMA_SetConfig
                0x0000000008008684       0x5a Drivers/STM32F1xx_HAL_Driver/stm32f1xx_hal_dma.o
 *fill*         0x00000000080086de        0x2 
 .text.HAL_FLASH_Unlock
                0x00000000080086e0       0x4c Drivers/STM32F1xx_HAL_Driver/stm32f1xx_hal_flash.o
                0x00000000080086e0                HAL_FLASH_Unlock
 .text.HAL_GPIO_Init
                0x000000000800872c      0x2b4 Drivers/STM32F1xx_HAL_Driver/stm32f1xx_hal_gpio.o
                0x000000000800872c                HAL_GPIO_Init
 .text.HAL_GPIO_ReadPin
                0x00000000080089e0       0x2e Drivers/STM32F1xx_HAL_Driver/stm32f1xx_hal_gpio.o
                0x00000000080089e0                HAL_GPIO_ReadPin
 .text.HAL_GPIO_WritePin
                0x0000000008008a0e       0x30 Drivers/STM32F1xx_HAL_Driver/stm32f1xx_hal_gpio.o
                0x0000000008008a0e                HAL_GPIO_WritePin
 .text.HAL_GPIO_TogglePin
                0x0000000008008a3e       0x30 Drivers/STM32F1xx_HAL_Driver/stm32f1xx_hal_gpio.o
                0x0000000008008a3e                HAL_GPIO_TogglePin
 *fill*         0x0000000008008a6e        0x2 
 .text.HAL_I2C_Init
                0x0000000008008a70      0x250 Drivers/STM32F1xx_HAL_Driver/stm32f1xx_hal_i2c.o
                0x0000000008008a70                HAL_I2C_Init
 .text.HAL_I2C_Master_Transmit
                0x0000000008008cc0      0x1fc Drivers/STM32F1xx_HAL_Driver/stm32f1xx_hal_i2c.o
                0x0000000008008cc0                HAL_I2C_Master_Transmit
 .text.HAL_I2C_IsDeviceReady
                0x0000000008008ebc      0x244 Drivers/STM32F1xx_HAL_Driver/stm32f1xx_hal_i2c.o
                0x0000000008008ebc                HAL_I2C_IsDeviceReady
 .text.I2C_MasterRequestWrite
                0x0000000008009100       0xec Drivers/STM32F1xx_HAL_Driver/stm32f1xx_hal_i2c.o
 .text.I2C_WaitOnFlagUntilTimeout
                0x00000000080091ec       0xae Drivers/STM32F1xx_HAL_Driver/stm32f1xx_hal_i2c.o
 .text.I2C_WaitOnMasterAddressFlagUntilTimeout
                0x000000000800929a       0xfe Drivers/STM32F1xx_HAL_Driver/stm32f1xx_hal_i2c.o
 .text.I2C_WaitOnTXEFlagUntilTimeout
                0x0000000008009398       0x82 Drivers/STM32F1xx_HAL_Driver/stm32f1xx_hal_i2c.o
 .text.I2C_WaitOnBTFFlagUntilTimeout
                0x000000000800941a       0x82 Drivers/STM32F1xx_HAL_Driver/stm32f1xx_hal_i2c.o
 .text.I2C_IsAcknowledgeFailed
                0x000000000800949c       0x5c Drivers/STM32F1xx_HAL_Driver/stm32f1xx_hal_i2c.o
 .text.HAL_IWDG_Init
                0x00000000080094f8       0x72 Drivers/STM32F1xx_HAL_Driver/stm32f1xx_hal_iwdg.o
                0x00000000080094f8                HAL_IWDG_Init
 .text.HAL_IWDG_Refresh
                0x000000000800956a       0x1e Drivers/STM32F1xx_HAL_Driver/stm32f1xx_hal_iwdg.o
                0x000000000800956a                HAL_IWDG_Refresh
 .text.HAL_RCC_OscConfig
                0x0000000008009588      0x500 Drivers/STM32F1xx_HAL_Driver/stm32f1xx_hal_rcc.o
                0x0000000008009588                HAL_RCC_OscConfig
 .text.HAL_RCC_ClockConfig
                0x0000000008009a88      0x1d4 Drivers/STM32F1xx_HAL_Driver/stm32f1xx_hal_rcc.o
                0x0000000008009a88                HAL_RCC_ClockConfig
 .text.HAL_RCC_GetSysClockFreq
                0x0000000008009c5c       0xc4 Drivers/STM32F1xx_HAL_Driver/stm32f1xx_hal_rcc.o
                0x0000000008009c5c                HAL_RCC_GetSysClockFreq
 .text.HAL_RCC_GetHCLKFreq
                0x0000000008009d20       0x14 Drivers/STM32F1xx_HAL_Driver/stm32f1xx_hal_rcc.o
                0x0000000008009d20                HAL_RCC_GetHCLKFreq
 .text.HAL_RCC_GetPCLK1Freq
                0x0000000008009d34       0x28 Drivers/STM32F1xx_HAL_Driver/stm32f1xx_hal_rcc.o
                0x0000000008009d34                HAL_RCC_GetPCLK1Freq
 .text.HAL_RCC_GetPCLK2Freq
                0x0000000008009d5c       0x28 Drivers/STM32F1xx_HAL_Driver/stm32f1xx_hal_rcc.o
                0x0000000008009d5c                HAL_RCC_GetPCLK2Freq
 .text.RCC_Delay
                0x0000000008009d84       0x3c Drivers/STM32F1xx_HAL_Driver/stm32f1xx_hal_rcc.o
 .text.HAL_RCCEx_PeriphCLKConfig
                0x0000000008009dc0      0x16c Drivers/STM32F1xx_HAL_Driver/stm32f1xx_hal_rcc_ex.o
                0x0000000008009dc0                HAL_RCCEx_PeriphCLKConfig
 .text.HAL_SPI_Init
                0x0000000008009f2c       0xc2 Drivers/STM32F1xx_HAL_Driver/stm32f1xx_hal_spi.o
                0x0000000008009f2c                HAL_SPI_Init
 .text.HAL_TIM_Base_Init
                0x0000000008009fee       0x56 Drivers/STM32F1xx_HAL_Driver/stm32f1xx_hal_tim.o
                0x0000000008009fee                HAL_TIM_Base_Init
 .text.HAL_TIM_Base_Start_IT
                0x000000000800a044       0x46 Drivers/STM32F1xx_HAL_Driver/stm32f1xx_hal_tim.o
                0x000000000800a044                HAL_TIM_Base_Start_IT
 .text.HAL_TIM_IRQHandler
                0x000000000800a08a      0x210 Drivers/STM32F1xx_HAL_Driver/stm32f1xx_hal_tim.o
                0x000000000800a08a                HAL_TIM_IRQHandler
 .text.HAL_TIM_ConfigClockSource
                0x000000000800a29a      0x16e Drivers/STM32F1xx_HAL_Driver/stm32f1xx_hal_tim.o
                0x000000000800a29a                HAL_TIM_ConfigClockSource
 .text.HAL_TIM_PeriodElapsedCallback
                0x000000000800a408       0x12 Drivers/STM32F1xx_HAL_Driver/stm32f1xx_hal_tim.o
                0x000000000800a408                HAL_TIM_PeriodElapsedCallback
 .text.HAL_TIM_OC_DelayElapsedCallback
                0x000000000800a41a       0x12 Drivers/STM32F1xx_HAL_Driver/stm32f1xx_hal_tim.o
                0x000000000800a41a                HAL_TIM_OC_DelayElapsedCallback
 .text.HAL_TIM_IC_CaptureCallback
                0x000000000800a42c       0x12 Drivers/STM32F1xx_HAL_Driver/stm32f1xx_hal_tim.o
                0x000000000800a42c                HAL_TIM_IC_CaptureCallback
 .text.HAL_TIM_PWM_PulseFinishedCallback
                0x000000000800a43e       0x12 Drivers/STM32F1xx_HAL_Driver/stm32f1xx_hal_tim.o
                0x000000000800a43e                HAL_TIM_PWM_PulseFinishedCallback
 .text.HAL_TIM_TriggerCallback
                0x000000000800a450       0x12 Drivers/STM32F1xx_HAL_Driver/stm32f1xx_hal_tim.o
                0x000000000800a450                HAL_TIM_TriggerCallback
 *fill*         0x000000000800a462        0x2 
 .text.TIM_Base_SetConfig
                0x000000000800a464       0xc4 Drivers/STM32F1xx_HAL_Driver/stm32f1xx_hal_tim.o
                0x000000000800a464                TIM_Base_SetConfig
 .text.TIM_TI1_ConfigInputStage
                0x000000000800a528       0x5c Drivers/STM32F1xx_HAL_Driver/stm32f1xx_hal_tim.o
 .text.TIM_TI2_ConfigInputStage
                0x000000000800a584       0x5e Drivers/STM32F1xx_HAL_Driver/stm32f1xx_hal_tim.o
 .text.TIM_ITRx_SetConfig
                0x000000000800a5e2       0x34 Drivers/STM32F1xx_HAL_Driver/stm32f1xx_hal_tim.o
 .text.TIM_ETR_SetConfig
                0x000000000800a616       0x3e Drivers/STM32F1xx_HAL_Driver/stm32f1xx_hal_tim.o
                0x000000000800a616                TIM_ETR_SetConfig
 .text.HAL_TIMEx_MasterConfigSynchronization
                0x000000000800a654       0x88 Drivers/STM32F1xx_HAL_Driver/stm32f1xx_hal_tim_ex.o
                0x000000000800a654                HAL_TIMEx_MasterConfigSynchronization
 .text.HAL_TIMEx_CommutCallback
                0x000000000800a6dc       0x12 Drivers/STM32F1xx_HAL_Driver/stm32f1xx_hal_tim_ex.o
                0x000000000800a6dc                HAL_TIMEx_CommutCallback
 .text.HAL_TIMEx_BreakCallback
                0x000000000800a6ee       0x12 Drivers/STM32F1xx_HAL_Driver/stm32f1xx_hal_tim_ex.o
                0x000000000800a6ee                HAL_TIMEx_BreakCallback
 .text.HAL_UART_Init
                0x000000000800a700       0x9a Drivers/STM32F1xx_HAL_Driver/stm32f1xx_hal_uart.o
                0x000000000800a700                HAL_UART_Init
 *fill*         0x000000000800a79a        0x2 
 .text.UART_SetConfig
                0x000000000800a79c      0x1b4 Drivers/STM32F1xx_HAL_Driver/stm32f1xx_hal_uart.o
 .text.__errno  0x000000000800a950        0xc c:/st/stm32cubeide_1.3.0/stm32cubeide/plugins/com.st.stm32cube.ide.mcu.externaltools.gnu-tools-for-stm32.7-2018-q2-update.win32_1.4.0.202007081208/tools/bin/../lib/gcc/arm-none-eabi/7.3.1/../../../../arm-none-eabi/lib/thumb/v7-m\libc_nano.a(lib_a-errno.o)
                0x000000000800a950                __errno
 .text.__libc_init_array
                0x000000000800a95c       0x48 c:/st/stm32cubeide_1.3.0/stm32cubeide/plugins/com.st.stm32cube.ide.mcu.externaltools.gnu-tools-for-stm32.7-2018-q2-update.win32_1.4.0.202007081208/tools/bin/../lib/gcc/arm-none-eabi/7.3.1/../../../../arm-none-eabi/lib/thumb/v7-m\libc_nano.a(lib_a-init.o)
                0x000000000800a95c                __libc_init_array
 .text.__itoa   0x000000000800a9a4       0x30 c:/st/stm32cubeide_1.3.0/stm32cubeide/plugins/com.st.stm32cube.ide.mcu.externaltools.gnu-tools-for-stm32.7-2018-q2-update.win32_1.4.0.202007081208/tools/bin/../lib/gcc/arm-none-eabi/7.3.1/../../../../arm-none-eabi/lib/thumb/v7-m\libc_nano.a(lib_a-itoa.o)
                0x000000000800a9a4                __itoa
 .text.itoa     0x000000000800a9d4        0x4 c:/st/stm32cubeide_1.3.0/stm32cubeide/plugins/com.st.stm32cube.ide.mcu.externaltools.gnu-tools-for-stm32.7-2018-q2-update.win32_1.4.0.202007081208/tools/bin/../lib/gcc/arm-none-eabi/7.3.1/../../../../arm-none-eabi/lib/thumb/v7-m\libc_nano.a(lib_a-itoa.o)
                0x000000000800a9d4                itoa
 .text.__locale_ctype_ptr
                0x000000000800a9d8       0x1c c:/st/stm32cubeide_1.3.0/stm32cubeide/plugins/com.st.stm32cube.ide.mcu.externaltools.gnu-tools-for-stm32.7-2018-q2-update.win32_1.4.0.202007081208/tools/bin/../lib/gcc/arm-none-eabi/7.3.1/../../../../arm-none-eabi/lib/thumb/v7-m\libc_nano.a(lib_a-locale.o)
                0x000000000800a9d8                __locale_ctype_ptr
 .text.__ascii_mbtowc
                0x000000000800a9f4       0x24 c:/st/stm32cubeide_1.3.0/stm32cubeide/plugins/com.st.stm32cube.ide.mcu.externaltools.gnu-tools-for-stm32.7-2018-q2-update.win32_1.4.0.202007081208/tools/bin/../lib/gcc/arm-none-eabi/7.3.1/../../../../arm-none-eabi/lib/thumb/v7-m\libc_nano.a(lib_a-mbtowc_r.o)
                0x000000000800a9f4                __ascii_mbtowc
 .text.memset   0x000000000800aa18       0x10 c:/st/stm32cubeide_1.3.0/stm32cubeide/plugins/com.st.stm32cube.ide.mcu.externaltools.gnu-tools-for-stm32.7-2018-q2-update.win32_1.4.0.202007081208/tools/bin/../lib/gcc/arm-none-eabi/7.3.1/../../../../arm-none-eabi/lib/thumb/v7-m\libc_nano.a(lib_a-memset.o)
                0x000000000800aa18                memset
 .text.__cvt    0x000000000800aa28       0xb8 c:/st/stm32cubeide_1.3.0/stm32cubeide/plugins/com.st.stm32cube.ide.mcu.externaltools.gnu-tools-for-stm32.7-2018-q2-update.win32_1.4.0.202007081208/tools/bin/../lib/gcc/arm-none-eabi/7.3.1/../../../../arm-none-eabi/lib/thumb/v7-m\libc_nano.a(lib_a-nano-vfprintf_float.o)
                0x000000000800aa28                __cvt
 .text.__exponent
                0x000000000800aae0       0x6a c:/st/stm32cubeide_1.3.0/stm32cubeide/plugins/com.st.stm32cube.ide.mcu.externaltools.gnu-tools-for-stm32.7-2018-q2-update.win32_1.4.0.202007081208/tools/bin/../lib/gcc/arm-none-eabi/7.3.1/../../../../arm-none-eabi/lib/thumb/v7-m\libc_nano.a(lib_a-nano-vfprintf_float.o)
                0x000000000800aae0                __exponent
 *fill*         0x000000000800ab4a        0x2 
 .text._printf_float
                0x000000000800ab4c      0x46c c:/st/stm32cubeide_1.3.0/stm32cubeide/plugins/com.st.stm32cube.ide.mcu.externaltools.gnu-tools-for-stm32.7-2018-q2-update.win32_1.4.0.202007081208/tools/bin/../lib/gcc/arm-none-eabi/7.3.1/../../../../arm-none-eabi/lib/thumb/v7-m\libc_nano.a(lib_a-nano-vfprintf_float.o)
                0x000000000800ab4c                _printf_float
 .text._printf_common
                0x000000000800afb8       0xec c:/st/stm32cubeide_1.3.0/stm32cubeide/plugins/com.st.stm32cube.ide.mcu.externaltools.gnu-tools-for-stm32.7-2018-q2-update.win32_1.4.0.202007081208/tools/bin/../lib/gcc/arm-none-eabi/7.3.1/../../../../arm-none-eabi/lib/thumb/v7-m\libc_nano.a(lib_a-nano-vfprintf_i.o)
                0x000000000800afb8                _printf_common
 .text._printf_i
                0x000000000800b0a4      0x224 c:/st/stm32cubeide_1.3.0/stm32cubeide/plugins/com.st.stm32cube.ide.mcu.externaltools.gnu-tools-for-stm32.7-2018-q2-update.win32_1.4.0.202007081208/tools/bin/../lib/gcc/arm-none-eabi/7.3.1/../../../../arm-none-eabi/lib/thumb/v7-m\libc_nano.a(lib_a-nano-vfprintf_i.o)
                0x000000000800b0a4                _printf_i
 .text.sprintf  0x000000000800b2c8       0x40 c:/st/stm32cubeide_1.3.0/stm32cubeide/plugins/com.st.stm32cube.ide.mcu.externaltools.gnu-tools-for-stm32.7-2018-q2-update.win32_1.4.0.202007081208/tools/bin/../lib/gcc/arm-none-eabi/7.3.1/../../../../arm-none-eabi/lib/thumb/v7-m\libc_nano.a(lib_a-sprintf.o)
                0x000000000800b2c8                siprintf
                0x000000000800b2c8                sprintf
 .text.__utoa   0x000000000800b308       0x7c c:/st/stm32cubeide_1.3.0/stm32cubeide/plugins/com.st.stm32cube.ide.mcu.externaltools.gnu-tools-for-stm32.7-2018-q2-update.win32_1.4.0.202007081208/tools/bin/../lib/gcc/arm-none-eabi/7.3.1/../../../../arm-none-eabi/lib/thumb/v7-m\libc_nano.a(lib_a-utoa.o)
                0x000000000800b308                __utoa
 .text.__ascii_wctomb
                0x000000000800b384       0x1a c:/st/stm32cubeide_1.3.0/stm32cubeide/plugins/com.st.stm32cube.ide.mcu.externaltools.gnu-tools-for-stm32.7-2018-q2-update.win32_1.4.0.202007081208/tools/bin/../lib/gcc/arm-none-eabi/7.3.1/../../../../arm-none-eabi/lib/thumb/v7-m\libc_nano.a(lib_a-wctomb_r.o)
                0x000000000800b384                __ascii_wctomb
 .text.quorem   0x000000000800b39e      0x11c c:/st/stm32cubeide_1.3.0/stm32cubeide/plugins/com.st.stm32cube.ide.mcu.externaltools.gnu-tools-for-stm32.7-2018-q2-update.win32_1.4.0.202007081208/tools/bin/../lib/gcc/arm-none-eabi/7.3.1/../../../../arm-none-eabi/lib/thumb/v7-m\libc_nano.a(lib_a-dtoa.o)
 *fill*         0x000000000800b4ba        0x6 
 .text._dtoa_r  0x000000000800b4c0      0xb68 c:/st/stm32cubeide_1.3.0/stm32cubeide/plugins/com.st.stm32cube.ide.mcu.externaltools.gnu-tools-for-stm32.7-2018-q2-update.win32_1.4.0.202007081208/tools/bin/../lib/gcc/arm-none-eabi/7.3.1/../../../../arm-none-eabi/lib/thumb/v7-m\libc_nano.a(lib_a-dtoa.o)
                0x000000000800b4c0                _dtoa_r
 .text._localeconv_r
                0x000000000800c028       0x1c c:/st/stm32cubeide_1.3.0/stm32cubeide/plugins/com.st.stm32cube.ide.mcu.externaltools.gnu-tools-for-stm32.7-2018-q2-update.win32_1.4.0.202007081208/tools/bin/../lib/gcc/arm-none-eabi/7.3.1/../../../../arm-none-eabi/lib/thumb/v7-m\libc_nano.a(lib_a-localeconv.o)
                0x000000000800c028                _localeconv_r
 .text.malloc   0x000000000800c044       0x10 c:/st/stm32cubeide_1.3.0/stm32cubeide/plugins/com.st.stm32cube.ide.mcu.externaltools.gnu-tools-for-stm32.7-2018-q2-update.win32_1.4.0.202007081208/tools/bin/../lib/gcc/arm-none-eabi/7.3.1/../../../../arm-none-eabi/lib/thumb/v7-m\libc_nano.a(lib_a-malloc.o)
                0x000000000800c044                malloc
 .text.memchr   0x000000000800c054       0x1c c:/st/stm32cubeide_1.3.0/stm32cubeide/plugins/com.st.stm32cube.ide.mcu.externaltools.gnu-tools-for-stm32.7-2018-q2-update.win32_1.4.0.202007081208/tools/bin/../lib/gcc/arm-none-eabi/7.3.1/../../../../arm-none-eabi/lib/thumb/v7-m\libc_nano.a(lib_a-memchr-stub.o)
                0x000000000800c054                memchr
 .text.memcpy   0x000000000800c070       0x16 c:/st/stm32cubeide_1.3.0/stm32cubeide/plugins/com.st.stm32cube.ide.mcu.externaltools.gnu-tools-for-stm32.7-2018-q2-update.win32_1.4.0.202007081208/tools/bin/../lib/gcc/arm-none-eabi/7.3.1/../../../../arm-none-eabi/lib/thumb/v7-m\libc_nano.a(lib_a-memcpy-stub.o)
                0x000000000800c070                memcpy
 .text._Balloc  0x000000000800c086       0x68 c:/st/stm32cubeide_1.3.0/stm32cubeide/plugins/com.st.stm32cube.ide.mcu.externaltools.gnu-tools-for-stm32.7-2018-q2-update.win32_1.4.0.202007081208/tools/bin/../lib/gcc/arm-none-eabi/7.3.1/../../../../arm-none-eabi/lib/thumb/v7-m\libc_nano.a(lib_a-mprec.o)
                0x000000000800c086                _Balloc
 .text._Bfree   0x000000000800c0ee       0x2e c:/st/stm32cubeide_1.3.0/stm32cubeide/plugins/com.st.stm32cube.ide.mcu.externaltools.gnu-tools-for-stm32.7-2018-q2-update.win32_1.4.0.202007081208/tools/bin/../lib/gcc/arm-none-eabi/7.3.1/../../../../arm-none-eabi/lib/thumb/v7-m\libc_nano.a(lib_a-mprec.o)
                0x000000000800c0ee                _Bfree
 .text.__multadd
                0x000000000800c11c       0x76 c:/st/stm32cubeide_1.3.0/stm32cubeide/plugins/com.st.stm32cube.ide.mcu.externaltools.gnu-tools-for-stm32.7-2018-q2-update.win32_1.4.0.202007081208/tools/bin/../lib/gcc/arm-none-eabi/7.3.1/../../../../arm-none-eabi/lib/thumb/v7-m\libc_nano.a(lib_a-mprec.o)
                0x000000000800c11c                __multadd
 .text.__hi0bits
                0x000000000800c192       0x3e c:/st/stm32cubeide_1.3.0/stm32cubeide/plugins/com.st.stm32cube.ide.mcu.externaltools.gnu-tools-for-stm32.7-2018-q2-update.win32_1.4.0.202007081208/tools/bin/../lib/gcc/arm-none-eabi/7.3.1/../../../../arm-none-eabi/lib/thumb/v7-m\libc_nano.a(lib_a-mprec.o)
                0x000000000800c192                __hi0bits
 .text.__lo0bits
                0x000000000800c1d0       0x5e c:/st/stm32cubeide_1.3.0/stm32cubeide/plugins/com.st.stm32cube.ide.mcu.externaltools.gnu-tools-for-stm32.7-2018-q2-update.win32_1.4.0.202007081208/tools/bin/../lib/gcc/arm-none-eabi/7.3.1/../../../../arm-none-eabi/lib/thumb/v7-m\libc_nano.a(lib_a-mprec.o)
                0x000000000800c1d0                __lo0bits
 .text.__i2b    0x000000000800c22e       0x12 c:/st/stm32cubeide_1.3.0/stm32cubeide/plugins/com.st.stm32cube.ide.mcu.externaltools.gnu-tools-for-stm32.7-2018-q2-update.win32_1.4.0.202007081208/tools/bin/../lib/gcc/arm-none-eabi/7.3.1/../../../../arm-none-eabi/lib/thumb/v7-m\libc_nano.a(lib_a-mprec.o)
                0x000000000800c22e                __i2b
 .text.__multiply
                0x000000000800c240      0x12a c:/st/stm32cubeide_1.3.0/stm32cubeide/plugins/com.st.stm32cube.ide.mcu.externaltools.gnu-tools-for-stm32.7-2018-q2-update.win32_1.4.0.202007081208/tools/bin/../lib/gcc/arm-none-eabi/7.3.1/../../../../arm-none-eabi/lib/thumb/v7-m\libc_nano.a(lib_a-mprec.o)
                0x000000000800c240                __multiply
 *fill*         0x000000000800c36a        0x2 
 .text.__pow5mult
                0x000000000800c36c       0x9c c:/st/stm32cubeide_1.3.0/stm32cubeide/plugins/com.st.stm32cube.ide.mcu.externaltools.gnu-tools-for-stm32.7-2018-q2-update.win32_1.4.0.202007081208/tools/bin/../lib/gcc/arm-none-eabi/7.3.1/../../../../arm-none-eabi/lib/thumb/v7-m\libc_nano.a(lib_a-mprec.o)
                0x000000000800c36c                __pow5mult
 .text.__lshift
                0x000000000800c408       0xa8 c:/st/stm32cubeide_1.3.0/stm32cubeide/plugins/com.st.stm32cube.ide.mcu.externaltools.gnu-tools-for-stm32.7-2018-q2-update.win32_1.4.0.202007081208/tools/bin/../lib/gcc/arm-none-eabi/7.3.1/../../../../arm-none-eabi/lib/thumb/v7-m\libc_nano.a(lib_a-mprec.o)
                0x000000000800c408                __lshift
 .text.__mcmp   0x000000000800c4b0       0x34 c:/st/stm32cubeide_1.3.0/stm32cubeide/plugins/com.st.stm32cube.ide.mcu.externaltools.gnu-tools-for-stm32.7-2018-q2-update.win32_1.4.0.202007081208/tools/bin/../lib/gcc/arm-none-eabi/7.3.1/../../../../arm-none-eabi/lib/thumb/v7-m\libc_nano.a(lib_a-mprec.o)
                0x000000000800c4b0                __mcmp
 .text.__mdiff  0x000000000800c4e4       0xbc c:/st/stm32cubeide_1.3.0/stm32cubeide/plugins/com.st.stm32cube.ide.mcu.externaltools.gnu-tools-for-stm32.7-2018-q2-update.win32_1.4.0.202007081208/tools/bin/../lib/gcc/arm-none-eabi/7.3.1/../../../../arm-none-eabi/lib/thumb/v7-m\libc_nano.a(lib_a-mprec.o)
                0x000000000800c4e4                __mdiff
 .text.__d2b    0x000000000800c5a0       0x9e c:/st/stm32cubeide_1.3.0/stm32cubeide/plugins/com.st.stm32cube.ide.mcu.externaltools.gnu-tools-for-stm32.7-2018-q2-update.win32_1.4.0.202007081208/tools/bin/../lib/gcc/arm-none-eabi/7.3.1/../../../../arm-none-eabi/lib/thumb/v7-m\libc_nano.a(lib_a-mprec.o)
                0x000000000800c5a0                __d2b
 .text._calloc_r
                0x000000000800c63e       0x1c c:/st/stm32cubeide_1.3.0/stm32cubeide/plugins/com.st.stm32cube.ide.mcu.externaltools.gnu-tools-for-stm32.7-2018-q2-update.win32_1.4.0.202007081208/tools/bin/../lib/gcc/arm-none-eabi/7.3.1/../../../../arm-none-eabi/lib/thumb/v7-m\libc_nano.a(lib_a-nano-callocr.o)
                0x000000000800c63e                _calloc_r
 *fill*         0x000000000800c65a        0x2 
 .text._free_r  0x000000000800c65c       0x98 c:/st/stm32cubeide_1.3.0/stm32cubeide/plugins/com.st.stm32cube.ide.mcu.externaltools.gnu-tools-for-stm32.7-2018-q2-update.win32_1.4.0.202007081208/tools/bin/../lib/gcc/arm-none-eabi/7.3.1/../../../../arm-none-eabi/lib/thumb/v7-m\libc_nano.a(lib_a-nano-freer.o)
                0x000000000800c65c                _free_r
 .text._malloc_r
                0x000000000800c6f4       0xb4 c:/st/stm32cubeide_1.3.0/stm32cubeide/plugins/com.st.stm32cube.ide.mcu.externaltools.gnu-tools-for-stm32.7-2018-q2-update.win32_1.4.0.202007081208/tools/bin/../lib/gcc/arm-none-eabi/7.3.1/../../../../arm-none-eabi/lib/thumb/v7-m\libc_nano.a(lib_a-nano-mallocr.o)
                0x000000000800c6f4                _malloc_r
 .text.__ssputs_r
                0x000000000800c7a8       0xb4 c:/st/stm32cubeide_1.3.0/stm32cubeide/plugins/com.st.stm32cube.ide.mcu.externaltools.gnu-tools-for-stm32.7-2018-q2-update.win32_1.4.0.202007081208/tools/bin/../lib/gcc/arm-none-eabi/7.3.1/../../../../arm-none-eabi/lib/thumb/v7-m\libc_nano.a(lib_a-nano-svfprintf.o)
                0x000000000800c7a8                __ssputs_r
 .text._svfprintf_r
                0x000000000800c85c      0x1f0 c:/st/stm32cubeide_1.3.0/stm32cubeide/plugins/com.st.stm32cube.ide.mcu.externaltools.gnu-tools-for-stm32.7-2018-q2-update.win32_1.4.0.202007081208/tools/bin/../lib/gcc/arm-none-eabi/7.3.1/../../../../arm-none-eabi/lib/thumb/v7-m\libc_nano.a(lib_a-nano-svfprintf.o)
                0x000000000800c85c                _svfiprintf_r
                0x000000000800c85c                _svfprintf_r
 .text._sbrk_r  0x000000000800ca4c       0x20 c:/st/stm32cubeide_1.3.0/stm32cubeide/plugins/com.st.stm32cube.ide.mcu.externaltools.gnu-tools-for-stm32.7-2018-q2-update.win32_1.4.0.202007081208/tools/bin/../lib/gcc/arm-none-eabi/7.3.1/../../../../arm-none-eabi/lib/thumb/v7-m\libc_nano.a(lib_a-sbrkr.o)
                0x000000000800ca4c                _sbrk_r
 .text.memmove  0x000000000800ca6c       0x32 c:/st/stm32cubeide_1.3.0/stm32cubeide/plugins/com.st.stm32cube.ide.mcu.externaltools.gnu-tools-for-stm32.7-2018-q2-update.win32_1.4.0.202007081208/tools/bin/../lib/gcc/arm-none-eabi/7.3.1/../../../../arm-none-eabi/lib/thumb/v7-m\libc_nano.a(lib_a-memmove.o)
                0x000000000800ca6c                memmove
 .text.__malloc_lock
                0x000000000800ca9e        0x2 c:/st/stm32cubeide_1.3.0/stm32cubeide/plugins/com.st.stm32cube.ide.mcu.externaltools.gnu-tools-for-stm32.7-2018-q2-update.win32_1.4.0.202007081208/tools/bin/../lib/gcc/arm-none-eabi/7.3.1/../../../../arm-none-eabi/lib/thumb/v7-m\libc_nano.a(lib_a-mlock.o)
                0x000000000800ca9e                __malloc_lock
 .text.__malloc_unlock
                0x000000000800caa0        0x2 c:/st/stm32cubeide_1.3.0/stm32cubeide/plugins/com.st.stm32cube.ide.mcu.externaltools.gnu-tools-for-stm32.7-2018-q2-update.win32_1.4.0.202007081208/tools/bin/../lib/gcc/arm-none-eabi/7.3.1/../../../../arm-none-eabi/lib/thumb/v7-m\libc_nano.a(lib_a-mlock.o)
                0x000000000800caa0                __malloc_unlock
 .text._realloc_r
                0x000000000800caa2       0x4c c:/st/stm32cubeide_1.3.0/stm32cubeide/plugins/com.st.stm32cube.ide.mcu.externaltools.gnu-tools-for-stm32.7-2018-q2-update.win32_1.4.0.202007081208/tools/bin/../lib/gcc/arm-none-eabi/7.3.1/../../../../arm-none-eabi/lib/thumb/v7-m\libc_nano.a(lib_a-nano-reallocr.o)
                0x000000000800caa2                _realloc_r
 .text._malloc_usable_size_r
                0x000000000800caee       0x10 c:/st/stm32cubeide_1.3.0/stm32cubeide/plugins/com.st.stm32cube.ide.mcu.externaltools.gnu-tools-for-stm32.7-2018-q2-update.win32_1.4.0.202007081208/tools/bin/../lib/gcc/arm-none-eabi/7.3.1/../../../../arm-none-eabi/lib/thumb/v7-m\libc_nano.a(lib_a-nano-msizer.o)
                0x000000000800caee                _malloc_usable_size_r
 *fill*         0x000000000800cafe        0x2 
 .text.log      0x000000000800cb00       0xf4 c:/st/stm32cubeide_1.3.0/stm32cubeide/plugins/com.st.stm32cube.ide.mcu.externaltools.gnu-tools-for-stm32.7-2018-q2-update.win32_1.4.0.202007081208/tools/bin/../lib/gcc/arm-none-eabi/7.3.1/../../../../arm-none-eabi/lib/thumb/v7-m\libm.a(lib_a-w_log.o)
                0x000000000800cb00                log
 *fill*         0x000000000800cbf4        0x4 
 .text.__ieee754_log
                0x000000000800cbf8      0x364 c:/st/stm32cubeide_1.3.0/stm32cubeide/plugins/com.st.stm32cube.ide.mcu.externaltools.gnu-tools-for-stm32.7-2018-q2-update.win32_1.4.0.202007081208/tools/bin/../lib/gcc/arm-none-eabi/7.3.1/../../../../arm-none-eabi/lib/thumb/v7-m\libm.a(lib_a-e_log.o)
                0x000000000800cbf8                __ieee754_log
 .text.matherr  0x000000000800cf5c        0x4 c:/st/stm32cubeide_1.3.0/stm32cubeide/plugins/com.st.stm32cube.ide.mcu.externaltools.gnu-tools-for-stm32.7-2018-q2-update.win32_1.4.0.202007081208/tools/bin/../lib/gcc/arm-none-eabi/7.3.1/../../../../arm-none-eabi/lib/thumb/v7-m\libm.a(lib_a-s_matherr.o)
                0x000000000800cf5c                matherr
 .text.nan      0x000000000800cf60        0xc c:/st/stm32cubeide_1.3.0/stm32cubeide/plugins/com.st.stm32cube.ide.mcu.externaltools.gnu-tools-for-stm32.7-2018-q2-update.win32_1.4.0.202007081208/tools/bin/../lib/gcc/arm-none-eabi/7.3.1/../../../../arm-none-eabi/lib/thumb/v7-m\libm.a(lib_a-s_nan.o)
                0x000000000800cf60                nan
 *(.glue_7)
 .glue_7        0x000000000800cf6c        0x0 linker stubs
 *(.glue_7t)
 .glue_7t       0x000000000800cf6c        0x0 linker stubs
 *(.eh_frame)
 .eh_frame      0x000000000800cf6c        0x0 c:/st/stm32cubeide_1.3.0/stm32cubeide/plugins/com.st.stm32cube.ide.mcu.externaltools.gnu-tools-for-stm32.7-2018-q2-update.win32_1.4.0.202007081208/tools/bin/../lib/gcc/arm-none-eabi/7.3.1/thumb/v7-m/crtbegin.o
 *(.init)
 .init          0x000000000800cf6c        0x4 c:/st/stm32cubeide_1.3.0/stm32cubeide/plugins/com.st.stm32cube.ide.mcu.externaltools.gnu-tools-for-stm32.7-2018-q2-update.win32_1.4.0.202007081208/tools/bin/../lib/gcc/arm-none-eabi/7.3.1/thumb/v7-m/crti.o
                0x000000000800cf6c                _init
 .init          0x000000000800cf70        0x8 c:/st/stm32cubeide_1.3.0/stm32cubeide/plugins/com.st.stm32cube.ide.mcu.externaltools.gnu-tools-for-stm32.7-2018-q2-update.win32_1.4.0.202007081208/tools/bin/../lib/gcc/arm-none-eabi/7.3.1/thumb/v7-m/crtn.o
 *(.fini)
 .fini          0x000000000800cf78        0x4 c:/st/stm32cubeide_1.3.0/stm32cubeide/plugins/com.st.stm32cube.ide.mcu.externaltools.gnu-tools-for-stm32.7-2018-q2-update.win32_1.4.0.202007081208/tools/bin/../lib/gcc/arm-none-eabi/7.3.1/thumb/v7-m/crti.o
                0x000000000800cf78                _fini
 .fini          0x000000000800cf7c        0x8 c:/st/stm32cubeide_1.3.0/stm32cubeide/plugins/com.st.stm32cube.ide.mcu.externaltools.gnu-tools-for-stm32.7-2018-q2-update.win32_1.4.0.202007081208/tools/bin/../lib/gcc/arm-none-eabi/7.3.1/thumb/v7-m/crtn.o
                0x000000000800cf84                . = ALIGN (0x4)
                0x000000000800cf84                _etext = .

.vfp11_veneer   0x000000000800cf84        0x0
 .vfp11_veneer  0x000000000800cf84        0x0 linker stubs

.v4_bx          0x000000000800cf84        0x0
 .v4_bx         0x000000000800cf84        0x0 linker stubs

.iplt           0x000000000800cf84        0x0
 .iplt          0x000000000800cf84        0x0 c:/st/stm32cubeide_1.3.0/stm32cubeide/plugins/com.st.stm32cube.ide.mcu.externaltools.gnu-tools-for-stm32.7-2018-q2-update.win32_1.4.0.202007081208/tools/bin/../lib/gcc/arm-none-eabi/7.3.1/thumb/v7-m/crtbegin.o

.rodata         0x000000000800cf88      0xd2c
                0x000000000800cf88                . = ALIGN (0x4)
 *(.rodata)
 .rodata        0x000000000800cf88      0x106 Core/Src/main.o
 *fill*         0x000000000800d08e        0x2 
 .rodata        0x000000000800d090       0x12 Drivers/STM32F1xx_HAL_Driver/stm32f1xx_hal_rcc.o
 *(.rodata*)
 *fill*         0x000000000800d0a2        0x2 
 .rodata.Font7x10
                0x000000000800d0a4      0x76c Core/Src/fonts.o
                0x000000000800d0a4                Font7x10
 .rodata.crc15Table
                0x000000000800d810      0x200 Core/Src/powermeter_ade7880.o
                0x000000000800d810                crc15Table
 .rodata.AHBPrescTable
                0x000000000800da10       0x10 Core/Src/system_stm32f1xx.o
                0x000000000800da10                AHBPrescTable
 .rodata.APBPrescTable
                0x000000000800da20        0x8 Core/Src/system_stm32f1xx.o
                0x000000000800da20                APBPrescTable
 .rodata._setlocale_r.str1.1
                0x000000000800da28        0x8 c:/st/stm32cubeide_1.3.0/stm32cubeide/plugins/com.st.stm32cube.ide.mcu.externaltools.gnu-tools-for-stm32.7-2018-q2-update.win32_1.4.0.202007081208/tools/bin/../lib/gcc/arm-none-eabi/7.3.1/../../../../arm-none-eabi/lib/thumb/v7-m\libc_nano.a(lib_a-locale.o)
                                          0x9 (size before relaxing)
 .rodata.str1.1
                0x000000000800da30        0x2 c:/st/stm32cubeide_1.3.0/stm32cubeide/plugins/com.st.stm32cube.ide.mcu.externaltools.gnu-tools-for-stm32.7-2018-q2-update.win32_1.4.0.202007081208/tools/bin/../lib/gcc/arm-none-eabi/7.3.1/../../../../arm-none-eabi/lib/thumb/v7-m\libc_nano.a(lib_a-locale.o)
 .rodata._printf_float.str1.1
                0x000000000800da32       0x12 c:/st/stm32cubeide_1.3.0/stm32cubeide/plugins/com.st.stm32cube.ide.mcu.externaltools.gnu-tools-for-stm32.7-2018-q2-update.win32_1.4.0.202007081208/tools/bin/../lib/gcc/arm-none-eabi/7.3.1/../../../../arm-none-eabi/lib/thumb/v7-m\libc_nano.a(lib_a-nano-vfprintf_float.o)
 .rodata._printf_i.str1.1
                0x000000000800da44       0x22 c:/st/stm32cubeide_1.3.0/stm32cubeide/plugins/com.st.stm32cube.ide.mcu.externaltools.gnu-tools-for-stm32.7-2018-q2-update.win32_1.4.0.202007081208/tools/bin/../lib/gcc/arm-none-eabi/7.3.1/../../../../arm-none-eabi/lib/thumb/v7-m\libc_nano.a(lib_a-nano-vfprintf_i.o)
 .rodata.__utoa.str1.1
                0x000000000800da66       0x25 c:/st/stm32cubeide_1.3.0/stm32cubeide/plugins/com.st.stm32cube.ide.mcu.externaltools.gnu-tools-for-stm32.7-2018-q2-update.win32_1.4.0.202007081208/tools/bin/../lib/gcc/arm-none-eabi/7.3.1/../../../../arm-none-eabi/lib/thumb/v7-m\libc_nano.a(lib_a-utoa.o)
 .rodata._ctype_
                0x000000000800da8b      0x101 c:/st/stm32cubeide_1.3.0/stm32cubeide/plugins/com.st.stm32cube.ide.mcu.externaltools.gnu-tools-for-stm32.7-2018-q2-update.win32_1.4.0.202007081208/tools/bin/../lib/gcc/arm-none-eabi/7.3.1/../../../../arm-none-eabi/lib/thumb/v7-m\libc_nano.a(lib_a-ctype_.o)
                0x000000000800da8b                _ctype_
 .rodata._dtoa_r.str1.1
                0x000000000800db8c        0xd c:/st/stm32cubeide_1.3.0/stm32cubeide/plugins/com.st.stm32cube.ide.mcu.externaltools.gnu-tools-for-stm32.7-2018-q2-update.win32_1.4.0.202007081208/tools/bin/../lib/gcc/arm-none-eabi/7.3.1/../../../../arm-none-eabi/lib/thumb/v7-m\libc_nano.a(lib_a-dtoa.o)
                                          0xf (size before relaxing)
 *fill*         0x000000000800db99        0x7 
 .rodata.__mprec_bigtens
                0x000000000800dba0       0x28 c:/st/stm32cubeide_1.3.0/stm32cubeide/plugins/com.st.stm32cube.ide.mcu.externaltools.gnu-tools-for-stm32.7-2018-q2-update.win32_1.4.0.202007081208/tools/bin/../lib/gcc/arm-none-eabi/7.3.1/../../../../arm-none-eabi/lib/thumb/v7-m\libc_nano.a(lib_a-mprec.o)
                0x000000000800dba0                __mprec_bigtens
 .rodata.__mprec_tens
                0x000000000800dbc8       0xc8 c:/st/stm32cubeide_1.3.0/stm32cubeide/plugins/com.st.stm32cube.ide.mcu.externaltools.gnu-tools-for-stm32.7-2018-q2-update.win32_1.4.0.202007081208/tools/bin/../lib/gcc/arm-none-eabi/7.3.1/../../../../arm-none-eabi/lib/thumb/v7-m\libc_nano.a(lib_a-mprec.o)
                0x000000000800dbc8                __mprec_tens
 .rodata.p05.6084
                0x000000000800dc90        0xc c:/st/stm32cubeide_1.3.0/stm32cubeide/plugins/com.st.stm32cube.ide.mcu.externaltools.gnu-tools-for-stm32.7-2018-q2-update.win32_1.4.0.202007081208/tools/bin/../lib/gcc/arm-none-eabi/7.3.1/../../../../arm-none-eabi/lib/thumb/v7-m\libc_nano.a(lib_a-mprec.o)
 .rodata._svfprintf_r.str1.1
                0x000000000800dc9c       0x11 c:/st/stm32cubeide_1.3.0/stm32cubeide/plugins/com.st.stm32cube.ide.mcu.externaltools.gnu-tools-for-stm32.7-2018-q2-update.win32_1.4.0.202007081208/tools/bin/../lib/gcc/arm-none-eabi/7.3.1/../../../../arm-none-eabi/lib/thumb/v7-m\libc_nano.a(lib_a-nano-svfprintf.o)
 .rodata.log.str1.1
                0x000000000800dcad        0x4 c:/st/stm32cubeide_1.3.0/stm32cubeide/plugins/com.st.stm32cube.ide.mcu.externaltools.gnu-tools-for-stm32.7-2018-q2-update.win32_1.4.0.202007081208/tools/bin/../lib/gcc/arm-none-eabi/7.3.1/../../../../arm-none-eabi/lib/thumb/v7-m\libm.a(lib_a-w_log.o)
                                          0x5 (size before relaxing)
                0x000000000800dcb4                . = ALIGN (0x4)
 *fill*         0x000000000800dcb1        0x3 

.rel.dyn        0x000000000800dcb4        0x0
 .rel.iplt      0x000000000800dcb4        0x0 c:/st/stm32cubeide_1.3.0/stm32cubeide/plugins/com.st.stm32cube.ide.mcu.externaltools.gnu-tools-for-stm32.7-2018-q2-update.win32_1.4.0.202007081208/tools/bin/../lib/gcc/arm-none-eabi/7.3.1/thumb/v7-m/crtbegin.o

.ARM.extab      0x000000000800dcb4        0x0
                0x000000000800dcb4                . = ALIGN (0x4)
 *(.ARM.extab* .gnu.linkonce.armextab.*)
                0x000000000800dcb4                . = ALIGN (0x4)

.ARM            0x000000000800dcb4        0x0
                0x000000000800dcb4                . = ALIGN (0x4)
                0x000000000800dcb4                __exidx_start = .
 *(.ARM.exidx*)
                0x000000000800dcb4                __exidx_end = .
                0x000000000800dcb4                . = ALIGN (0x4)

.preinit_array  0x000000000800dcb4        0x0
                0x000000000800dcb4                . = ALIGN (0x4)
                0x000000000800dcb4                PROVIDE (__preinit_array_start = .)
 *(.preinit_array*)
                0x000000000800dcb4                PROVIDE (__preinit_array_end = .)
                0x000000000800dcb4                . = ALIGN (0x4)

.init_array     0x000000000800dcb4        0x4
                0x000000000800dcb4                . = ALIGN (0x4)
                0x000000000800dcb4                PROVIDE (__init_array_start = .)
 *(SORT_BY_NAME(.init_array.*))
 *(.init_array*)
 .init_array    0x000000000800dcb4        0x4 c:/st/stm32cubeide_1.3.0/stm32cubeide/plugins/com.st.stm32cube.ide.mcu.externaltools.gnu-tools-for-stm32.7-2018-q2-update.win32_1.4.0.202007081208/tools/bin/../lib/gcc/arm-none-eabi/7.3.1/thumb/v7-m/crtbegin.o
                0x000000000800dcb8                PROVIDE (__init_array_end = .)
                0x000000000800dcb8                . = ALIGN (0x4)

.fini_array     0x000000000800dcb8        0x4
                0x000000000800dcb8                . = ALIGN (0x4)
                [!provide]                        PROVIDE (__fini_array_start = .)
 *(SORT_BY_NAME(.fini_array.*))
 *(.fini_array*)
 .fini_array    0x000000000800dcb8        0x4 c:/st/stm32cubeide_1.3.0/stm32cubeide/plugins/com.st.stm32cube.ide.mcu.externaltools.gnu-tools-for-stm32.7-2018-q2-update.win32_1.4.0.202007081208/tools/bin/../lib/gcc/arm-none-eabi/7.3.1/thumb/v7-m/crtbegin.o
                [!provide]                        PROVIDE (__fini_array_end = .)
                0x000000000800dcbc                . = ALIGN (0x4)
                0x000000000800dcbc                _sidata = LOADADDR (.data)

.data           0x0000000020000000      0x264 load address 0x000000000800dcbc
                0x0000000020000000                . = ALIGN (0x4)
                0x0000000020000000                _sdata = .
 *(.data)
 *(.data*)
 .data.charge_state
                0x0000000020000000        0x1 Core/Src/CANbus.o
                0x0000000020000000                charge_state
 .data.discharge_state
                0x0000000020000001        0x1 Core/Src/CANbus.o
                0x0000000020000001                discharge_state
 *fill*         0x0000000020000002        0x2 
 .data.SOH_batt
                0x0000000020000004        0x4 Core/Src/CANbus.o
                0x0000000020000004                SOH_batt
 .data.Font_7x10
                0x0000000020000008        0x8 Core/Src/fonts.o
                0x0000000020000008                Font_7x10
 .data.Pack_Cap
                0x0000000020000010        0x4 Core/Src/main.o
                0x0000000020000010                Pack_Cap
 .data.minus_offset
                0x0000000020000014       0x3c Core/Src/powermeter_ade7880.o
                0x0000000020000014                minus_offset
 .data.TMS      0x0000000020000050        0x4 Core/Src/stm32f1xx_it.o
                0x0000000020000050                TMS
 .data.TMS_I_Over
                0x0000000020000054        0x4 Core/Src/stm32f1xx_it.o
                0x0000000020000054                TMS_I_Over
 .data.I_Over_Set
                0x0000000020000058        0x4 Core/Src/stm32f1xx_it.o
                0x0000000020000058                I_Over_Set
 .data.I_Over_Set_Charge
                0x000000002000005c        0x4 Core/Src/stm32f1xx_it.o
                0x000000002000005c                I_Over_Set_Charge
 .data.Temp_Over_Set
                0x0000000020000060        0x4 Core/Src/stm32f1xx_it.o
                0x0000000020000060                Temp_Over_Set
 .data.Temp_Under_Set
                0x0000000020000064        0x4 Core/Src/stm32f1xx_it.o
                0x0000000020000064                Temp_Under_Set
 .data.SOC_Under_Set
                0x0000000020000068        0x4 Core/Src/stm32f1xx_it.o
                0x0000000020000068                SOC_Under_Set
 .data.SOC_Over_Set
                0x000000002000006c        0x4 Core/Src/stm32f1xx_it.o
                0x000000002000006c                SOC_Over_Set
 .data.V_Under_Set
                0x0000000020000070        0x4 Core/Src/stm32f1xx_it.o
                0x0000000020000070                V_Under_Set
 .data.V_Over_Set
                0x0000000020000074        0x4 Core/Src/stm32f1xx_it.o
                0x0000000020000074                V_Over_Set
 .data.Persen_Imbalance_Set
                0x0000000020000078        0x4 Core/Src/stm32f1xx_it.o
                0x0000000020000078                Persen_Imbalance_Set
 .data.batas_atas
                0x000000002000007c        0x4 Core/Src/stm32f1xx_it.o
                0x000000002000007c                batas_atas
 .data.batas_bawah
                0x0000000020000080        0x4 Core/Src/stm32f1xx_it.o
                0x0000000020000080                batas_bawah
 .data.SystemCoreClock
                0x0000000020000084        0x4 Core/Src/system_stm32f1xx.o
                0x0000000020000084                SystemCoreClock
 .data.uwTickPrio
                0x0000000020000088        0x4 Drivers/STM32F1xx_HAL_Driver/stm32f1xx_hal.o
                0x0000000020000088                uwTickPrio
 .data.uwTickFreq
                0x000000002000008c        0x1 Drivers/STM32F1xx_HAL_Driver/stm32f1xx_hal.o
                0x000000002000008c                uwTickFreq
 *fill*         0x000000002000008d        0x3 
 .data._impure_ptr
                0x0000000020000090        0x4 c:/st/stm32cubeide_1.3.0/stm32cubeide/plugins/com.st.stm32cube.ide.mcu.externaltools.gnu-tools-for-stm32.7-2018-q2-update.win32_1.4.0.202007081208/tools/bin/../lib/gcc/arm-none-eabi/7.3.1/../../../../arm-none-eabi/lib/thumb/v7-m\libc_nano.a(lib_a-impure.o)
                0x0000000020000090                _impure_ptr
 .data.impure_data
                0x0000000020000094       0x60 c:/st/stm32cubeide_1.3.0/stm32cubeide/plugins/com.st.stm32cube.ide.mcu.externaltools.gnu-tools-for-stm32.7-2018-q2-update.win32_1.4.0.202007081208/tools/bin/../lib/gcc/arm-none-eabi/7.3.1/../../../../arm-none-eabi/lib/thumb/v7-m\libc_nano.a(lib_a-impure.o)
 .data.__global_locale
                0x00000000200000f4      0x16c c:/st/stm32cubeide_1.3.0/stm32cubeide/plugins/com.st.stm32cube.ide.mcu.externaltools.gnu-tools-for-stm32.7-2018-q2-update.win32_1.4.0.202007081208/tools/bin/../lib/gcc/arm-none-eabi/7.3.1/../../../../arm-none-eabi/lib/thumb/v7-m\libc_nano.a(lib_a-locale.o)
                0x00000000200000f4                __global_locale
 .data.__fdlib_version
                0x0000000020000260        0x1 c:/st/stm32cubeide_1.3.0/stm32cubeide/plugins/com.st.stm32cube.ide.mcu.externaltools.gnu-tools-for-stm32.7-2018-q2-update.win32_1.4.0.202007081208/tools/bin/../lib/gcc/arm-none-eabi/7.3.1/../../../../arm-none-eabi/lib/thumb/v7-m\libm.a(lib_a-s_lib_ver.o)
                0x0000000020000260                __fdlib_version
                0x0000000020000264                . = ALIGN (0x4)
 *fill*         0x0000000020000261        0x3 
                0x0000000020000264                _edata = .

.igot.plt       0x0000000020000264        0x0 load address 0x000000000800df20
 .igot.plt      0x0000000020000264        0x0 c:/st/stm32cubeide_1.3.0/stm32cubeide/plugins/com.st.stm32cube.ide.mcu.externaltools.gnu-tools-for-stm32.7-2018-q2-update.win32_1.4.0.202007081208/tools/bin/../lib/gcc/arm-none-eabi/7.3.1/thumb/v7-m/crtbegin.o
                0x0000000020000264                . = ALIGN (0x4)

.bss            0x0000000020000264     0x13ac load address 0x000000000800df20
                0x0000000020000264                _sbss = .
                0x0000000020000264                __bss_start__ = _sbss
 *(.bss)
 .bss           0x0000000020000264       0x1c c:/st/stm32cubeide_1.3.0/stm32cubeide/plugins/com.st.stm32cube.ide.mcu.externaltools.gnu-tools-for-stm32.7-2018-q2-update.win32_1.4.0.202007081208/tools/bin/../lib/gcc/arm-none-eabi/7.3.1/thumb/v7-m/crtbegin.o
 *(.bss*)
 .bss.oke       0x0000000020000280        0x4 Core/Src/CANbus.o
                0x0000000020000280                oke
 .bss.sleep_state
                0x0000000020000284        0x1 Core/Src/CANbus.o
                0x0000000020000284                sleep_state
 .bss.Handshaking
                0x0000000020000285        0x1 Core/Src/CANbus.o
                0x0000000020000285                Handshaking
 .bss.identified
                0x0000000020000286        0x1 Core/Src/CANbus.o
                0x0000000020000286                identified
 .bss.Delay_Charger
                0x0000000020000287        0x1 Core/Src/CANbus.o
                0x0000000020000287                Delay_Charger
 .bss.Ready_toCharge
                0x0000000020000288        0x1 Core/Src/CANbus.o
                0x0000000020000288                Ready_toCharge
 .bss.flag_Check_SOCawal
                0x0000000020000289        0x1 Core/Src/CANbus.o
                0x0000000020000289                flag_Check_SOCawal
 .bss.flag_bypass
                0x000000002000028a        0x1 Core/Src/CANbus.o
                0x000000002000028a                flag_bypass
 .bss.BATT_Start_Up
                0x000000002000028b        0x1 Core/Src/main.o
                0x000000002000028b                BATT_Start_Up
 .bss.CFGAR4    0x000000002000028c        0x1 Core/Src/powermeter_ade7880.o
                0x000000002000028c                CFGAR4
 .bss.CFGAR5    0x000000002000028d        0x1 Core/Src/powermeter_ade7880.o
                0x000000002000028d                CFGAR5
 .bss.CFGBR0    0x000000002000028e        0x1 Core/Src/powermeter_ade7880.o
                0x000000002000028e                CFGBR0
 *fill*         0x000000002000028f        0x1 
 .bss.SSD1306_Buffer
                0x0000000020000290      0x400 Core/Src/ssd1306.o
 .bss.SSD1306   0x0000000020000690        0x6 Core/Src/ssd1306.o
 *fill*         0x0000000020000696        0x2 
 .bss.AH_Total  0x0000000020000698        0x4 Core/Src/stm32f1xx_it.o
                0x0000000020000698                AH_Total
 .bss.cek_CC    0x000000002000069c        0x4 Core/Src/stm32f1xx_it.o
                0x000000002000069c                cek_CC
 .bss.heap_end.5149
                0x00000000200006a0        0x4 Core/Src/sysmem.o
 .bss.__malloc_free_list
                0x00000000200006a4        0x4 c:/st/stm32cubeide_1.3.0/stm32cubeide/plugins/com.st.stm32cube.ide.mcu.externaltools.gnu-tools-for-stm32.7-2018-q2-update.win32_1.4.0.202007081208/tools/bin/../lib/gcc/arm-none-eabi/7.3.1/../../../../arm-none-eabi/lib/thumb/v7-m\libc_nano.a(lib_a-nano-mallocr.o)
                0x00000000200006a4                __malloc_free_list
 .bss.__malloc_sbrk_start
                0x00000000200006a8        0x4 c:/st/stm32cubeide_1.3.0/stm32cubeide/plugins/com.st.stm32cube.ide.mcu.externaltools.gnu-tools-for-stm32.7-2018-q2-update.win32_1.4.0.202007081208/tools/bin/../lib/gcc/arm-none-eabi/7.3.1/../../../../arm-none-eabi/lib/thumb/v7-m\libc_nano.a(lib_a-nano-mallocr.o)
                0x00000000200006a8                __malloc_sbrk_start
 *(COMMON)
 COMMON         0x00000000200006ac      0x10c Core/Src/CANbus.o
                0x00000000200006ac                Data_id2
                0x00000000200006b4                under_voltage
                0x00000000200006b8                Batt_SOH
                0x00000000200006bc                OCD_protection
                0x00000000200006c0                start_balancing
                0x00000000200006c4                OTD_protection
                0x00000000200006c8                delay_TICK2
                0x00000000200006cc                Tx_data
                0x00000000200006d4                Rx_data
                0x00000000200006dc                OCC_protection
                0x00000000200006e0                z
                0x00000000200006e4                delay_TICK1
                0x00000000200006e8                over_temp_discharge
                0x00000000200006ec                Batt_cycle
                0x00000000200006f0                over_charge
                0x00000000200006f4                Batt_current
                0x00000000200006f8                data
                0x00000000200006fc                Batt_SOC
                0x0000000020000700                vcell_15databyte
                0x000000002000073c                over_discharge_current
                0x0000000020000740                Batt_temp
                0x0000000020000744                Data_id1
                0x000000002000074c                OC_protection
                0x0000000020000750                UV_protection
                0x0000000020000754                Tmax
                0x0000000020000758                panjang
                0x000000002000075c                Rx_Header
                0x0000000020000778                TxMailbox
                0x000000002000077c                OTC_protection
                0x0000000020000780                over_temp_charge
                0x0000000020000784                Balancing_protection
                0x0000000020000788                limit_capacity
                0x000000002000078c                LC_protection
                0x0000000020000790                lebar
                0x0000000020000794                Tx_Header
                0x00000000200007ac                Batt_capacity
                0x00000000200007b0                over_charge_current
                0x00000000200007b4                Batt_voltage
 COMMON         0x00000000200007b8       0x74 Core/Src/adc.o
                0x00000000200007b8                hadc1
                0x00000000200007e8                hdma_adc1
 COMMON         0x000000002000082c       0x28 Core/Src/can.o
                0x000000002000082c                hcan
 COMMON         0x0000000020000854       0xa8 Core/Src/i2c.o
                0x0000000020000854                hi2c1
                0x00000000200008a8                hi2c2
 COMMON         0x00000000200008fc        0xc Core/Src/iwdg.o
                0x00000000200008fc                hiwdg
 COMMON         0x0000000020000908      0x2e1 Core/Src/main.o
                0x0000000020000908                ij
                0x000000002000090c                adc_val
                0x000000002000091c                Delta_VCell
                0x0000000020000920                UPPER_UNIQUE_Code
                0x0000000020000934                Flag_Battery_Locked_for_Ship
                0x0000000020000938                vcell_15data_digi
                0x0000000020000958                vcell_15data
                0x0000000020000994                flag_start_shutdown
                0x0000000020000998                cmd4
                0x000000002000099c                lower_UNIQUE_Code
                0x00000000200009b0                BATT_State
                0x00000000200009b2                LifeTime
                0x00000000200009b4                buffer_uart
                0x0000000020000bb4                SOC_manipulasi
                0x0000000020000bb8                persen_imbalance
                0x0000000020000bbc                v_cell_tot
                0x0000000020000bc0                Flag_Force_Balance
                0x0000000020000bc4                pesan
                0x0000000020000bd8                Bat_Pow_Out
                0x0000000020000bdc                test_tim2
                0x0000000020000be0                BMS_mode
                0x0000000020000be4                Pack_SOC
                0x0000000020000be8                dataout_fram
 *fill*         0x0000000020000be9        0x3 
 COMMON         0x0000000020000bec       0x44 Core/Src/powermeter_ade7880.o
                0x0000000020000bec                cmd2
                0x0000000020000bee                balance_status
                0x0000000020000bf0                delta_vbatt
                0x0000000020000c2c                Cell_Voltage_Lowest
 COMMON         0x0000000020000c30       0x58 Core/Src/spi.o
                0x0000000020000c30                hspi1
 COMMON         0x0000000020000c88      0x880 Core/Src/stm32f1xx_it.o
                0x0000000020000c88                flag_trip_unbalance
                0x0000000020000c89                flag_trip_SOCOverCharge
                0x0000000020000c8a                flag_trip_shortcircuit
                0x0000000020000c8c                i_arrdata
                0x0000000020001074                AH_Consumption
                0x0000000020001078                flag_trip_systemfailure
                0x000000002000107c                T_I_Over_trip
                0x0000000020001080                T_Under_trip
                0x0000000020001084                sumRef
                0x0000000020001088                kl
                0x000000002000108c                i_datadigi
                0x0000000020001090                flag_trip_overtemperature
                0x0000000020001092                time_soc
                0x0000000020001094                VBATT
                0x0000000020001098                Suhu_T3
                0x000000002000109c                constanta
                0x00000000200010a0                Clear_Trip_overcurrentdischarge
                0x00000000200010a4                Isc
                0x00000000200010a8                Res_T1
                0x00000000200010ac                ref_datadigi
                0x00000000200010b0                IBATT
                0x00000000200010b4                Res_T4
                0x00000000200010b8                flag_trip_undertemperature
                0x00000000200010b9                flag_trip_undervoltage
                0x00000000200010bc                i
                0x00000000200010c0                fault_code
                0x00000000200010c4                Suhu_T1
                0x00000000200010c8                flag_trip_overcurrentdischarge
                0x00000000200010cc                T_trip_cycle
                0x00000000200010d0                grad
                0x00000000200010d4                Vsc
                0x00000000200010d8                sumV
                0x00000000200010dc                sumVn
                0x00000000200010e0                vn_datadigi
                0x00000000200010e4                flag_trip_overcurrentcharge
                0x00000000200010e8                v_datadigi
                0x00000000200010ec                flag_trip_SOCOverDischarge
                0x00000000200010f0                Res_T2
                0x00000000200010f4                sumI
                0x00000000200010f8                Suhu_T4
                0x00000000200010fc                T_I_Over_trip_cycle
                0x0000000020001100                hitung_suhu
                0x0000000020001104                Clear_Trip_undervoltage
                0x0000000020001108                Res_T3
                0x000000002000110c                OFFSET_SENSOR_ARUS
                0x0000000020001110                IBATT_for_offset_cal
                0x0000000020001114                ref_arrdata
                0x00000000200014fc                last_fault_code
                0x00000000200014fd                flag_trip_overvoltage
                0x0000000020001500                Suhu_T2
                0x0000000020001504                sum_current
 COMMON         0x0000000020001508       0x80 Core/Src/tim.o
                0x0000000020001508                htim3
                0x0000000020001548                htim2
 COMMON         0x0000000020001588       0x80 Core/Src/usart.o
                0x0000000020001588                huart3
                0x00000000200015c8                huart1
 COMMON         0x0000000020001608        0x4 Drivers/STM32F1xx_HAL_Driver/stm32f1xx_hal.o
                0x0000000020001608                uwTick