Archive member included to satisfy reference by file (symbol)

c:/st/stm32cubeide_1.3.0/stm32cubeide/plugins/com.st.stm32cube.ide.mcu.externaltools.gnu-tools-for-stm32.7-2018-q2-update.win32_1.0.0.201904181610/tools/bin/../lib/gcc/arm-none-eabi/7.3.1/../../../../arm-none-eabi/lib/thumb/v7-m\libc_nano.a(lib_a-errno.o)
                              Core/Src/syscalls.o (__errno)
c:/st/stm32cubeide_1.3.0/stm32cubeide/plugins/com.st.stm32cube.ide.mcu.externaltools.gnu-tools-for-stm32.7-2018-q2-update.win32_1.0.0.201904181610/tools/bin/../lib/gcc/arm-none-eabi/7.3.1/../../../../arm-none-eabi/lib/thumb/v7-m\libc_nano.a(lib_a-exit.o)
                              c:/st/stm32cubeide_1.3.0/stm32cubeide/plugins/com.st.stm32cube.ide.mcu.externaltools.gnu-tools-for-stm32.7-2018-q2-update.win32_1.0.0.201904181610/tools/bin/../lib/gcc/arm-none-eabi/7.3.1/../../../../arm-none-eabi/lib/thumb/v7-m/crt0.o (exit)
c:/st/stm32cubeide_1.3.0/stm32cubeide/plugins/com.st.stm32cube.ide.mcu.externaltools.gnu-tools-for-stm32.7-2018-q2-update.win32_1.0.0.201904181610/tools/bin/../lib/gcc/arm-none-eabi/7.3.1/../../../../arm-none-eabi/lib/thumb/v7-m\libc_nano.a(lib_a-impure.o)
                              c:/st/stm32cubeide_1.3.0/stm32cubeide/plugins/com.st.stm32cube.ide.mcu.externaltools.gnu-tools-for-stm32.7-2018-q2-update.win32_1.0.0.201904181610/tools/bin/../lib/gcc/arm-none-eabi/7.3.1/../../../../arm-none-eabi/lib/thumb/v7-m\libc_nano.a(lib_a-exit.o) (_global_impure_ptr)
c:/st/stm32cubeide_1.3.0/stm32cubeide/plugins/com.st.stm32cube.ide.mcu.externaltools.gnu-tools-for-stm32.7-2018-q2-update.win32_1.0.0.201904181610/tools/bin/../lib/gcc/arm-none-eabi/7.3.1/../../../../arm-none-eabi/lib/thumb/v7-m\libc_nano.a(lib_a-init.o)
                              c:/st/stm32cubeide_1.3.0/stm32cubeide/plugins/com.st.stm32cube.ide.mcu.externaltools.gnu-tools-for-stm32.7-2018-q2-update.win32_1.0.0.201904181610/tools/bin/../lib/gcc/arm-none-eabi/7.3.1/../../../../arm-none-eabi/lib/thumb/v7-m/crt0.o (__libc_init_array)
c:/st/stm32cubeide_1.3.0/stm32cubeide/plugins/com.st.stm32cube.ide.mcu.externaltools.gnu-tools-for-stm32.7-2018-q2-update.win32_1.0.0.201904181610/tools/bin/../lib/gcc/arm-none-eabi/7.3.1/../../../../arm-none-eabi/lib/thumb/v7-m\libc_nano.a(lib_a-memset.o)
                              c:/st/stm32cubeide_1.3.0/stm32cubeide/plugins/com.st.stm32cube.ide.mcu.externaltools.gnu-tools-for-stm32.7-2018-q2-update.win32_1.0.0.201904181610/tools/bin/../lib/gcc/arm-none-eabi/7.3.1/../../../../arm-none-eabi/lib/thumb/v7-m/crt0.o (memset)
c:/st/stm32cubeide_1.3.0/stm32cubeide/plugins/com.st.stm32cube.ide.mcu.externaltools.gnu-tools-for-stm32.7-2018-q2-update.win32_1.0.0.201904181610/tools/bin/../lib/gcc/arm-none-eabi/7.3.1/../../../../arm-none-eabi/lib/thumb/v7-m\libc_nano.a(lib_a-nano-vfprintf_float.o)
                              (_printf_float)
c:/st/stm32cubeide_1.3.0/stm32cubeide/plugins/com.st.stm32cube.ide.mcu.externaltools.gnu-tools-for-stm32.7-2018-q2-update.win32_1.0.0.201904181610/tools/bin/../lib/gcc/arm-none-eabi/7.3.1/../../../../arm-none-eabi/lib/thumb/v7-m\libc_nano.a(lib_a-nano-vfprintf_i.o)
                              c:/st/stm32cubeide_1.3.0/stm32cubeide/plugins/com.st.stm32cube.ide.mcu.externaltools.gnu-tools-for-stm32.7-2018-q2-update.win32_1.0.0.201904181610/tools/bin/../lib/gcc/arm-none-eabi/7.3.1/../../../../arm-none-eabi/lib/thumb/v7-m\libc_nano.a(lib_a-nano-vfprintf_float.o) (_printf_common)
c:/st/stm32cubeide_1.3.0/stm32cubeide/plugins/com.st.stm32cube.ide.mcu.externaltools.gnu-tools-for-stm32.7-2018-q2-update.win32_1.0.0.201904181610/tools/bin/../lib/gcc/arm-none-eabi/7.3.1/../../../../arm-none-eabi/lib/thumb/v7-m\libc_nano.a(lib_a-sprintf.o)
                              Core/Src/main.o (sprintf)
c:/st/stm32cubeide_1.3.0/stm32cubeide/plugins/com.st.stm32cube.ide.mcu.externaltools.gnu-tools-for-stm32.7-2018-q2-update.win32_1.0.0.201904181610/tools/bin/../lib/gcc/arm-none-eabi/7.3.1/../../../../arm-none-eabi/lib/thumb/v7-m\libc_nano.a(lib_a-strlen.o)
                              Core/Src/fonts.o (strlen)
c:/st/stm32cubeide_1.3.0/stm32cubeide/plugins/com.st.stm32cube.ide.mcu.externaltools.gnu-tools-for-stm32.7-2018-q2-update.win32_1.0.0.201904181610/tools/bin/../lib/gcc/arm-none-eabi/7.3.1/../../../../arm-none-eabi/lib/thumb/v7-m\libc_nano.a(lib_a-dtoa.o)
                              c:/st/stm32cubeide_1.3.0/stm32cubeide/plugins/com.st.stm32cube.ide.mcu.externaltools.gnu-tools-for-stm32.7-2018-q2-update.win32_1.0.0.201904181610/tools/bin/../lib/gcc/arm-none-eabi/7.3.1/../../../../arm-none-eabi/lib/thumb/v7-m\libc_nano.a(lib_a-nano-vfprintf_float.o) (_dtoa_r)
c:/st/stm32cubeide_1.3.0/stm32cubeide/plugins/com.st.stm32cube.ide.mcu.externaltools.gnu-tools-for-stm32.7-2018-q2-update.win32_1.0.0.201904181610/tools/bin/../lib/gcc/arm-none-eabi/7.3.1/../../../../arm-none-eabi/lib/thumb/v7-m\libc_nano.a(lib_a-localeconv.o)
[...]
Memory Configuration

Name             Origin             Length             Attributes
RAM              0x0000000020000000 0x0000000000005000 xrw
FLASH            0x0000000008000000 0x0000000000020000 xr
*default*        0x0000000000000000 0xffffffffffffffff

Linker script and memory map

LOAD c:/st/stm32cubeide_1.3.0/stm32cubeide/plugins/com.st.stm32cube.ide.mcu.externaltools.gnu-tools-for-stm32.7-2018-q2-update.win32_1.0.0.201904181610/tools/bin/../lib/gcc/arm-none-eabi/7.3.1/thumb/v7-m/crti.o
LOAD c:/st/stm32cubeide_1.3.0/stm32cubeide/plugins/com.st.stm32cube.ide.mcu.externaltools.gnu-tools-for-stm32.7-2018-q2-update.win32_1.0.0.201904181610/tools/bin/../lib/gcc/arm-none-eabi/7.3.1/thumb/v7-m/crtbegin.o
LOAD c:/st/stm32cubeide_1.3.0/stm32cubeide/plugins/com.st.stm32cube.ide.mcu.externaltools.gnu-tools-for-stm32.7-2018-q2-update.win32_1.0.0.201904181610/tools/bin/../lib/gcc/arm-none-eabi/7.3.1/../../../../arm-none-eabi/lib/thumb/v7-m/crt0.o
LOAD Core/Src/Battery_Charge_Discharge.o
LOAD Core/Src/CANbus.o
LOAD Core/Src/adc.o
LOAD Core/Src/can.o
LOAD Core/Src/dma.o
LOAD Core/Src/eeprom.o
LOAD Core/Src/fonts.o
LOAD Core/Src/fram.o
LOAD Core/Src/gpio.o
LOAD Core/Src/i2c.o
LOAD Core/Src/iwdg.o
LOAD Core/Src/main.o
LOAD Core/Src/powermeter_ade7880.o
LOAD Core/Src/spi.o
LOAD Core/Src/ssd1306.o
LOAD Core/Src/stm32f1xx_hal_msp.o
LOAD Core/Src/stm32f1xx_it.o
LOAD Core/Src/sys.o
LOAD Core/Src/syscalls.o
LOAD Core/Src/sysmem.o
LOAD Core/Src/system_stm32f1xx.o
LOAD Core/Src/tim.o
LOAD Core/Src/usart.o
LOAD Core/Startup/startup_stm32f103rbtx.o
LOAD Drivers/STM32F1xx_HAL_Driver/stm32f1xx_hal.o
LOAD Drivers/STM32F1xx_HAL_Driver/stm32f1xx_hal_adc.o
LOAD Drivers/STM32F1xx_HAL_Driver/stm32f1xx_hal_adc_ex.o
LOAD Drivers/STM32F1xx_HAL_Driver/stm32f1xx_hal_can.o
LOAD Drivers/STM32F1xx_HAL_Driver/stm32f1xx_hal_cortex.o
LOAD Drivers/STM32F1xx_HAL_Driver/stm32f1xx_hal_dma.o
LOAD Drivers/STM32F1xx_HAL_Driver/stm32f1xx_hal_exti.o
LOAD Drivers/STM32F1xx_HAL_Driver/stm32f1xx_hal_flash.o
LOAD Drivers/STM32F1xx_HAL_Driver/stm32f1xx_hal_flash_ex.o
LOAD Drivers/STM32F1xx_HAL_Driver/stm32f1xx_hal_gpio.o
LOAD Drivers/STM32F1xx_HAL_Driver/stm32f1xx_hal_gpio_ex.o
LOAD Drivers/STM32F1xx_HAL_Driver/stm32f1xx_hal_i2c.o
LOAD Drivers/STM32F1xx_HAL_Driver/stm32f1xx_hal_iwdg.o
LOAD Drivers/STM32F1xx_HAL_Driver/stm32f1xx_hal_pwr.o
LOAD Drivers/STM32F1xx_HAL_Driver/stm32f1xx_hal_rcc.o
LOAD Drivers/STM32F1xx_HAL_Driver/stm32f1xx_hal_rcc_ex.o
LOAD Drivers/STM32F1xx_HAL_Driver/stm32f1xx_hal_spi.o
LOAD Drivers/STM32F1xx_HAL_Driver/stm32f1xx_hal_tim.o
LOAD Drivers/STM32F1xx_HAL_Driver/stm32f1xx_hal_tim_ex.o
LOAD Drivers/STM32F1xx_HAL_Driver/stm32f1xx_hal_uart.o
START GROUP
LOAD c:/st/stm32cubeide_1.3.0/stm32cubeide/plugins/com.st.stm32cube.ide.mcu.externaltools.gnu-tools-for-stm32.7-2018-q2-update.win32_1.0.0.201904181610/tools/bin/../lib/gcc/arm-none-eabi/7.3.1/../../../../arm-none-eabi/lib/thumb/v7-m\libc_nano.a
LOAD c:/st/stm32cubeide_1.3.0/stm32cubeide/plugins/com.st.stm32cube.ide.mcu.externaltools.gnu-tools-for-stm32.7-2018-q2-update.win32_1.0.0.201904181610/tools/bin/../lib/gcc/arm-none-eabi/7.3.1/../../../../arm-none-eabi/lib/thumb/v7-m\libm.a
END GROUP
START GROUP
LOAD c:/st/stm32cubeide_1.3.0/stm32cubeide/plugins/com.st.stm32cube.ide.mcu.externaltools.gnu-tools-for-stm32.7-2018-q2-update.win32_1.0.0.201904181610/tools/bin/../lib/gcc/arm-none-eabi/7.3.1/thumb/v7-m\libgcc.a
LOAD c:/st/stm32cubeide_1.3.0/stm32cubeide/plugins/com.st.stm32cube.ide.mcu.externaltools.gnu-tools-for-stm32.7-2018-q2-update.win32_1.0.0.201904181610/tools/bin/../lib/gcc/arm-none-eabi/7.3.1/../../../../arm-none-eabi/lib/thumb/v7-m\libc_nano.a
END GROUP
START GROUP
LOAD c:/st/stm32cubeide_1.3.0/stm32cubeide/plugins/com.st.stm32cube.ide.mcu.externaltools.gnu-tools-for-stm32.7-2018-q2-update.win32_1.0.0.201904181610/tools/bin/../lib/gcc/arm-none-eabi/7.3.1/thumb/v7-m\libgcc.a
LOAD c:/st/stm32cubeide_1.3.0/stm32cubeide/plugins/com.st.stm32cube.ide.mcu.externaltools.gnu-tools-for-stm32.7-2018-q2-update.win32_1.0.0.201904181610/tools/bin/../lib/gcc/arm-none-eabi/7.3.1/../../../../arm-none-eabi/lib/thumb/v7-m\libc_nano.a
LOAD c:/st/stm32cubeide_1.3.0/stm32cubeide/plugins/com.st.stm32cube.ide.mcu.externaltools.gnu-tools-for-stm32.7-2018-q2-update.win32_1.0.0.201904181610/tools/bin/../lib/gcc/arm-none-eabi/7.3.1/../../../../arm-none-eabi/lib/thumb/v7-m\libnosys.a
END GROUP
START GROUP
LOAD c:/st/stm32cubeide_1.3.0/stm32cubeide/plugins/com.st.stm32cube.ide.mcu.externaltools.gnu-tools-for-stm32.7-2018-q2-update.win32_1.0.0.201904181610/tools/bin/../lib/gcc/arm-none-eabi/7.3.1/thumb/v7-m\libgcc.a
LOAD c:/st/stm32cubeide_1.3.0/stm32cubeide/plugins/com.st.stm32cube.ide.mcu.externaltools.gnu-tools-for-stm32.7-2018-q2-update.win32_1.0.0.201904181610/tools/bin/../lib/gcc/arm-none-eabi/7.3.1/../../../../arm-none-eabi/lib/thumb/v7-m\libc_nano.a
LOAD c:/st/stm32cubeide_1.3.0/stm32cubeide/plugins/com.st.stm32cube.ide.mcu.externaltools.gnu-tools-for-stm32.7-2018-q2-update.win32_1.0.0.201904181610/tools/bin/../lib/gcc/arm-none-eabi/7.3.1/../../../../arm-none-eabi/lib/thumb/v7-m\libnosys.a
END GROUP
LOAD c:/st/stm32cubeide_1.3.0/stm32cubeide/plugins/com.st.stm32cube.ide.mcu.externaltools.gnu-tools-for-stm32.7-2018-q2-update.win32_1.0.0.201904181610/tools/bin/../lib/gcc/arm-none-eabi/7.3.1/thumb/v7-m/crtend.o
LOAD c:/st/stm32cubeide_1.3.0/stm32cubeide/plugins/com.st.stm32cube.ide.mcu.externaltools.gnu-tools-for-stm32.7-2018-q2-update.win32_1.0.0.201904181610/tools/bin/../lib/gcc/arm-none-eabi/7.3.1/thumb/v7-m/crtn.o
                0x0000000020005000                _estack = (ORIGIN (RAM) + LENGTH (RAM))
                0x0000000000000200                _Min_Heap_Size = 0x200
                0x0000000000000400                _Min_Stack_Size = 0x400

.isr_vector     0x0000000008000000      0x10c
                0x0000000008000000                . = ALIGN (0x4)
 *(.isr_vector)
 .isr_vector    0x0000000008000000      0x10c Core/Startup/startup_stm32f103rbtx.o
                0x0000000008000000                g_pfnVectors
                0x000000000800010c                . = ALIGN (0x4)

.text           0x0000000008000110     0xc9a4
                0x0000000008000110                . = ALIGN (0x4)
 *(.text)
 .text          0x0000000008000110       0x40 c:/st/stm32cubeide_1.3.0/stm32cubeide/plugins/com.st.stm32cube.ide.mcu.externaltools.gnu-tools-for-stm32.7-2018-q2-update.win32_1.0.0.201904181610/tools/bin/../lib/gcc/arm-none-eabi/7.3.1/thumb/v7-m/crtbegin.o
 .text          0x0000000008000150       0x10 c:/st/stm32cubeide_1.3.0/stm32cubeide/plugins/com.st.stm32cube.ide.mcu.externaltools.gnu-tools-for-stm32.7-2018-q2-update.win32_1.0.0.201904181610/tools/bin/../lib/gcc/arm-none-eabi/7.3.1/../../../../arm-none-eabi/lib/thumb/v7-m\libc_nano.a(lib_a-strlen.o)
                0x0000000008000150                strlen
 .text          0x0000000008000160      0x378 c:/st/stm32cubeide_1.3.0/stm32cubeide/plugins/com.st.stm32cube.ide.mcu.externaltools.gnu-tools-for-stm32.7-2018-q2-update.win32_1.0.0.201904181610/tools/bin/../lib/gcc/arm-none-eabi/7.3.1/thumb/v7-m\libgcc.a(_arm_addsubdf3.o)
                0x0000000008000160                __aeabi_drsub
                0x0000000008000168                __aeabi_dsub
                0x0000000008000168                __subdf3
                0x000000000800016c                __aeabi_dadd
                0x000000000800016c                __adddf3
                0x00000000080003e4                __floatunsidf
                0x00000000080003e4                __aeabi_ui2d
                0x0000000008000404                __floatsidf
                0x0000000008000404                __aeabi_i2d
                0x0000000008000428                __aeabi_f2d
                0x0000000008000428                __extendsfdf2
                0x000000000800046c                __floatundidf
                0x000000000800046c                __aeabi_ul2d
                0x000000000800047c                __floatdidf
                0x000000000800047c                __aeabi_l2d
 .text          0x00000000080004d8      0x424 c:/st/stm32cubeide_1.3.0/stm32cubeide/plugins/com.st.stm32cube.ide.mcu.externaltools.gnu-tools-for-stm32.7-2018-q2-update.win32_1.0.0.201904181610/tools/bin/../lib/gcc/arm-none-eabi/7.3.1/thumb/v7-m\libgcc.a(_arm_muldivdf3.o)
                0x00000000080004d8                __aeabi_dmul
                0x00000000080004d8                __muldf3
                0x000000000800072c                __divdf3
                0x000000000800072c                __aeabi_ddiv
 .text          0x00000000080008fc      0x110 c:/st/stm32cubeide_1.3.0/stm32cubeide/plugins/com.st.stm32cube.ide.mcu.externaltools.gnu-tools-for-stm32.7-2018-q2-update.win32_1.0.0.201904181610/tools/bin/../lib/gcc/arm-none-eabi/7.3.1/thumb/v7-m\libgcc.a(_arm_cmpdf2.o)
                0x00000000080008fc                __gtdf2
                0x00000000080008fc                __gedf2
                0x0000000008000904                __ltdf2
                0x0000000008000904                __ledf2
                0x000000000800090c                __nedf2
                0x000000000800090c                __eqdf2
                0x000000000800090c                __cmpdf2
                0x0000000008000988                __aeabi_cdrcmple
                0x0000000008000998                __aeabi_cdcmpeq
                0x0000000008000998                __aeabi_cdcmple
                0x00000000080009a8                __aeabi_dcmpeq
                0x00000000080009bc                __aeabi_dcmplt
                0x00000000080009d0                __aeabi_dcmple
                0x00000000080009e4                __aeabi_dcmpge
                0x00000000080009f8                __aeabi_dcmpgt
 .text          0x0000000008000a0c       0x2c c:/st/stm32cubeide_1.3.0/stm32cubeide/plugins/com.st.stm32cube.ide.mcu.externaltools.gnu-tools-for-stm32.7-2018-q2-update.win32_1.0.0.201904181610/tools/bin/../lib/gcc/arm-none-eabi/7.3.1/thumb/v7-m\libgcc.a(_arm_unorddf2.o)
                0x0000000008000a0c                __unorddf2
                0x0000000008000a0c                __aeabi_dcmpun
 .text          0x0000000008000a38       0x50 c:/st/stm32cubeide_1.3.0/stm32cubeide/plugins/com.st.stm32cube.ide.mcu.externaltools.gnu-tools-for-stm32.7-2018-q2-update.win32_1.0.0.201904181610/tools/bin/../lib/gcc/arm-none-eabi/7.3.1/thumb/v7-m\libgcc.a(_arm_fixdfsi.o)
                0x0000000008000a38                __aeabi_d2iz
                0x0000000008000a38                __fixdfsi
 .text          0x0000000008000a88       0x40 c:/st/stm32cubeide_1.3.0/stm32cubeide/plugins/com.st.stm32cube.ide.mcu.externaltools.gnu-tools-for-stm32.7-2018-q2-update.win32_1.0.0.201904181610/tools/bin/../lib/gcc/arm-none-eabi/7.3.1/thumb/v7-m\libgcc.a(_arm_fixunsdfsi.o)
                0x0000000008000a88                __aeabi_d2uiz
                0x0000000008000a88                __fixunsdfsi
 .text          0x0000000008000ac8       0xa0 c:/st/stm32cubeide_1.3.0/stm32cubeide/plugins/com.st.stm32cube.ide.mcu.externaltools.gnu-tools-for-stm32.7-2018-q2-update.win32_1.0.0.201904181610/tools/bin/../lib/gcc/arm-none-eabi/7.3.1/thumb/v7-m\libgcc.a(_arm_truncdfsf2.o)
                0x0000000008000ac8                __truncdfsf2
                0x0000000008000ac8                __aeabi_d2f
 .text          0x0000000008000b68      0x21c c:/st/stm32cubeide_1.3.0/stm32cubeide/plugins/com.st.stm32cube.ide.mcu.externaltools.gnu-tools-for-stm32.7-2018-q2-update.win32_1.0.0.201904181610/tools/bin/../lib/gcc/arm-none-eabi/7.3.1/thumb/v7-m\libgcc.a(_arm_addsubsf3.o)
                0x0000000008000b68                __aeabi_frsub
                0x0000000008000b70                __subsf3
                0x0000000008000b70                __aeabi_fsub
                0x0000000008000b74                __aeabi_fadd
                0x0000000008000b74                __addsf3
                0x0000000008000cd4                __aeabi_ui2f
                0x0000000008000cd4                __floatunsisf
                0x0000000008000cdc                __aeabi_i2f
                0x0000000008000cdc                __floatsisf
                0x0000000008000cf8                __aeabi_ul2f
                0x0000000008000cf8                __floatundisf
                0x0000000008000d08                __aeabi_l2f
                0x0000000008000d08                __floatdisf
 .text          0x0000000008000d84      0x2a0 c:/st/stm32cubeide_1.3.0/stm32cubeide/plugins/com.st.stm32cube.ide.mcu.externaltools.gnu-tools-for-stm32.7-2018-q2-update.win32_1.0.0.201904181610/tools/bin/../lib/gcc/arm-none-eabi/7.3.1/thumb/v7-m\libgcc.a(_arm_muldivsf3.o)
                0x0000000008000d84                __mulsf3
                0x0000000008000d84                __aeabi_fmul
                0x0000000008000eec                __aeabi_fdiv
                0x0000000008000eec                __divsf3
 .text          0x0000000008001024       0xec c:/st/stm32cubeide_1.3.0/stm32cubeide/plugins/com.st.stm32cube.ide.mcu.externaltools.gnu-tools-for-stm32.7-2018-q2-update.win32_1.0.0.201904181610/tools/bin/../lib/gcc/arm-none-eabi/7.3.1/thumb/v7-m\libgcc.a(_arm_cmpsf2.o)
                0x0000000008001024                __gesf2
                0x0000000008001024                __gtsf2
                0x000000000800102c                __lesf2
                0x000000000800102c                __ltsf2
                0x0000000008001034                __nesf2
                0x0000000008001034                __eqsf2
                0x0000000008001034                __cmpsf2
                0x0000000008001094                __aeabi_cfrcmple
                0x000000000800109c                __aeabi_cfcmpeq
                0x000000000800109c                __aeabi_cfcmple
                0x00000000080010ac                __aeabi_fcmpeq
                0x00000000080010c0                __aeabi_fcmplt
                0x00000000080010d4                __aeabi_fcmple
                0x00000000080010e8                __aeabi_fcmpge
                0x00000000080010fc                __aeabi_fcmpgt
 .text          0x0000000008001110       0x4c c:/st/stm32cubeide_1.3.0/stm32cubeide/plugins/com.st.stm32cube.ide.mcu.externaltools.gnu-tools-for-stm32.7-2018-q2-update.win32_1.0.0.201904181610/tools/bin/../lib/gcc/arm-none-eabi/7.3.1/thumb/v7-m\libgcc.a(_arm_fixsfsi.o)
                0x0000000008001110                __aeabi_f2iz
                0x0000000008001110                __fixsfsi
 .text          0x000000000800115c       0x40 c:/st/stm32cubeide_1.3.0/stm32cubeide/plugins/com.st.stm32cube.ide.mcu.externaltools.gnu-tools-for-stm32.7-2018-q2-update.win32_1.0.0.201904181610/tools/bin/../lib/gcc/arm-none-eabi/7.3.1/thumb/v7-m\libgcc.a(_arm_fixunssfsi.o)
                0x000000000800115c                __fixunssfsi
                0x000000000800115c                __aeabi_f2uiz
 *(.text*)
 .text.Batt_Discharge_Mode
                0x000000000800119c       0xb8 Core/Src/Battery_Charge_Discharge.o
                0x000000000800119c                Batt_Discharge_Mode
 .text.Batt_Charge_Mode
                0x0000000008001254       0xac Core/Src/Battery_Charge_Discharge.o
                0x0000000008001254                Batt_Charge_Mode
 .text.Batt_Full_CD_Mode
                0x0000000008001300       0xdc Core/Src/Battery_Charge_Discharge.o
                0x0000000008001300                Batt_Full_CD_Mode
 .text.Batt_Open_Mode
                0x00000000080013dc       0x60 Core/Src/Battery_Charge_Discharge.o
                0x00000000080013dc                Batt_Open_Mode
 *fill*         0x000000000800143c        0x4 
 .text.check_SOC_Based_OCV
                0x0000000008001440       0xcc Core/Src/Battery_Charge_Discharge.o
                0x0000000008001440                check_SOC_Based_OCV
 .text.BMS_CAN_Tx
                0x000000000800150c      0x7ac Core/Src/CANbus.o
                0x000000000800150c                BMS_CAN_Tx
 .text.BMS_CAN_Rx
                0x0000000008001cb8      0x178 Core/Src/CANbus.o
                0x0000000008001cb8                BMS_CAN_Rx
 .text.BMS_CAN_Config
                0x0000000008001e30       0x74 Core/Src/CANbus.o
                0x0000000008001e30                BMS_CAN_Config
 .text.MX_ADC1_Init
                0x0000000008001ea4      0x110 Core/Src/adc.o
                0x0000000008001ea4                MX_ADC1_Init
 .text.HAL_ADC_MspInit
                0x0000000008001fb4       0xd0 Core/Src/adc.o
                0x0000000008001fb4                HAL_ADC_MspInit
 .text.MX_CAN_Init
                0x0000000008002084       0x6c Core/Src/can.o
                0x0000000008002084                MX_CAN_Init
 .text.HAL_CAN_MspInit
                0x00000000080020f0       0xe0 Core/Src/can.o
                0x00000000080020f0                HAL_CAN_MspInit
 .text.MX_DMA_Init
                0x00000000080021d0       0x3c Core/Src/dma.o
                0x00000000080021d0                MX_DMA_Init
 .text.MX_GPIO_Init
                0x000000000800220c      0x124 Core/Src/gpio.o
                0x000000000800220c                MX_GPIO_Init
 .text.MX_I2C1_Init
                0x0000000008002330       0x5c Core/Src/i2c.o
                0x0000000008002330                MX_I2C1_Init
 .text.MX_I2C2_Init
                0x000000000800238c       0x5c Core/Src/i2c.o
                0x000000000800238c                MX_I2C2_Init
 .text.HAL_I2C_MspInit
                0x00000000080023e8       0xd8 Core/Src/i2c.o
                0x00000000080023e8                HAL_I2C_MspInit
 .text.MX_IWDG_Init
                0x00000000080024c0       0x34 Core/Src/iwdg.o
                0x00000000080024c0                MX_IWDG_Init
 *fill*         0x00000000080024f4        0x4 
 .text.main     0x00000000080024f8      0x1f4 Core/Src/main.o
                0x00000000080024f8                main
 .text.SystemClock_Config
                0x00000000080026ec       0xb2 Core/Src/main.o
                0x00000000080026ec                SystemClock_Config
 *fill*         0x000000000800279e        0x2 
 .text.BMS_ON_InitBeep
                0x00000000080027a0       0xe4 Core/Src/main.o
                0x00000000080027a0                BMS_ON_InitBeep
 .text.BMS_ScreenMode_Standby
                0x0000000008002884       0x60 Core/Src/main.o
                0x0000000008002884                BMS_ScreenMode_Standby
 .text.BMS_ScreenMode_RUN
                0x00000000080028e4      0x40c Core/Src/main.o
                0x00000000080028e4                BMS_ScreenMode_RUN
 .text.BMS_ScreenMode_Locked_Ship
                0x0000000008002cf0       0x8c Core/Src/main.o
                0x0000000008002cf0                BMS_ScreenMode_Locked_Ship
 .text.BMS_ScreenMode_ForceBalance
                0x0000000008002d7c       0xac Core/Src/main.o
                0x0000000008002d7c                BMS_ScreenMode_ForceBalance
 .text.Calc_vcell_tot
                0x0000000008002e28       0x54 Core/Src/main.o
                0x0000000008002e28                Calc_vcell_tot
 .text.Error_Handler
                0x0000000008002e7c        0xc Core/Src/main.o
                0x0000000008002e7c                Error_Handler
 .text.ltc6812_GPIO_Config
                0x0000000008002e88       0xb8 Core/Src/powermeter_ade7880.o
                0x0000000008002e88                ltc6812_GPIO_Config
 .text.ltc6812_SPIInit
                0x0000000008002f40       0xbc Core/Src/powermeter_ade7880.o
                0x0000000008002f40                ltc6812_SPIInit
 .text.ltc6812_Delay
                0x0000000008002ffc       0x20 Core/Src/powermeter_ade7880.o
                0x0000000008002ffc                ltc6812_Delay
 .text.ltc6812_Write8
                0x000000000800301c       0x7c Core/Src/powermeter_ade7880.o
                0x000000000800301c                ltc6812_Write8
 .text.ltc6812_Read8
                0x0000000008003098       0x8c Core/Src/powermeter_ade7880.o
                0x0000000008003098                ltc6812_Read8
 .text.LTC681x_adcv_emul
                0x0000000008003124       0x56 Core/Src/powermeter_ade7880.o
                0x0000000008003124                LTC681x_adcv_emul
 *fill*         0x000000000800317a        0x2 
 .text.cmd_68_emul
                0x000000000800317c       0x74 Core/Src/powermeter_ade7880.o
                0x000000000800317c                cmd_68_emul
 .text.pec15_calc_emul
                0x00000000080031f0       0x68 Core/Src/powermeter_ade7880.o
                0x00000000080031f0                pec15_calc_emul
 .text.LTC681x_rdcv_reg_emul
                0x0000000008003258      0x130 Core/Src/powermeter_ade7880.o
                0x0000000008003258                LTC681x_rdcv_reg_emul
 .text.read_v_15cell
                0x0000000008003388      0x920 Core/Src/powermeter_ade7880.o
                0x0000000008003388                read_v_15cell
 .text.LTC681x_wrcfga_reg_emul
                0x0000000008003ca8       0xd4 Core/Src/powermeter_ade7880.o
                0x0000000008003ca8                LTC681x_wrcfga_reg_emul
 .text.LTC681x_wrcfgb_reg_emul
                0x0000000008003d7c       0xcc Core/Src/powermeter_ade7880.o
                0x0000000008003d7c                LTC681x_wrcfgb_reg_emul
 .text.LTC681x_balance_cell
                0x0000000008003e48       0xd4 Core/Src/powermeter_ade7880.o
                0x0000000008003e48                LTC681x_balance_cell
 *fill*         0x0000000008003f1c        0x4 
 .text.get_balance_status
                0x0000000008003f20      0x168 Core/Src/powermeter_ade7880.o
                0x0000000008003f20                get_balance_status
 .text.MX_SPI1_Init
                0x0000000008004088       0x6c Core/Src/spi.o
                0x0000000008004088                MX_SPI1_Init
 .text.HAL_SPI_MspInit
                0x00000000080040f4       0xb4 Core/Src/spi.o
                0x00000000080040f4                HAL_SPI_MspInit
 .text.SSD1306_Init
                0x00000000080041a8      0x17c Core/Src/ssd1306.o
                0x00000000080041a8                SSD1306_Init
 .text.SSD1306_UpdateScreen
                0x0000000008004324       0x5c Core/Src/ssd1306.o
                0x0000000008004324                SSD1306_UpdateScreen
 .text.SSD1306_Fill
                0x0000000008004380       0x30 Core/Src/ssd1306.o
                0x0000000008004380                SSD1306_Fill
 .text.SSD1306_DrawPixel
                0x00000000080043b0       0xbc Core/Src/ssd1306.o
                0x00000000080043b0                SSD1306_DrawPixel
 .text.SSD1306_GotoXY
                0x000000000800446c       0x2c Core/Src/ssd1306.o
                0x000000000800446c                SSD1306_GotoXY
 .text.SSD1306_Putc
                0x0000000008004498      0x100 Core/Src/ssd1306.o
                0x0000000008004498                SSD1306_Putc
 .text.SSD1306_Puts
                0x0000000008004598       0x4a Core/Src/ssd1306.o
                0x0000000008004598                SSD1306_Puts
 *fill*         0x00000000080045e2        0x2 
 .text.ssd1306_I2C_Init
                0x00000000080045e4       0x28 Core/Src/ssd1306.o
                0x00000000080045e4                ssd1306_I2C_Init
 .text.ssd1306_I2C_WriteMulti
                0x000000000800460c       0xb4 Core/Src/ssd1306.o
                0x000000000800460c                ssd1306_I2C_WriteMulti
 .text.ssd1306_I2C_Write
                0x00000000080046c0       0x3c Core/Src/ssd1306.o
                0x00000000080046c0                ssd1306_I2C_Write
 .text.HAL_MspInit
                0x00000000080046fc       0x64 Core/Src/stm32f1xx_hal_msp.o
                0x00000000080046fc                HAL_MspInit
 .text.NMI_Handler
                0x0000000008004760        0xc Core/Src/stm32f1xx_it.o
                0x0000000008004760                NMI_Handler
 .text.HardFault_Handler
                0x000000000800476c        0x6 Core/Src/stm32f1xx_it.o
                0x000000000800476c                HardFault_Handler
 .text.MemManage_Handler
                0x0000000008004772        0x6 Core/Src/stm32f1xx_it.o
                0x0000000008004772                MemManage_Handler
 .text.BusFault_Handler
                0x0000000008004778        0x6 Core/Src/stm32f1xx_it.o
                0x0000000008004778                BusFault_Handler
 .text.UsageFault_Handler
                0x000000000800477e        0x6 Core/Src/stm32f1xx_it.o
                0x000000000800477e                UsageFault_Handler
 .text.SVC_Handler
                0x0000000008004784        0xc Core/Src/stm32f1xx_it.o
                0x0000000008004784                SVC_Handler
 .text.DebugMon_Handler
                0x0000000008004790        0xc Core/Src/stm32f1xx_it.o
                0x0000000008004790                DebugMon_Handler
 .text.PendSV_Handler
                0x000000000800479c        0xc Core/Src/stm32f1xx_it.o
                0x000000000800479c                PendSV_Handler
 .text.SysTick_Handler
                0x00000000080047a8        0xc Core/Src/stm32f1xx_it.o
                0x00000000080047a8                SysTick_Handler
 .text.DMA1_Channel1_IRQHandler
                0x00000000080047b4       0x14 Core/Src/stm32f1xx_it.o
                0x00000000080047b4                DMA1_Channel1_IRQHandler
 .text.CAN1_RX1_IRQHandler
                0x00000000080047c8       0x14 Core/Src/stm32f1xx_it.o
                0x00000000080047c8                CAN1_RX1_IRQHandler
 .text.CAN1_SCE_IRQHandler
                0x00000000080047dc       0x14 Core/Src/stm32f1xx_it.o
                0x00000000080047dc                CAN1_SCE_IRQHandler
 .text.TIM2_IRQHandler
                0x00000000080047f0      0x734 Core/Src/stm32f1xx_it.o
                0x00000000080047f0                TIM2_IRQHandler
 .text.TIM3_IRQHandler
                0x0000000008004f24       0x28 Core/Src/stm32f1xx_it.o
                0x0000000008004f24                TIM3_IRQHandler
 *fill*         0x0000000008004f4c        0x4 
 .text.Batt_Protection_when_discharge
                0x0000000008004f50      0xc58 Core/Src/stm32f1xx_it.o
                0x0000000008004f50                Batt_Protection_when_discharge
 .text.Batt_Protection_when_charge
                0x0000000008005ba8      0x78c Core/Src/stm32f1xx_it.o
                0x0000000008005ba8                Batt_Protection_when_charge
 .text._sbrk    0x0000000008006334       0x58 Core/Src/sysmem.o
                0x0000000008006334                _sbrk
 .text.SystemInit
                0x000000000800638c       0x68 Core/Src/system_stm32f1xx.o
                0x000000000800638c                SystemInit
 .text.MX_TIM2_Init
                0x00000000080063f4       0x98 Core/Src/tim.o
                0x00000000080063f4                MX_TIM2_Init
 .text.MX_TIM3_Init
                0x000000000800648c       0x9c Core/Src/tim.o
                0x000000000800648c                MX_TIM3_Init
 .text.HAL_TIM_Base_MspInit
                0x0000000008006528       0x80 Core/Src/tim.o
                0x0000000008006528                HAL_TIM_Base_MspInit
 .text.MX_USART1_UART_Init
                0x00000000080065a8       0x54 Core/Src/usart.o
                0x00000000080065a8                MX_USART1_UART_Init
 .text.MX_USART3_UART_Init
                0x00000000080065fc       0x54 Core/Src/usart.o
                0x00000000080065fc                MX_USART3_UART_Init
 .text.HAL_UART_MspInit
                0x0000000008006650      0x138 Core/Src/usart.o
                0x0000000008006650                HAL_UART_MspInit
 .text.Reset_Handler
                0x0000000008006788       0x48 Core/Startup/startup_stm32f103rbtx.o
                0x0000000008006788                Reset_Handler
 .text.Default_Handler
                0x00000000080067d0        0x2 Core/Startup/startup_stm32f103rbtx.o
                0x00000000080067d0                RTC_Alarm_IRQHandler
                0x00000000080067d0                EXTI2_IRQHandler
                0x00000000080067d0                TIM1_CC_IRQHandler
                0x00000000080067d0                PVD_IRQHandler
                0x00000000080067d0                EXTI3_IRQHandler
                0x00000000080067d0                EXTI0_IRQHandler
                0x00000000080067d0                I2C2_EV_IRQHandler
                0x00000000080067d0                ADC1_2_IRQHandler
                0x00000000080067d0                SPI1_IRQHandler
                0x00000000080067d0                TAMPER_IRQHandler
                0x00000000080067d0                DMA1_Channel4_IRQHandler
                0x00000000080067d0                USART3_IRQHandler
                0x00000000080067d0                RTC_IRQHandler
                0x00000000080067d0                DMA1_Channel7_IRQHandler
                0x00000000080067d0                TIM4_IRQHandler
                0x00000000080067d0                I2C1_EV_IRQHandler
                0x00000000080067d0                DMA1_Channel6_IRQHandler
                0x00000000080067d0                RCC_IRQHandler
                0x00000000080067d0                TIM1_TRG_COM_IRQHandler
                0x00000000080067d0                Default_Handler
                0x00000000080067d0                EXTI15_10_IRQHandler
                0x00000000080067d0                EXTI9_5_IRQHandler
                0x00000000080067d0                SPI2_IRQHandler
                0x00000000080067d0                DMA1_Channel5_IRQHandler
                0x00000000080067d0                EXTI4_IRQHandler
                0x00000000080067d0                USB_LP_CAN1_RX0_IRQHandler
                0x00000000080067d0                USB_HP_CAN1_TX_IRQHandler
                0x00000000080067d0                DMA1_Channel3_IRQHandler
                0x00000000080067d0                TIM1_UP_IRQHandler
                0x00000000080067d0                WWDG_IRQHandler
                0x00000000080067d0                TIM1_BRK_IRQHandler
                0x00000000080067d0                EXTI1_IRQHandler
                0x00000000080067d0                USART2_IRQHandler
                0x00000000080067d0                I2C2_ER_IRQHandler
                0x00000000080067d0                DMA1_Channel2_IRQHandler
                0x00000000080067d0                FLASH_IRQHandler
                0x00000000080067d0                USART1_IRQHandler
                0x00000000080067d0                I2C1_ER_IRQHandler
                0x00000000080067d0                USBWakeUp_IRQHandler
 *fill*         0x00000000080067d2        0x2 
 .text.HAL_Init
                0x00000000080067d4       0x2c Drivers/STM32F1xx_HAL_Driver/stm32f1xx_hal.o
                0x00000000080067d4                HAL_Init
 .text.HAL_InitTick
                0x0000000008006800       0x60 Drivers/STM32F1xx_HAL_Driver/stm32f1xx_hal.o
                0x0000000008006800                HAL_InitTick
 .text.HAL_IncTick
                0x0000000008006860       0x24 Drivers/STM32F1xx_HAL_Driver/stm32f1xx_hal.o
                0x0000000008006860                HAL_IncTick
 .text.HAL_GetTick
                0x0000000008006884       0x14 Drivers/STM32F1xx_HAL_Driver/stm32f1xx_hal.o
                0x0000000008006884                HAL_GetTick
 .text.HAL_Delay
                0x0000000008006898       0x44 Drivers/STM32F1xx_HAL_Driver/stm32f1xx_hal.o
                0x0000000008006898                HAL_Delay
 .text.HAL_ADC_Init
                0x00000000080068dc      0x1b0 Drivers/STM32F1xx_HAL_Driver/stm32f1xx_hal_adc.o
                0x00000000080068dc                HAL_ADC_Init
 .text.HAL_ADC_Start_DMA
                0x0000000008006a8c      0x1bc Drivers/STM32F1xx_HAL_Driver/stm32f1xx_hal_adc.o
                0x0000000008006a8c                HAL_ADC_Start_DMA
 .text.HAL_ADC_ConvCpltCallback
                0x0000000008006c48       0x12 Drivers/STM32F1xx_HAL_Driver/stm32f1xx_hal_adc.o
                0x0000000008006c48                HAL_ADC_ConvCpltCallback
 .text.HAL_ADC_ConvHalfCpltCallback
                0x0000000008006c5a       0x12 Drivers/STM32F1xx_HAL_Driver/stm32f1xx_hal_adc.o
                0x0000000008006c5a                HAL_ADC_ConvHalfCpltCallback
 .text.HAL_ADC_ErrorCallback
                0x0000000008006c6c       0x12 Drivers/STM32F1xx_HAL_Driver/stm32f1xx_hal_adc.o
                0x0000000008006c6c                HAL_ADC_ErrorCallback
 *fill*         0x0000000008006c7e        0x2 
 .text.HAL_ADC_ConfigChannel
                0x0000000008006c80      0x1f0 Drivers/STM32F1xx_HAL_Driver/stm32f1xx_hal_adc.o
                0x0000000008006c80                HAL_ADC_ConfigChannel
 .text.ADC_Enable
                0x0000000008006e70       0xa4 Drivers/STM32F1xx_HAL_Driver/stm32f1xx_hal_adc.o
                0x0000000008006e70                ADC_Enable
 .text.ADC_ConversionStop_Disable
                0x0000000008006f14       0x74 Drivers/STM32F1xx_HAL_Driver/stm32f1xx_hal_adc.o
                0x0000000008006f14                ADC_ConversionStop_Disable
 .text.ADC_DMAConvCplt
                0x0000000008006f88       0x7c Drivers/STM32F1xx_HAL_Driver/stm32f1xx_hal_adc.o
                0x0000000008006f88                ADC_DMAConvCplt
 .text.ADC_DMAHalfConvCplt
                0x0000000008007004       0x1c Drivers/STM32F1xx_HAL_Driver/stm32f1xx_hal_adc.o
                0x0000000008007004                ADC_DMAHalfConvCplt
 .text.ADC_DMAError
                0x0000000008007020       0x34 Drivers/STM32F1xx_HAL_Driver/stm32f1xx_hal_adc.o
                0x0000000008007020                ADC_DMAError
 .text.HAL_CAN_Init
                0x0000000008007054      0x1f6 Drivers/STM32F1xx_HAL_Driver/stm32f1xx_hal_can.o
                0x0000000008007054                HAL_CAN_Init
 .text.HAL_CAN_ConfigFilter
                0x000000000800724a      0x192 Drivers/STM32F1xx_HAL_Driver/stm32f1xx_hal_can.o
                0x000000000800724a                HAL_CAN_ConfigFilter
 .text.HAL_CAN_Start
                0x00000000080073dc       0x88 Drivers/STM32F1xx_HAL_Driver/stm32f1xx_hal_can.o
                0x00000000080073dc                HAL_CAN_Start
 .text.HAL_CAN_AddTxMessage
                0x0000000008007464      0x1b4 Drivers/STM32F1xx_HAL_Driver/stm32f1xx_hal_can.o
                0x0000000008007464                HAL_CAN_AddTxMessage
 .text.HAL_CAN_GetTxMailboxesFreeLevel
                0x0000000008007618       0x68 Drivers/STM32F1xx_HAL_Driver/stm32f1xx_hal_can.o
                0x0000000008007618                HAL_CAN_GetTxMailboxesFreeLevel
 .text.HAL_CAN_GetRxMessage
                0x0000000008007680      0x222 Drivers/STM32F1xx_HAL_Driver/stm32f1xx_hal_can.o
                0x0000000008007680                HAL_CAN_GetRxMessage
 .text.HAL_CAN_IRQHandler
                0x00000000080078a2      0x362 Drivers/STM32F1xx_HAL_Driver/stm32f1xx_hal_can.o
                0x00000000080078a2                HAL_CAN_IRQHandler
 .text.HAL_CAN_TxMailbox0CompleteCallback
                0x0000000008007c04       0x12 Drivers/STM32F1xx_HAL_Driver/stm32f1xx_hal_can.o
                0x0000000008007c04                HAL_CAN_TxMailbox0CompleteCallback
 .text.HAL_CAN_TxMailbox1CompleteCallback
                0x0000000008007c16       0x12 Drivers/STM32F1xx_HAL_Driver/stm32f1xx_hal_can.o
                0x0000000008007c16                HAL_CAN_TxMailbox1CompleteCallback
 .text.HAL_CAN_TxMailbox2CompleteCallback
                0x0000000008007c28       0x12 Drivers/STM32F1xx_HAL_Driver/stm32f1xx_hal_can.o
                0x0000000008007c28                HAL_CAN_TxMailbox2CompleteCallback
 .text.HAL_CAN_TxMailbox0AbortCallback
                0x0000000008007c3a       0x12 Drivers/STM32F1xx_HAL_Driver/stm32f1xx_hal_can.o
                0x0000000008007c3a                HAL_CAN_TxMailbox0AbortCallback
 .text.HAL_CAN_TxMailbox1AbortCallback
                0x0000000008007c4c       0x12 Drivers/STM32F1xx_HAL_Driver/stm32f1xx_hal_can.o
                0x0000000008007c4c                HAL_CAN_TxMailbox1AbortCallback
 .text.HAL_CAN_TxMailbox2AbortCallback
                0x0000000008007c5e       0x12 Drivers/STM32F1xx_HAL_Driver/stm32f1xx_hal_can.o
                0x0000000008007c5e                HAL_CAN_TxMailbox2AbortCallback
 .text.HAL_CAN_RxFifo0MsgPendingCallback
                0x0000000008007c70       0x12 Drivers/STM32F1xx_HAL_Driver/stm32f1xx_hal_can.o
                0x0000000008007c70                HAL_CAN_RxFifo0MsgPendingCallback
 .text.HAL_CAN_RxFifo0FullCallback
                0x0000000008007c82       0x12 Drivers/STM32F1xx_HAL_Driver/stm32f1xx_hal_can.o
                0x0000000008007c82                HAL_CAN_RxFifo0FullCallback
 .text.HAL_CAN_RxFifo1MsgPendingCallback
                0x0000000008007c94       0x12 Drivers/STM32F1xx_HAL_Driver/stm32f1xx_hal_can.o
                0x0000000008007c94                HAL_CAN_RxFifo1MsgPendingCallback
 .text.HAL_CAN_RxFifo1FullCallback
                0x0000000008007ca6       0x12 Drivers/STM32F1xx_HAL_Driver/stm32f1xx_hal_can.o
                0x0000000008007ca6                HAL_CAN_RxFifo1FullCallback
 .text.HAL_CAN_SleepCallback
                0x0000000008007cb8       0x12 Drivers/STM32F1xx_HAL_Driver/stm32f1xx_hal_can.o
                0x0000000008007cb8                HAL_CAN_SleepCallback
 .text.HAL_CAN_WakeUpFromRxMsgCallback
                0x0000000008007cca       0x12 Drivers/STM32F1xx_HAL_Driver/stm32f1xx_hal_can.o
                0x0000000008007cca                HAL_CAN_WakeUpFromRxMsgCallback
 .text.HAL_CAN_ErrorCallback
                0x0000000008007cdc       0x12 Drivers/STM32F1xx_HAL_Driver/stm32f1xx_hal_can.o
                0x0000000008007cdc                HAL_CAN_ErrorCallback
 *fill*         0x0000000008007cee        0x2 
 .text.__NVIC_SetPriorityGrouping
                0x0000000008007cf0       0x48 Drivers/STM32F1xx_HAL_Driver/stm32f1xx_hal_cortex.o
 .text.__NVIC_GetPriorityGrouping
                0x0000000008007d38       0x1c Drivers/STM32F1xx_HAL_Driver/stm32f1xx_hal_cortex.o
 .text.__NVIC_EnableIRQ
                0x0000000008007d54       0x38 Drivers/STM32F1xx_HAL_Driver/stm32f1xx_hal_cortex.o
 .text.__NVIC_SetPriority
                0x0000000008007d8c       0x54 Drivers/STM32F1xx_HAL_Driver/stm32f1xx_hal_cortex.o
 .text.NVIC_EncodePriority
                0x0000000008007de0       0x64 Drivers/STM32F1xx_HAL_Driver/stm32f1xx_hal_cortex.o
 .text.SysTick_Config
                0x0000000008007e44       0x44 Drivers/STM32F1xx_HAL_Driver/stm32f1xx_hal_cortex.o
 .text.HAL_NVIC_SetPriorityGrouping
                0x0000000008007e88       0x16 Drivers/STM32F1xx_HAL_Driver/stm32f1xx_hal_cortex.o
                0x0000000008007e88                HAL_NVIC_SetPriorityGrouping
 .text.HAL_NVIC_SetPriority
                0x0000000008007e9e       0x38 Drivers/STM32F1xx_HAL_Driver/stm32f1xx_hal_cortex.o
                0x0000000008007e9e                HAL_NVIC_SetPriority
 .text.HAL_NVIC_EnableIRQ
                0x0000000008007ed6       0x1c Drivers/STM32F1xx_HAL_Driver/stm32f1xx_hal_cortex.o
                0x0000000008007ed6                HAL_NVIC_EnableIRQ
 .text.HAL_SYSTICK_Config
                0x0000000008007ef2       0x18 Drivers/STM32F1xx_HAL_Driver/stm32f1xx_hal_cortex.o
                0x0000000008007ef2                HAL_SYSTICK_Config
 *fill*         0x0000000008007f0a        0x2 
 .text.HAL_DMA_Init
                0x0000000008007f0c       0xb4 Drivers/STM32F1xx_HAL_Driver/stm32f1xx_hal_dma.o
                0x0000000008007f0c                HAL_DMA_Init
 .text.HAL_DMA_Start_IT
                0x0000000008007fc0       0xbe Drivers/STM32F1xx_HAL_Driver/stm32f1xx_hal_dma.o
                0x0000000008007fc0                HAL_DMA_Start_IT
 *fill*         0x000000000800807e        0x2 
 .text.HAL_DMA_IRQHandler
                0x0000000008008080      0x20c Drivers/STM32F1xx_HAL_Driver/stm32f1xx_hal_dma.o
                0x0000000008008080                HAL_DMA_IRQHandler
 .text.DMA_SetConfig
                0x000000000800828c       0x5a Drivers/STM32F1xx_HAL_Driver/stm32f1xx_hal_dma.o
 *fill*         0x00000000080082e6        0x2 
 .text.HAL_FLASH_Unlock
                0x00000000080082e8       0x4c Drivers/STM32F1xx_HAL_Driver/stm32f1xx_hal_flash.o
                0x00000000080082e8                HAL_FLASH_Unlock
 .text.HAL_GPIO_Init
                0x0000000008008334      0x2b4 Drivers/STM32F1xx_HAL_Driver/stm32f1xx_hal_gpio.o
                0x0000000008008334                HAL_GPIO_Init
 .text.HAL_GPIO_ReadPin
                0x00000000080085e8       0x2e Drivers/STM32F1xx_HAL_Driver/stm32f1xx_hal_gpio.o
                0x00000000080085e8                HAL_GPIO_ReadPin
 .text.HAL_GPIO_WritePin
                0x0000000008008616       0x30 Drivers/STM32F1xx_HAL_Driver/stm32f1xx_hal_gpio.o
                0x0000000008008616                HAL_GPIO_WritePin
 .text.HAL_GPIO_TogglePin
                0x0000000008008646       0x30 Drivers/STM32F1xx_HAL_Driver/stm32f1xx_hal_gpio.o
                0x0000000008008646                HAL_GPIO_TogglePin
 *fill*         0x0000000008008676        0x2 
 .text.HAL_I2C_Init
                0x0000000008008678      0x250 Drivers/STM32F1xx_HAL_Driver/stm32f1xx_hal_i2c.o
                0x0000000008008678                HAL_I2C_Init
 .text.HAL_I2C_Master_Transmit
                0x00000000080088c8      0x1fc Drivers/STM32F1xx_HAL_Driver/stm32f1xx_hal_i2c.o
                0x00000000080088c8                HAL_I2C_Master_Transmit
 .text.HAL_I2C_IsDeviceReady
                0x0000000008008ac4      0x244 Drivers/STM32F1xx_HAL_Driver/stm32f1xx_hal_i2c.o
                0x0000000008008ac4                HAL_I2C_IsDeviceReady
 .text.I2C_MasterRequestWrite
                0x0000000008008d08       0xec Drivers/STM32F1xx_HAL_Driver/stm32f1xx_hal_i2c.o
 .text.I2C_WaitOnFlagUntilTimeout
                0x0000000008008df4       0xae Drivers/STM32F1xx_HAL_Driver/stm32f1xx_hal_i2c.o
 .text.I2C_WaitOnMasterAddressFlagUntilTimeout
                0x0000000008008ea2       0xfe Drivers/STM32F1xx_HAL_Driver/stm32f1xx_hal_i2c.o
 .text.I2C_WaitOnTXEFlagUntilTimeout
                0x0000000008008fa0       0x82 Drivers/STM32F1xx_HAL_Driver/stm32f1xx_hal_i2c.o
 .text.I2C_WaitOnBTFFlagUntilTimeout
                0x0000000008009022       0x82 Drivers/STM32F1xx_HAL_Driver/stm32f1xx_hal_i2c.o
 .text.I2C_IsAcknowledgeFailed
                0x00000000080090a4       0x5c Drivers/STM32F1xx_HAL_Driver/stm32f1xx_hal_i2c.o
 .text.HAL_IWDG_Init
                0x0000000008009100       0x72 Drivers/STM32F1xx_HAL_Driver/stm32f1xx_hal_iwdg.o
                0x0000000008009100                HAL_IWDG_Init
 .text.HAL_IWDG_Refresh
                0x0000000008009172       0x1e Drivers/STM32F1xx_HAL_Driver/stm32f1xx_hal_iwdg.o
                0x0000000008009172                HAL_IWDG_Refresh
 .text.HAL_RCC_OscConfig
                0x0000000008009190      0x500 Drivers/STM32F1xx_HAL_Driver/stm32f1xx_hal_rcc.o
                0x0000000008009190                HAL_RCC_OscConfig
 .text.HAL_RCC_ClockConfig
                0x0000000008009690      0x1d4 Drivers/STM32F1xx_HAL_Driver/stm32f1xx_hal_rcc.o
                0x0000000008009690                HAL_RCC_ClockConfig
 .text.HAL_RCC_GetSysClockFreq
                0x0000000008009864       0xc4 Drivers/STM32F1xx_HAL_Driver/stm32f1xx_hal_rcc.o
                0x0000000008009864                HAL_RCC_GetSysClockFreq
 .text.HAL_RCC_GetHCLKFreq
                0x0000000008009928       0x14 Drivers/STM32F1xx_HAL_Driver/stm32f1xx_hal_rcc.o
                0x0000000008009928                HAL_RCC_GetHCLKFreq
 .text.HAL_RCC_GetPCLK1Freq
                0x000000000800993c       0x28 Drivers/STM32F1xx_HAL_Driver/stm32f1xx_hal_rcc.o
                0x000000000800993c                HAL_RCC_GetPCLK1Freq
 .text.HAL_RCC_GetPCLK2Freq
                0x0000000008009964       0x28 Drivers/STM32F1xx_HAL_Driver/stm32f1xx_hal_rcc.o
                0x0000000008009964                HAL_RCC_GetPCLK2Freq
 .text.RCC_Delay
                0x000000000800998c       0x3c Drivers/STM32F1xx_HAL_Driver/stm32f1xx_hal_rcc.o
 .text.HAL_RCCEx_PeriphCLKConfig
                0x00000000080099c8      0x16c Drivers/STM32F1xx_HAL_Driver/stm32f1xx_hal_rcc_ex.o
                0x00000000080099c8                HAL_RCCEx_PeriphCLKConfig
 .text.HAL_SPI_Init
                0x0000000008009b34       0xc2 Drivers/STM32F1xx_HAL_Driver/stm32f1xx_hal_spi.o
                0x0000000008009b34                HAL_SPI_Init
 .text.HAL_TIM_Base_Init
                0x0000000008009bf6       0x56 Drivers/STM32F1xx_HAL_Driver/stm32f1xx_hal_tim.o
                0x0000000008009bf6                HAL_TIM_Base_Init
 .text.HAL_TIM_Base_Start_IT
                0x0000000008009c4c       0x46 Drivers/STM32F1xx_HAL_Driver/stm32f1xx_hal_tim.o
                0x0000000008009c4c                HAL_TIM_Base_Start_IT
 .text.HAL_TIM_IRQHandler
                0x0000000008009c92      0x210 Drivers/STM32F1xx_HAL_Driver/stm32f1xx_hal_tim.o
                0x0000000008009c92                HAL_TIM_IRQHandler
 .text.HAL_TIM_ConfigClockSource
                0x0000000008009ea2      0x16e Drivers/STM32F1xx_HAL_Driver/stm32f1xx_hal_tim.o
                0x0000000008009ea2                HAL_TIM_ConfigClockSource
 .text.HAL_TIM_PeriodElapsedCallback
                0x000000000800a010       0x12 Drivers/STM32F1xx_HAL_Driver/stm32f1xx_hal_tim.o
                0x000000000800a010                HAL_TIM_PeriodElapsedCallback
 .text.HAL_TIM_OC_DelayElapsedCallback
                0x000000000800a022       0x12 Drivers/STM32F1xx_HAL_Driver/stm32f1xx_hal_tim.o
                0x000000000800a022                HAL_TIM_OC_DelayElapsedCallback
 .text.HAL_TIM_IC_CaptureCallback
                0x000000000800a034       0x12 Drivers/STM32F1xx_HAL_Driver/stm32f1xx_hal_tim.o
                0x000000000800a034                HAL_TIM_IC_CaptureCallback
 .text.HAL_TIM_PWM_PulseFinishedCallback
                0x000000000800a046       0x12 Drivers/STM32F1xx_HAL_Driver/stm32f1xx_hal_tim.o
                0x000000000800a046                HAL_TIM_PWM_PulseFinishedCallback
 .text.HAL_TIM_TriggerCallback
                0x000000000800a058       0x12 Drivers/STM32F1xx_HAL_Driver/stm32f1xx_hal_tim.o
                0x000000000800a058                HAL_TIM_TriggerCallback
 *fill*         0x000000000800a06a        0x2 
 .text.TIM_Base_SetConfig
                0x000000000800a06c       0xc4 Drivers/STM32F1xx_HAL_Driver/stm32f1xx_hal_tim.o
                0x000000000800a06c                TIM_Base_SetConfig
 .text.TIM_TI1_ConfigInputStage
                0x000000000800a130       0x5c Drivers/STM32F1xx_HAL_Driver/stm32f1xx_hal_tim.o
 .text.TIM_TI2_ConfigInputStage
                0x000000000800a18c       0x5e Drivers/STM32F1xx_HAL_Driver/stm32f1xx_hal_tim.o
 .text.TIM_ITRx_SetConfig
                0x000000000800a1ea       0x34 Drivers/STM32F1xx_HAL_Driver/stm32f1xx_hal_tim.o
 .text.TIM_ETR_SetConfig
                0x000000000800a21e       0x3e Drivers/STM32F1xx_HAL_Driver/stm32f1xx_hal_tim.o
                0x000000000800a21e                TIM_ETR_SetConfig
 .text.HAL_TIMEx_MasterConfigSynchronization
                0x000000000800a25c       0x88 Drivers/STM32F1xx_HAL_Driver/stm32f1xx_hal_tim_ex.o
                0x000000000800a25c                HAL_TIMEx_MasterConfigSynchronization
 .text.HAL_TIMEx_CommutCallback
                0x000000000800a2e4       0x12 Drivers/STM32F1xx_HAL_Driver/stm32f1xx_hal_tim_ex.o
                0x000000000800a2e4                HAL_TIMEx_CommutCallback
 .text.HAL_TIMEx_BreakCallback
                0x000000000800a2f6       0x12 Drivers/STM32F1xx_HAL_Driver/stm32f1xx_hal_tim_ex.o
                0x000000000800a2f6                HAL_TIMEx_BreakCallback
 .text.HAL_UART_Init
                0x000000000800a308       0x9a Drivers/STM32F1xx_HAL_Driver/stm32f1xx_hal_uart.o
                0x000000000800a308                HAL_UART_Init
 *fill*         0x000000000800a3a2        0x2 
 .text.UART_SetConfig
                0x000000000800a3a4      0x1b4 Drivers/STM32F1xx_HAL_Driver/stm32f1xx_hal_uart.o
 .text.__errno  0x000000000800a558        0xc c:/st/stm32cubeide_1.3.0/stm32cubeide/plugins/com.st.stm32cube.ide.mcu.externaltools.gnu-tools-for-stm32.7-2018-q2-update.win32_1.0.0.201904181610/tools/bin/../lib/gcc/arm-none-eabi/7.3.1/../../../../arm-none-eabi/lib/thumb/v7-m\libc_nano.a(lib_a-errno.o)
                0x000000000800a558                __errno
 .text.__libc_init_array
                0x000000000800a564       0x48 c:/st/stm32cubeide_1.3.0/stm32cubeide/plugins/com.st.stm32cube.ide.mcu.externaltools.gnu-tools-for-stm32.7-2018-q2-update.win32_1.0.0.201904181610/tools/bin/../lib/gcc/arm-none-eabi/7.3.1/../../../../arm-none-eabi/lib/thumb/v7-m\libc_nano.a(lib_a-init.o)
                0x000000000800a564                __libc_init_array
 .text.memset   0x000000000800a5ac       0x10 c:/st/stm32cubeide_1.3.0/stm32cubeide/plugins/com.st.stm32cube.ide.mcu.externaltools.gnu-tools-for-stm32.7-2018-q2-update.win32_1.0.0.201904181610/tools/bin/../lib/gcc/arm-none-eabi/7.3.1/../../../../arm-none-eabi/lib/thumb/v7-m\libc_nano.a(lib_a-memset.o)
                0x000000000800a5ac                memset
 .text.__cvt    0x000000000800a5bc       0xb8 c:/st/stm32cubeide_1.3.0/stm32cubeide/plugins/com.st.stm32cube.ide.mcu.externaltools.gnu-tools-for-stm32.7-2018-q2-update.win32_1.0.0.201904181610/tools/bin/../lib/gcc/arm-none-eabi/7.3.1/../../../../arm-none-eabi/lib/thumb/v7-m\libc_nano.a(lib_a-nano-vfprintf_float.o)
                0x000000000800a5bc                __cvt
 .text.__exponent
                0x000000000800a674       0x6a c:/st/stm32cubeide_1.3.0/stm32cubeide/plugins/com.st.stm32cube.ide.mcu.externaltools.gnu-tools-for-stm32.7-2018-q2-update.win32_1.0.0.201904181610/tools/bin/../lib/gcc/arm-none-eabi/7.3.1/../../../../arm-none-eabi/lib/thumb/v7-m\libc_nano.a(lib_a-nano-vfprintf_float.o)
                0x000000000800a674                __exponent
 *fill*         0x000000000800a6de        0x2 
 .text._printf_float
                0x000000000800a6e0      0x46c c:/st/stm32cubeide_1.3.0/stm32cubeide/plugins/com.st.stm32cube.ide.mcu.externaltools.gnu-tools-for-stm32.7-2018-q2-update.win32_1.0.0.201904181610/tools/bin/../lib/gcc/arm-none-eabi/7.3.1/../../../../arm-none-eabi/lib/thumb/v7-m\libc_nano.a(lib_a-nano-vfprintf_float.o)
                0x000000000800a6e0                _printf_float
 .text._printf_common
                0x000000000800ab4c       0xec c:/st/stm32cubeide_1.3.0/stm32cubeide/plugins/com.st.stm32cube.ide.mcu.externaltools.gnu-tools-for-stm32.7-2018-q2-update.win32_1.0.0.201904181610/tools/bin/../lib/gcc/arm-none-eabi/7.3.1/../../../../arm-none-eabi/lib/thumb/v7-m\libc_nano.a(lib_a-nano-vfprintf_i.o)
                0x000000000800ab4c                _printf_common
 .text._printf_i
                0x000000000800ac38      0x224 c:/st/stm32cubeide_1.3.0/stm32cubeide/plugins/com.st.stm32cube.ide.mcu.externaltools.gnu-tools-for-stm32.7-2018-q2-update.win32_1.0.0.201904181610/tools/bin/../lib/gcc/arm-none-eabi/7.3.1/../../../../arm-none-eabi/lib/thumb/v7-m\libc_nano.a(lib_a-nano-vfprintf_i.o)
                0x000000000800ac38                _printf_i
 .text.sprintf  0x000000000800ae5c       0x40 c:/st/stm32cubeide_1.3.0/stm32cubeide/plugins/com.st.stm32cube.ide.mcu.externaltools.gnu-tools-for-stm32.7-2018-q2-update.win32_1.0.0.201904181610/tools/bin/../lib/gcc/arm-none-eabi/7.3.1/../../../../arm-none-eabi/lib/thumb/v7-m\libc_nano.a(lib_a-sprintf.o)
                0x000000000800ae5c                siprintf
                0x000000000800ae5c                sprintf
 .text.quorem   0x000000000800ae9c      0x11c c:/st/stm32cubeide_1.3.0/stm32cubeide/plugins/com.st.stm32cube.ide.mcu.externaltools.gnu-tools-for-stm32.7-2018-q2-update.win32_1.0.0.201904181610/tools/bin/../lib/gcc/arm-none-eabi/7.3.1/../../../../arm-none-eabi/lib/thumb/v7-m\libc_nano.a(lib_a-dtoa.o)
 .text._dtoa_r  0x000000000800afb8      0xb68 c:/st/stm32cubeide_1.3.0/stm32cubeide/plugins/com.st.stm32cube.ide.mcu.externaltools.gnu-tools-for-stm32.7-2018-q2-update.win32_1.0.0.201904181610/tools/bin/../lib/gcc/arm-none-eabi/7.3.1/../../../../arm-none-eabi/lib/thumb/v7-m\libc_nano.a(lib_a-dtoa.o)
                0x000000000800afb8                _dtoa_r
 .text._localeconv_r
                0x000000000800bb20       0x1c c:/st/stm32cubeide_1.3.0/stm32cubeide/plugins/com.st.stm32cube.ide.mcu.externaltools.gnu-tools-for-stm32.7-2018-q2-update.win32_1.0.0.201904181610/tools/bin/../lib/gcc/arm-none-eabi/7.3.1/../../../../arm-none-eabi/lib/thumb/v7-m\libc_nano.a(lib_a-localeconv.o)
                0x000000000800bb20                _localeconv_r
 .text.malloc   0x000000000800bb3c       0x10 c:/st/stm32cubeide_1.3.0/stm32cubeide/plugins/com.st.stm32cube.ide.mcu.externaltools.gnu-tools-for-stm32.7-2018-q2-update.win32_1.0.0.201904181610/tools/bin/../lib/gcc/arm-none-eabi/7.3.1/../../../../arm-none-eabi/lib/thumb/v7-m\libc_nano.a(lib_a-malloc.o)
                0x000000000800bb3c                malloc
 .text.memchr   0x000000000800bb4c       0x1c c:/st/stm32cubeide_1.3.0/stm32cubeide/plugins/com.st.stm32cube.ide.mcu.externaltools.gnu-tools-for-stm32.7-2018-q2-update.win32_1.0.0.201904181610/tools/bin/../lib/gcc/arm-none-eabi/7.3.1/../../../../arm-none-eabi/lib/thumb/v7-m\libc_nano.a(lib_a-memchr-stub.o)
                0x000000000800bb4c                memchr
 .text.memcpy   0x000000000800bb68       0x16 c:/st/stm32cubeide_1.3.0/stm32cubeide/plugins/com.st.stm32cube.ide.mcu.externaltools.gnu-tools-for-stm32.7-2018-q2-update.win32_1.0.0.201904181610/tools/bin/../lib/gcc/arm-none-eabi/7.3.1/../../../../arm-none-eabi/lib/thumb/v7-m\libc_nano.a(lib_a-memcpy-stub.o)
                0x000000000800bb68                memcpy
 .text._Balloc  0x000000000800bb7e       0x68 c:/st/stm32cubeide_1.3.0/stm32cubeide/plugins/com.st.stm32cube.ide.mcu.externaltools.gnu-tools-for-stm32.7-2018-q2-update.win32_1.0.0.201904181610/tools/bin/../lib/gcc/arm-none-eabi/7.3.1/../../../../arm-none-eabi/lib/thumb/v7-m\libc_nano.a(lib_a-mprec.o)
                0x000000000800bb7e                _Balloc
 .text._Bfree   0x000000000800bbe6       0x2e c:/st/stm32cubeide_1.3.0/stm32cubeide/plugins/com.st.stm32cube.ide.mcu.externaltools.gnu-tools-for-stm32.7-2018-q2-update.win32_1.0.0.201904181610/tools/bin/../lib/gcc/arm-none-eabi/7.3.1/../../../../arm-none-eabi/lib/thumb/v7-m\libc_nano.a(lib_a-mprec.o)
                0x000000000800bbe6                _Bfree
 .text.__multadd
                0x000000000800bc14       0x76 c:/st/stm32cubeide_1.3.0/stm32cubeide/plugins/com.st.stm32cube.ide.mcu.externaltools.gnu-tools-for-stm32.7-2018-q2-update.win32_1.0.0.201904181610/tools/bin/../lib/gcc/arm-none-eabi/7.3.1/../../../../arm-none-eabi/lib/thumb/v7-m\libc_nano.a(lib_a-mprec.o)
                0x000000000800bc14                __multadd
 .text.__hi0bits
                0x000000000800bc8a       0x3e c:/st/stm32cubeide_1.3.0/stm32cubeide/plugins/com.st.stm32cube.ide.mcu.externaltools.gnu-tools-for-stm32.7-2018-q2-update.win32_1.0.0.201904181610/tools/bin/../lib/gcc/arm-none-eabi/7.3.1/../../../../arm-none-eabi/lib/thumb/v7-m\libc_nano.a(lib_a-mprec.o)
                0x000000000800bc8a                __hi0bits
 .text.__lo0bits
                0x000000000800bcc8       0x5e c:/st/stm32cubeide_1.3.0/stm32cubeide/plugins/com.st.stm32cube.ide.mcu.externaltools.gnu-tools-for-stm32.7-2018-q2-update.win32_1.0.0.201904181610/tools/bin/../lib/gcc/arm-none-eabi/7.3.1/../../../../arm-none-eabi/lib/thumb/v7-m\libc_nano.a(lib_a-mprec.o)
                0x000000000800bcc8                __lo0bits
 .text.__i2b    0x000000000800bd26       0x12 c:/st/stm32cubeide_1.3.0/stm32cubeide/plugins/com.st.stm32cube.ide.mcu.externaltools.gnu-tools-for-stm32.7-2018-q2-update.win32_1.0.0.201904181610/tools/bin/../lib/gcc/arm-none-eabi/7.3.1/../../../../arm-none-eabi/lib/thumb/v7-m\libc_nano.a(lib_a-mprec.o)
                0x000000000800bd26                __i2b
 .text.__multiply
                0x000000000800bd38      0x12a c:/st/stm32cubeide_1.3.0/stm32cubeide/plugins/com.st.stm32cube.ide.mcu.externaltools.gnu-tools-for-stm32.7-2018-q2-update.win32_1.0.0.201904181610/tools/bin/../lib/gcc/arm-none-eabi/7.3.1/../../../../arm-none-eabi/lib/thumb/v7-m\libc_nano.a(lib_a-mprec.o)
                0x000000000800bd38                __multiply
 *fill*         0x000000000800be62        0x2 
 .text.__pow5mult
                0x000000000800be64       0x9c c:/st/stm32cubeide_1.3.0/stm32cubeide/plugins/com.st.stm32cube.ide.mcu.externaltools.gnu-tools-for-stm32.7-2018-q2-update.win32_1.0.0.201904181610/tools/bin/../lib/gcc/arm-none-eabi/7.3.1/../../../../arm-none-eabi/lib/thumb/v7-m\libc_nano.a(lib_a-mprec.o)
                0x000000000800be64                __pow5mult
 .text.__lshift
                0x000000000800bf00       0xa8 c:/st/stm32cubeide_1.3.0/stm32cubeide/plugins/com.st.stm32cube.ide.mcu.externaltools.gnu-tools-for-stm32.7-2018-q2-update.win32_1.0.0.201904181610/tools/bin/../lib/gcc/arm-none-eabi/7.3.1/../../../../arm-none-eabi/lib/thumb/v7-m\libc_nano.a(lib_a-mprec.o)
                0x000000000800bf00                __lshift
 .text.__mcmp   0x000000000800bfa8       0x34 c:/st/stm32cubeide_1.3.0/stm32cubeide/plugins/com.st.stm32cube.ide.mcu.externaltools.gnu-tools-for-stm32.7-2018-q2-update.win32_1.0.0.201904181610/tools/bin/../lib/gcc/arm-none-eabi/7.3.1/../../../../arm-none-eabi/lib/thumb/v7-m\libc_nano.a(lib_a-mprec.o)
                0x000000000800bfa8                __mcmp
 .text.__mdiff  0x000000000800bfdc       0xbc c:/st/stm32cubeide_1.3.0/stm32cubeide/plugins/com.st.stm32cube.ide.mcu.externaltools.gnu-tools-for-stm32.7-2018-q2-update.win32_1.0.0.201904181610/tools/bin/../lib/gcc/arm-none-eabi/7.3.1/../../../../arm-none-eabi/lib/thumb/v7-m\libc_nano.a(lib_a-mprec.o)
                0x000000000800bfdc                __mdiff
 .text.__d2b    0x000000000800c098       0x9e c:/st/stm32cubeide_1.3.0/stm32cubeide/plugins/com.st.stm32cube.ide.mcu.externaltools.gnu-tools-for-stm32.7-2018-q2-update.win32_1.0.0.201904181610/tools/bin/../lib/gcc/arm-none-eabi/7.3.1/../../../../arm-none-eabi/lib/thumb/v7-m\libc_nano.a(lib_a-mprec.o)
                0x000000000800c098                __d2b
 .text._calloc_r
                0x000000000800c136       0x1c c:/st/stm32cubeide_1.3.0/stm32cubeide/plugins/com.st.stm32cube.ide.mcu.externaltools.gnu-tools-for-stm32.7-2018-q2-update.win32_1.0.0.201904181610/tools/bin/../lib/gcc/arm-none-eabi/7.3.1/../../../../arm-none-eabi/lib/thumb/v7-m\libc_nano.a(lib_a-nano-callocr.o)
                0x000000000800c136                _calloc_r
 *fill*         0x000000000800c152        0x2 
 .text._free_r  0x000000000800c154       0x98 c:/st/stm32cubeide_1.3.0/stm32cubeide/plugins/com.st.stm32cube.ide.mcu.externaltools.gnu-tools-for-stm32.7-2018-q2-update.win32_1.0.0.201904181610/tools/bin/../lib/gcc/arm-none-eabi/7.3.1/../../../../arm-none-eabi/lib/thumb/v7-m\libc_nano.a(lib_a-nano-freer.o)
                0x000000000800c154                _free_r
 .text._malloc_r
                0x000000000800c1ec       0xb4 c:/st/stm32cubeide_1.3.0/stm32cubeide/plugins/com.st.stm32cube.ide.mcu.externaltools.gnu-tools-for-stm32.7-2018-q2-update.win32_1.0.0.201904181610/tools/bin/../lib/gcc/arm-none-eabi/7.3.1/../../../../arm-none-eabi/lib/thumb/v7-m\libc_nano.a(lib_a-nano-mallocr.o)
                0x000000000800c1ec                _malloc_r
 .text.__ssputs_r
                0x000000000800c2a0       0xb4 c:/st/stm32cubeide_1.3.0/stm32cubeide/plugins/com.st.stm32cube.ide.mcu.externaltools.gnu-tools-for-stm32.7-2018-q2-update.win32_1.0.0.201904181610/tools/bin/../lib/gcc/arm-none-eabi/7.3.1/../../../../arm-none-eabi/lib/thumb/v7-m\libc_nano.a(lib_a-nano-svfprintf.o)
                0x000000000800c2a0                __ssputs_r
 .text._svfprintf_r
                0x000000000800c354      0x1f0 c:/st/stm32cubeide_1.3.0/stm32cubeide/plugins/com.st.stm32cube.ide.mcu.externaltools.gnu-tools-for-stm32.7-2018-q2-update.win32_1.0.0.201904181610/tools/bin/../lib/gcc/arm-none-eabi/7.3.1/../../../../arm-none-eabi/lib/thumb/v7-m\libc_nano.a(lib_a-nano-svfprintf.o)
                0x000000000800c354                _svfiprintf_r
                0x000000000800c354                _svfprintf_r
 .text._sbrk_r  0x000000000800c544       0x20 c:/st/stm32cubeide_1.3.0/stm32cubeide/plugins/com.st.stm32cube.ide.mcu.externaltools.gnu-tools-for-stm32.7-2018-q2-update.win32_1.0.0.201904181610/tools/bin/../lib/gcc/arm-none-eabi/7.3.1/../../../../arm-none-eabi/lib/thumb/v7-m\libc_nano.a(lib_a-sbrkr.o)
                0x000000000800c544                _sbrk_r
 .text.__ascii_mbtowc
                0x000000000800c564       0x24 c:/st/stm32cubeide_1.3.0/stm32cubeide/plugins/com.st.stm32cube.ide.mcu.externaltools.gnu-tools-for-stm32.7-2018-q2-update.win32_1.0.0.201904181610/tools/bin/../lib/gcc/arm-none-eabi/7.3.1/../../../../arm-none-eabi/lib/thumb/v7-m\libc_nano.a(lib_a-mbtowc_r.o)
                0x000000000800c564                __ascii_mbtowc
 .text.memmove  0x000000000800c588       0x32 c:/st/stm32cubeide_1.3.0/stm32cubeide/plugins/com.st.stm32cube.ide.mcu.externaltools.gnu-tools-for-stm32.7-2018-q2-update.win32_1.0.0.201904181610/tools/bin/../lib/gcc/arm-none-eabi/7.3.1/../../../../arm-none-eabi/lib/thumb/v7-m\libc_nano.a(lib_a-memmove.o)
                0x000000000800c588                memmove
 .text.__malloc_lock
                0x000000000800c5ba        0x2 c:/st/stm32cubeide_1.3.0/stm32cubeide/plugins/com.st.stm32cube.ide.mcu.externaltools.gnu-tools-for-stm32.7-2018-q2-update.win32_1.0.0.201904181610/tools/bin/../lib/gcc/arm-none-eabi/7.3.1/../../../../arm-none-eabi/lib/thumb/v7-m\libc_nano.a(lib_a-mlock.o)
                0x000000000800c5ba                __malloc_lock
 .text.__malloc_unlock
                0x000000000800c5bc        0x2 c:/st/stm32cubeide_1.3.0/stm32cubeide/plugins/com.st.stm32cube.ide.mcu.externaltools.gnu-tools-for-stm32.7-2018-q2-update.win32_1.0.0.201904181610/tools/bin/../lib/gcc/arm-none-eabi/7.3.1/../../../../arm-none-eabi/lib/thumb/v7-m\libc_nano.a(lib_a-mlock.o)
                0x000000000800c5bc                __malloc_unlock
 .text._realloc_r
                0x000000000800c5be       0x4c c:/st/stm32cubeide_1.3.0/stm32cubeide/plugins/com.st.stm32cube.ide.mcu.externaltools.gnu-tools-for-stm32.7-2018-q2-update.win32_1.0.0.201904181610/tools/bin/../lib/gcc/arm-none-eabi/7.3.1/../../../../arm-none-eabi/lib/thumb/v7-m\libc_nano.a(lib_a-nano-reallocr.o)
                0x000000000800c5be                _realloc_r
 .text.__ascii_wctomb
                0x000000000800c60a       0x1a c:/st/stm32cubeide_1.3.0/stm32cubeide/plugins/com.st.stm32cube.ide.mcu.externaltools.gnu-tools-for-stm32.7-2018-q2-update.win32_1.0.0.201904181610/tools/bin/../lib/gcc/arm-none-eabi/7.3.1/../../../../arm-none-eabi/lib/thumb/v7-m\libc_nano.a(lib_a-wctomb_r.o)
                0x000000000800c60a                __ascii_wctomb
 .text._malloc_usable_size_r
                0x000000000800c624       0x10 c:/st/stm32cubeide_1.3.0/stm32cubeide/plugins/com.st.stm32cube.ide.mcu.externaltools.gnu-tools-for-stm32.7-2018-q2-update.win32_1.0.0.201904181610/tools/bin/../lib/gcc/arm-none-eabi/7.3.1/../../../../arm-none-eabi/lib/thumb/v7-m\libc_nano.a(lib_a-nano-msizer.o)
                0x000000000800c624                _malloc_usable_size_r
 .text.log      0x000000000800c634       0xf4 c:/st/stm32cubeide_1.3.0/stm32cubeide/plugins/com.st.stm32cube.ide.mcu.externaltools.gnu-tools-for-stm32.7-2018-q2-update.win32_1.0.0.201904181610/tools/bin/../lib/gcc/arm-none-eabi/7.3.1/../../../../arm-none-eabi/lib/thumb/v7-m\libm.a(lib_a-w_log.o)
                0x000000000800c634                log
 .text.__ieee754_log
                0x000000000800c728      0x364 c:/st/stm32cubeide_1.3.0/stm32cubeide/plugins/com.st.stm32cube.ide.mcu.externaltools.gnu-tools-for-stm32.7-2018-q2-update.win32_1.0.0.201904181610/tools/bin/../lib/gcc/arm-none-eabi/7.3.1/../../../../arm-none-eabi/lib/thumb/v7-m\libm.a(lib_a-e_log.o)
                0x000000000800c728                __ieee754_log
 .text.matherr  0x000000000800ca8c        0x4 c:/st/stm32cubeide_1.3.0/stm32cubeide/plugins/com.st.stm32cube.ide.mcu.externaltools.gnu-tools-for-stm32.7-2018-q2-update.win32_1.0.0.201904181610/tools/bin/../lib/gcc/arm-none-eabi/7.3.1/../../../../arm-none-eabi/lib/thumb/v7-m\libm.a(lib_a-s_matherr.o)
                0x000000000800ca8c                matherr
 .text.nan      0x000000000800ca90        0xc c:/st/stm32cubeide_1.3.0/stm32cubeide/plugins/com.st.stm32cube.ide.mcu.externaltools.gnu-tools-for-stm32.7-2018-q2-update.win32_1.0.0.201904181610/tools/bin/../lib/gcc/arm-none-eabi/7.3.1/../../../../arm-none-eabi/lib/thumb/v7-m\libm.a(lib_a-s_nan.o)
                0x000000000800ca90                nan
 *(.glue_7)
 .glue_7        0x000000000800ca9c        0x0 linker stubs
 *(.glue_7t)
 .glue_7t       0x000000000800ca9c        0x0 linker stubs
 *(.eh_frame)
 .eh_frame      0x000000000800ca9c        0x0 c:/st/stm32cubeide_1.3.0/stm32cubeide/plugins/com.st.stm32cube.ide.mcu.externaltools.gnu-tools-for-stm32.7-2018-q2-update.win32_1.0.0.201904181610/tools/bin/../lib/gcc/arm-none-eabi/7.3.1/thumb/v7-m/crtbegin.o
 *(.init)
 .init          0x000000000800ca9c        0x4 c:/st/stm32cubeide_1.3.0/stm32cubeide/plugins/com.st.stm32cube.ide.mcu.externaltools.gnu-tools-for-stm32.7-2018-q2-update.win32_1.0.0.201904181610/tools/bin/../lib/gcc/arm-none-eabi/7.3.1/thumb/v7-m/crti.o
                0x000000000800ca9c                _init
 .init          0x000000000800caa0        0x8 c:/st/stm32cubeide_1.3.0/stm32cubeide/plugins/com.st.stm32cube.ide.mcu.externaltools.gnu-tools-for-stm32.7-2018-q2-update.win32_1.0.0.201904181610/tools/bin/../lib/gcc/arm-none-eabi/7.3.1/thumb/v7-m/crtn.o
 *(.fini)
 .fini          0x000000000800caa8        0x4 c:/st/stm32cubeide_1.3.0/stm32cubeide/plugins/com.st.stm32cube.ide.mcu.externaltools.gnu-tools-for-stm32.7-2018-q2-update.win32_1.0.0.201904181610/tools/bin/../lib/gcc/arm-none-eabi/7.3.1/thumb/v7-m/crti.o
                0x000000000800caa8                _fini
 .fini          0x000000000800caac        0x8 c:/st/stm32cubeide_1.3.0/stm32cubeide/plugins/com.st.stm32cube.ide.mcu.externaltools.gnu-tools-for-stm32.7-2018-q2-update.win32_1.0.0.201904181610/tools/bin/../lib/gcc/arm-none-eabi/7.3.1/thumb/v7-m/crtn.o
                0x000000000800cab4                . = ALIGN (0x4)
                0x000000000800cab4                _etext = .

.vfp11_veneer   0x000000000800cab4        0x0
 .vfp11_veneer  0x000000000800cab4        0x0 linker stubs

.v4_bx          0x000000000800cab4        0x0
 .v4_bx         0x000000000800cab4        0x0 linker stubs

.iplt           0x000000000800cab4        0x0
 .iplt          0x000000000800cab4        0x0 c:/st/stm32cubeide_1.3.0/stm32cubeide/plugins/com.st.stm32cube.ide.mcu.externaltools.gnu-tools-for-stm32.7-2018-q2-update.win32_1.0.0.201904181610/tools/bin/../lib/gcc/arm-none-eabi/7.3.1/thumb/v7-m/crtbegin.o

.rodata         0x000000000800cab8      0xd04
                0x000000000800cab8                . = ALIGN (0x4)
 *(.rodata)
 .rodata        0x000000000800cab8      0x10a Core/Src/main.o
 *fill*         0x000000000800cbc2        0x2 
 .rodata        0x000000000800cbc4       0x12 Drivers/STM32F1xx_HAL_Driver/stm32f1xx_hal_rcc.o
 *(.rodata*)
 *fill*         0x000000000800cbd6        0x2 
 .rodata.Font7x10
                0x000000000800cbd8      0x76c Core/Src/fonts.o
                0x000000000800cbd8                Font7x10
 .rodata.crc15Table
                0x000000000800d344      0x200 Core/Src/powermeter_ade7880.o
                0x000000000800d344                crc15Table
 .rodata.AHBPrescTable
                0x000000000800d544       0x10 Core/Src/system_stm32f1xx.o
                0x000000000800d544                AHBPrescTable
 .rodata.APBPrescTable
                0x000000000800d554        0x8 Core/Src/system_stm32f1xx.o
                0x000000000800d554                APBPrescTable
 .rodata._printf_float.str1.1
                0x000000000800d55c       0x12 c:/st/stm32cubeide_1.3.0/stm32cubeide/plugins/com.st.stm32cube.ide.mcu.externaltools.gnu-tools-for-stm32.7-2018-q2-update.win32_1.0.0.201904181610/tools/bin/../lib/gcc/arm-none-eabi/7.3.1/../../../../arm-none-eabi/lib/thumb/v7-m\libc_nano.a(lib_a-nano-vfprintf_float.o)
 .rodata._printf_i.str1.1
                0x000000000800d56e       0x22 c:/st/stm32cubeide_1.3.0/stm32cubeide/plugins/com.st.stm32cube.ide.mcu.externaltools.gnu-tools-for-stm32.7-2018-q2-update.win32_1.0.0.201904181610/tools/bin/../lib/gcc/arm-none-eabi/7.3.1/../../../../arm-none-eabi/lib/thumb/v7-m\libc_nano.a(lib_a-nano-vfprintf_i.o)
 .rodata._dtoa_r.str1.1
                0x000000000800d590        0xd c:/st/stm32cubeide_1.3.0/stm32cubeide/plugins/com.st.stm32cube.ide.mcu.externaltools.gnu-tools-for-stm32.7-2018-q2-update.win32_1.0.0.201904181610/tools/bin/../lib/gcc/arm-none-eabi/7.3.1/../../../../arm-none-eabi/lib/thumb/v7-m\libc_nano.a(lib_a-dtoa.o)
                                          0xf (size before relaxing)
 *fill*         0x000000000800d59d        0x3 
 .rodata.__mprec_bigtens
                0x000000000800d5a0       0x28 c:/st/stm32cubeide_1.3.0/stm32cubeide/plugins/com.st.stm32cube.ide.mcu.externaltools.gnu-tools-for-stm32.7-2018-q2-update.win32_1.0.0.201904181610/tools/bin/../lib/gcc/arm-none-eabi/7.3.1/../../../../arm-none-eabi/lib/thumb/v7-m\libc_nano.a(lib_a-mprec.o)
                0x000000000800d5a0                __mprec_bigtens
 .rodata.__mprec_tens
                0x000000000800d5c8       0xc8 c:/st/stm32cubeide_1.3.0/stm32cubeide/plugins/com.st.stm32cube.ide.mcu.externaltools.gnu-tools-for-stm32.7-2018-q2-update.win32_1.0.0.201904181610/tools/bin/../lib/gcc/arm-none-eabi/7.3.1/../../../../arm-none-eabi/lib/thumb/v7-m\libc_nano.a(lib_a-mprec.o)
                0x000000000800d5c8                __mprec_tens
 .rodata.p05.6084
                0x000000000800d690        0xc c:/st/stm32cubeide_1.3.0/stm32cubeide/plugins/com.st.stm32cube.ide.mcu.externaltools.gnu-tools-for-stm32.7-2018-q2-update.win32_1.0.0.201904181610/tools/bin/../lib/gcc/arm-none-eabi/7.3.1/../../../../arm-none-eabi/lib/thumb/v7-m\libc_nano.a(lib_a-mprec.o)
 .rodata._svfprintf_r.str1.1
                0x000000000800d69c       0x11 c:/st/stm32cubeide_1.3.0/stm32cubeide/plugins/com.st.stm32cube.ide.mcu.externaltools.gnu-tools-for-stm32.7-2018-q2-update.win32_1.0.0.201904181610/tools/bin/../lib/gcc/arm-none-eabi/7.3.1/../../../../arm-none-eabi/lib/thumb/v7-m\libc_nano.a(lib_a-nano-svfprintf.o)
 .rodata._setlocale_r.str1.1
                0x000000000800d6ad        0x8 c:/st/stm32cubeide_1.3.0/stm32cubeide/plugins/com.st.stm32cube.ide.mcu.externaltools.gnu-tools-for-stm32.7-2018-q2-update.win32_1.0.0.201904181610/tools/bin/../lib/gcc/arm-none-eabi/7.3.1/../../../../arm-none-eabi/lib/thumb/v7-m\libc_nano.a(lib_a-locale.o)
                                          0x9 (size before relaxing)
 .rodata.str1.1
                0x000000000800d6b5        0x2 c:/st/stm32cubeide_1.3.0/stm32cubeide/plugins/com.st.stm32cube.ide.mcu.externaltools.gnu-tools-for-stm32.7-2018-q2-update.win32_1.0.0.201904181610/tools/bin/../lib/gcc/arm-none-eabi/7.3.1/../../../../arm-none-eabi/lib/thumb/v7-m\libc_nano.a(lib_a-locale.o)
 .rodata._ctype_
                0x000000000800d6b7      0x101 c:/st/stm32cubeide_1.3.0/stm32cubeide/plugins/com.st.stm32cube.ide.mcu.externaltools.gnu-tools-for-stm32.7-2018-q2-update.win32_1.0.0.201904181610/tools/bin/../lib/gcc/arm-none-eabi/7.3.1/../../../../arm-none-eabi/lib/thumb/v7-m\libc_nano.a(lib_a-ctype_.o)
                0x000000000800d6b7                _ctype_
 .rodata.log.str1.1
                0x000000000800d7b8        0x4 c:/st/stm32cubeide_1.3.0/stm32cubeide/plugins/com.st.stm32cube.ide.mcu.externaltools.gnu-tools-for-stm32.7-2018-q2-update.win32_1.0.0.201904181610/tools/bin/../lib/gcc/arm-none-eabi/7.3.1/../../../../arm-none-eabi/lib/thumb/v7-m\libm.a(lib_a-w_log.o)
                                          0x5 (size before relaxing)
                0x000000000800d7bc                . = ALIGN (0x4)

.rel.dyn        0x000000000800d7bc        0x0
 .rel.iplt      0x000000000800d7bc        0x0 c:/st/stm32cubeide_1.3.0/stm32cubeide/plugins/com.st.stm32cube.ide.mcu.externaltools.gnu-tools-for-stm32.7-2018-q2-update.win32_1.0.0.201904181610/tools/bin/../lib/gcc/arm-none-eabi/7.3.1/thumb/v7-m/crtbegin.o

.ARM.extab      0x000000000800d7bc        0x0
                0x000000000800d7bc                . = ALIGN (0x4)
 *(.ARM.extab* .gnu.linkonce.armextab.*)
                0x000000000800d7bc                . = ALIGN (0x4)

.ARM            0x000000000800d7bc        0x0
                0x000000000800d7bc                . = ALIGN (0x4)
                0x000000000800d7bc                __exidx_start = .
 *(.ARM.exidx*)
                0x000000000800d7bc                __exidx_end = .
                0x000000000800d7bc                . = ALIGN (0x4)

.preinit_array  0x000000000800d7bc        0x0
                0x000000000800d7bc                . = ALIGN (0x4)
                0x000000000800d7bc                PROVIDE (__preinit_array_start = .)
 *(.preinit_array*)
                0x000000000800d7bc                PROVIDE (__preinit_array_end = .)
                0x000000000800d7bc                . = ALIGN (0x4)

.init_array     0x000000000800d7bc        0x4
                0x000000000800d7bc                . = ALIGN (0x4)
                0x000000000800d7bc                PROVIDE (__init_array_start = .)
 *(SORT_BY_NAME(.init_array.*))
 *(.init_array*)
 .init_array    0x000000000800d7bc        0x4 c:/st/stm32cubeide_1.3.0/stm32cubeide/plugins/com.st.stm32cube.ide.mcu.externaltools.gnu-tools-for-stm32.7-2018-q2-update.win32_1.0.0.201904181610/tools/bin/../lib/gcc/arm-none-eabi/7.3.1/thumb/v7-m/crtbegin.o
                0x000000000800d7c0                PROVIDE (__init_array_end = .)
                0x000000000800d7c0                . = ALIGN (0x4)

.fini_array     0x000000000800d7c0        0x4
                0x000000000800d7c0                . = ALIGN (0x4)
                [!provide]                        PROVIDE (__fini_array_start = .)
 *(SORT_BY_NAME(.fini_array.*))
 *(.fini_array*)
 .fini_array    0x000000000800d7c0        0x4 c:/st/stm32cubeide_1.3.0/stm32cubeide/plugins/com.st.stm32cube.ide.mcu.externaltools.gnu-tools-for-stm32.7-2018-q2-update.win32_1.0.0.201904181610/tools/bin/../lib/gcc/arm-none-eabi/7.3.1/thumb/v7-m/crtbegin.o
                [!provide]                        PROVIDE (__fini_array_end = .)
                0x000000000800d7c4                . = ALIGN (0x4)
                0x000000000800d7c4                _sidata = LOADADDR (.data)

.data           0x0000000020000000      0x260 load address 0x000000000800d7c4
                0x0000000020000000                . = ALIGN (0x4)
                0x0000000020000000                _sdata = .
 *(.data)
 *(.data*)
 .data.charge_state
                0x0000000020000000        0x1 Core/Src/CANbus.o
                0x0000000020000000                charge_state
 .data.discharge_state
                0x0000000020000001        0x1 Core/Src/CANbus.o
                0x0000000020000001                discharge_state
 *fill*         0x0000000020000002        0x2 
 .data.SOH_batt
                0x0000000020000004        0x4 Core/Src/CANbus.o
                0x0000000020000004                SOH_batt
 .data.UNIQUE_Code
                0x0000000020000008        0x4 Core/Src/CANbus.o
                0x0000000020000008                UNIQUE_Code
 .data.Font_7x10
                0x000000002000000c        0x8 Core/Src/fonts.o
                0x000000002000000c                Font_7x10
 .data.Pack_Cap
                0x0000000020000014        0x4 Core/Src/main.o
                0x0000000020000014                Pack_Cap
 .data.minus_offset
                0x0000000020000018       0x3c Core/Src/powermeter_ade7880.o
                0x0000000020000018                minus_offset
 .data.TMS      0x0000000020000054        0x4 Core/Src/stm32f1xx_it.o
                0x0000000020000054                TMS
 .data.TMS_I_Over
                0x0000000020000058        0x4 Core/Src/stm32f1xx_it.o
                0x0000000020000058                TMS_I_Over
 .data.I_Over_Set
                0x000000002000005c        0x4 Core/Src/stm32f1xx_it.o
                0x000000002000005c                I_Over_Set
 .data.I_Over_Set_Charge
                0x0000000020000060        0x4 Core/Src/stm32f1xx_it.o
                0x0000000020000060                I_Over_Set_Charge
 .data.Temp_Over_Set
                0x0000000020000064        0x4 Core/Src/stm32f1xx_it.o
                0x0000000020000064                Temp_Over_Set
 .data.Temp_Under_Set
                0x0000000020000068        0x4 Core/Src/stm32f1xx_it.o
                0x0000000020000068                Temp_Under_Set
 .data.SOC_Under_Set
                0x000000002000006c        0x4 Core/Src/stm32f1xx_it.o
                0x000000002000006c                SOC_Under_Set
 .data.SOC_Over_Set
                0x0000000020000070        0x4 Core/Src/stm32f1xx_it.o
                0x0000000020000070                SOC_Over_Set
 .data.V_Under_Set
                0x0000000020000074        0x4 Core/Src/stm32f1xx_it.o
                0x0000000020000074                V_Under_Set
 .data.V_Over_Set
                0x0000000020000078        0x4 Core/Src/stm32f1xx_it.o
                0x0000000020000078                V_Over_Set
 .data.Persen_Imbalance_Set
                0x000000002000007c        0x4 Core/Src/stm32f1xx_it.o
                0x000000002000007c                Persen_Imbalance_Set
 .data.SystemCoreClock
                0x0000000020000080        0x4 Core/Src/system_stm32f1xx.o
                0x0000000020000080                SystemCoreClock
 .data.uwTickPrio
                0x0000000020000084        0x4 Drivers/STM32F1xx_HAL_Driver/stm32f1xx_hal.o
                0x0000000020000084                uwTickPrio
 .data.uwTickFreq
                0x0000000020000088        0x1 Drivers/STM32F1xx_HAL_Driver/stm32f1xx_hal.o
                0x0000000020000088                uwTickFreq
 *fill*         0x0000000020000089        0x3 
 .data._impure_ptr
                0x000000002000008c        0x4 c:/st/stm32cubeide_1.3.0/stm32cubeide/plugins/com.st.stm32cube.ide.mcu.externaltools.gnu-tools-for-stm32.7-2018-q2-update.win32_1.0.0.201904181610/tools/bin/../lib/gcc/arm-none-eabi/7.3.1/../../../../arm-none-eabi/lib/thumb/v7-m\libc_nano.a(lib_a-impure.o)
                0x000000002000008c                _impure_ptr
 .data.impure_data
                0x0000000020000090       0x60 c:/st/stm32cubeide_1.3.0/stm32cubeide/plugins/com.st.stm32cube.ide.mcu.externaltools.gnu-tools-for-stm32.7-2018-q2-update.win32_1.0.0.201904181610/tools/bin/../lib/gcc/arm-none-eabi/7.3.1/../../../../arm-none-eabi/lib/thumb/v7-m\libc_nano.a(lib_a-impure.o)
 .data.__global_locale
                0x00000000200000f0      0x16c c:/st/stm32cubeide_1.3.0/stm32cubeide/plugins/com.st.stm32cube.ide.mcu.externaltools.gnu-tools-for-stm32.7-2018-q2-update.win32_1.0.0.201904181610/tools/bin/../lib/gcc/arm-none-eabi/7.3.1/../../../../arm-none-eabi/lib/thumb/v7-m\libc_nano.a(lib_a-locale.o)
                0x00000000200000f0                __global_locale
 .data.__fdlib_version
                0x000000002000025c        0x1 c:/st/stm32cubeide_1.3.0/stm32cubeide/plugins/com.st.stm32cube.ide.mcu.externaltools.gnu-tools-for-stm32.7-2018-q2-update.win32_1.0.0.201904181610/tools/bin/../lib/gcc/arm-none-eabi/7.3.1/../../../../arm-none-eabi/lib/thumb/v7-m\libm.a(lib_a-s_lib_ver.o)
                0x000000002000025c                __fdlib_version
                0x0000000020000260                . = ALIGN (0x4)
 *fill*         0x000000002000025d        0x3 
                0x0000000020000260                _edata = .

.igot.plt       0x0000000020000260        0x0 load address 0x000000000800da24
 .igot.plt      0x0000000020000260        0x0 c:/st/stm32cubeide_1.3.0/stm32cubeide/plugins/com.st.stm32cube.ide.mcu.externaltools.gnu-tools-for-stm32.7-2018-q2-update.win32_1.0.0.201904181610/tools/bin/../lib/gcc/arm-none-eabi/7.3.1/thumb/v7-m/crtbegin.o
                0x0000000020000260                . = ALIGN (0x4)

.bss            0x0000000020000260     0x1354 load address 0x000000000800da24
                0x0000000020000260                _sbss = .
                0x0000000020000260                __bss_start__ = _sbss
 *(.bss)
 .bss           0x0000000020000260       0x1c c:/st/stm32cubeide_1.3.0/stm32cubeide/plugins/com.st.stm32cube.ide.mcu.externaltools.gnu-tools-for-stm32.7-2018-q2-update.win32_1.0.0.201904181610/tools/bin/../lib/gcc/arm-none-eabi/7.3.1/thumb/v7-m/crtbegin.o
 *(.bss*)
 .bss.sleep_state
                0x000000002000027c        0x1 Core/Src/CANbus.o
                0x000000002000027c                sleep_state
 .bss.Handshaking
                0x000000002000027d        0x1 Core/Src/CANbus.o
                0x000000002000027d                Handshaking
 .bss.identified
                0x000000002000027e        0x1 Core/Src/CANbus.o
                0x000000002000027e                identified
 .bss.Delay_Charger
                0x000000002000027f        0x1 Core/Src/CANbus.o
                0x000000002000027f                Delay_Charger
 .bss.BATT_Start_Up
                0x0000000020000280        0x1 Core/Src/main.o
                0x0000000020000280                BATT_Start_Up
 .bss.CFGAR4    0x0000000020000281        0x1 Core/Src/powermeter_ade7880.o
                0x0000000020000281                CFGAR4
 .bss.CFGAR5    0x0000000020000282        0x1 Core/Src/powermeter_ade7880.o
                0x0000000020000282                CFGAR5
 .bss.CFGBR0    0x0000000020000283        0x1 Core/Src/powermeter_ade7880.o
                0x0000000020000283                CFGBR0
 .bss.SSD1306_Buffer
                0x0000000020000284      0x400 Core/Src/ssd1306.o
 .bss.SSD1306   0x0000000020000684        0x6 Core/Src/ssd1306.o
 *fill*         0x000000002000068a        0x2 
 .bss.heap_end.5149
                0x000000002000068c        0x4 Core/Src/sysmem.o
 .bss.__malloc_free_list
                0x0000000020000690        0x4 c:/st/stm32cubeide_1.3.0/stm32cubeide/plugins/com.st.stm32cube.ide.mcu.externaltools.gnu-tools-for-stm32.7-2018-q2-update.win32_1.0.0.201904181610/tools/bin/../lib/gcc/arm-none-eabi/7.3.1/../../../../arm-none-eabi/lib/thumb/v7-m\libc_nano.a(lib_a-nano-mallocr.o)
                0x0000000020000690                __malloc_free_list
 .bss.__malloc_sbrk_start
                0x0000000020000694        0x4 c:/st/stm32cubeide_1.3.0/stm32cubeide/plugins/com.st.stm32cube.ide.mcu.externaltools.gnu-tools-for-stm32.7-2018-q2-update.win32_1.0.0.201904181610/tools/bin/../lib/gcc/arm-none-eabi/7.3.1/../../../../arm-none-eabi/lib/thumb/v7-m\libc_nano.a(lib_a-nano-mallocr.o)
                0x0000000020000694                __malloc_sbrk_start
 *(COMMON)
 COMMON         0x0000000020000698      0x100 Core/Src/CANbus.o
                0x0000000020000698                Data_id2
                0x00000000200006a0                under_voltage
                0x00000000200006a4                Batt_SOH
                0x00000000200006a8                OCD_protection
                0x00000000200006ac                start_balancing
                0x00000000200006b0                OTD_protection
                0x00000000200006b4                Tx_data
                0x00000000200006bc                Rx_data
                0x00000000200006c4                OCC_protection
                0x00000000200006c8                z
                0x00000000200006cc                over_temp_discharge
                0x00000000200006d0                Batt_cycle
                0x00000000200006d4                over_charge
                0x00000000200006d8                Batt_current
                0x00000000200006dc                data
                0x00000000200006e0                Batt_SOC
                0x00000000200006e4                vcell_15databyte
                0x0000000020000720                over_discharge_current
                0x0000000020000724                Batt_temp
                0x0000000020000728                Data_id1
                0x0000000020000730                OC_protection
                0x0000000020000734                UV_protection
                0x0000000020000738                panjang
                0x000000002000073c                Rx_Header
                0x0000000020000758                TxMailbox
                0x000000002000075c                OTC_protection
                0x0000000020000760                over_temp_charge
                0x0000000020000764                Balancing_protection
                0x0000000020000768                limit_capacity
                0x000000002000076c                LC_protection
                0x0000000020000770                lebar
                0x0000000020000774                Tx_Header
                0x000000002000078c                Batt_capacity
                0x0000000020000790                over_charge_current
                0x0000000020000794                Batt_voltage
 COMMON         0x0000000020000798       0x74 Core/Src/adc.o
                0x0000000020000798                hadc1
                0x00000000200007c8                hdma_adc1
 COMMON         0x000000002000080c       0x28 Core/Src/can.o
                0x000000002000080c                hcan
 COMMON         0x0000000020000834       0xa8 Core/Src/i2c.o
                0x0000000020000834                hi2c1
                0x0000000020000888                hi2c2
 COMMON         0x00000000200008dc        0xc Core/Src/iwdg.o
                0x00000000200008dc                hiwdg
 COMMON         0x00000000200008e8      0x2b5 Core/Src/main.o
                0x00000000200008e8                ij
                0x00000000200008ec                adc_val
                0x00000000200008fc                Delta_VCell
                0x0000000020000900                Flag_Battery_Locked_for_Ship
                0x0000000020000904                vcell_15data_digi
                0x0000000020000924                vcell_15data
                0x0000000020000960                flag_start_shutdown
                0x0000000020000964                cmd4
                0x0000000020000966                BATT_State
                0x0000000020000968                LifeTime
                0x000000002000096c                buffer_uart
                0x0000000020000b6c                persen_imbalance
                0x0000000020000b70                v_cell_tot
                0x0000000020000b74                Flag_Force_Balance
                0x0000000020000b78                pesan
                0x0000000020000b8c                Bat_Pow_Out
                0x0000000020000b90                test_tim2
                0x0000000020000b94                BMS_mode
                0x0000000020000b98                Pack_SOC
                0x0000000020000b9c                dataout_fram
 *fill*         0x0000000020000b9d        0x3 
 COMMON         0x0000000020000ba0       0x44 Core/Src/powermeter_ade7880.o
                0x0000000020000ba0                cmd2
                0x0000000020000ba2                balance_status
                0x0000000020000ba4                delta_vbatt
                0x0000000020000be0                Cell_Voltage_Lowest
 COMMON         0x0000000020000be4       0x58 Core/Src/spi.o
                0x0000000020000be4                hspi1
 COMMON         0x0000000020000c3c      0x870 Core/Src/stm32f1xx_it.o
                0x0000000020000c3c                flag_trip_unbalance
                0x0000000020000c3d                flag_trip_SOCOverCharge
                0x0000000020000c3e                flag_trip_shortcircuit
                0x0000000020000c40                i_arrdata
                0x0000000020001028                AH_Consumption
                0x000000002000102c                flag_trip_systemfailure
                0x0000000020001030                T_I_Over_trip
                0x0000000020001034                T_Under_trip
                0x0000000020001038                sumRef
                0x000000002000103c                kl
                0x0000000020001040                i_datadigi
                0x0000000020001044                flag_trip_overtemperature
                0x0000000020001046                time_soc
                0x0000000020001048                VBATT
                0x000000002000104c                Suhu_T3
                0x0000000020001050                Clear_Trip_overcurrentdischarge
                0x0000000020001054                Res_T1
                0x0000000020001058                ref_datadigi
                0x000000002000105c                IBATT
                0x0000000020001060                Res_T4
                0x0000000020001064                flag_trip_undertemperature
                0x0000000020001065                flag_trip_undervoltage
                0x0000000020001068                i
                0x000000002000106c                fault_code
                0x0000000020001070                Suhu_T1
                0x0000000020001074                flag_trip_overcurrentdischarge
                0x0000000020001078                T_trip_cycle
                0x000000002000107c                sumV
                0x0000000020001080                sumVn
                0x0000000020001084                vn_datadigi
                0x0000000020001088                flag_trip_overcurrentcharge
                0x000000002000108c                v_datadigi
                0x0000000020001090                flag_trip_SOCOverDischarge
                0x0000000020001094                Res_T2
                0x0000000020001098                sumI
                0x000000002000109c                Suhu_T4
                0x00000000200010a0                T_I_Over_trip_cycle
                0x00000000200010a4                hitung_suhu
                0x00000000200010a8                Clear_Trip_undervoltage
                0x00000000200010ac                Res_T3
                0x00000000200010b0                OFFSET_SENSOR_ARUS
                0x00000000200010b4                IBATT_for_offset_cal
                0x00000000200010b8                ref_arrdata
                0x00000000200014a0                last_fault_code
                0x00000000200014a1                flag_trip_overvoltage
                0x00000000200014a4                Suhu_T2
                0x00000000200014a8                sum_current
 COMMON         0x00000000200014ac       0x80 Core/Src/tim.o
                0x00000000200014ac                htim3
                0x00000000200014ec                htim2
 COMMON         0x000000002000152c       0x80 Core/Src/usart.o
                0x000000002000152c                huart3
                0x000000002000156c                huart1
 COMMON         0x00000000200015ac        0x4 Drivers/STM32F1xx_HAL_Driver/stm32f1xx_hal.o
                0x00000000200015ac                uwTick
 COMMON         0x00000000200015b0        0x4 c:/st/stm32cubeide_1.3.0/stm32cubeide/plugins/com.st.stm32cube.ide.mcu.externaltools.gnu-tools-for-stm32.7-2018-q2-update.win32_1.0.0.201904181610/tools/bin/../lib/gcc/arm-none-eabi/7.3.1/../../../../arm-none-eabi/lib/thumb/v7-m\libc_nano.a(lib_a-reent.o)
                0x00000000200015b0                errno
                0x00000000200015b4                . = ALIGN (0x4)
                0x00000000200015b4                _ebss = .
                0x00000000200015b4                __bss_end__ = _ebss

._user_heap_stack
                0x00000000200015b4      0x604 load address 0x000000000800da24
                0x00000000200015b8                . = ALIGN (0x8)
 *fill*         0x00000000200015b4        0x4 
                0x00000000200015b8                PROVIDE (end = .)
                [!provide]                        PROVIDE (_end = .)
                0x00000000200017b8                . = (. + _Min_Heap_Size)
 *fill*         0x00000000200015b8      0x200 
                0x0000000020001bb8                . = (. + _Min_Stack_Size)
 *fill*         0x00000000200017b8      0x400 
                0x0000000020001bb8                . = ALIGN (0x8)

/DISCARD/
 libc.a(*)
 libm.a(*)
 libgcc.a(*)

.ARM.attributes
                0x0000000000000000       0x29
 *(.ARM.attributes)
 .ARM.attributes
                0x0000000000000000       0x1d c:/st/stm32cubeide_1.3.0/stm32cubeide/plugins/com.st.stm32cube.ide.mcu.externaltools.gnu-tools-for-stm32.7-2018-q2-update.win32_1.0.0.201904181610/tools/bin/../lib/gcc/arm-none-eabi/7.3.1/thumb/v7-m/crti.o
 .ARM.attributes
                0x000000000000001d       0x2d c:/st/stm32cubeide_1.3.0/stm32cubeide/plugins/com.st.stm32cube.ide.mcu.externaltools.gnu-tools-for-stm32.7-2018-q2-update.win32_1.0.0.201904181610/tools/bin/../lib/gcc/arm-none-eabi/7.3.1/thumb/v7-m/crtbegin.o
 .ARM.attributes
                0x000000000000004a       0x33 Core/Src/Battery_Charge_Discharge.o
 .ARM.attributes
                0x000000000000007d       0x33 Core/Src/CANbus.o
 .ARM.attributes
                0x00000000000000b0       0x33 Core/Src/adc.o
 .ARM.attributes
                0x00000000000000e3       0x33 Core/Src/can.o
 .ARM.attributes
                0x0000000000000116       0x33 Core/Src/dma.o
 .ARM.attributes
                0x0000000000000149       0x33 Core/Src/fonts.o
 .ARM.attributes
                0x000000000000017c       0x33 Core/Src/gpio.o
 .ARM.attributes
                0x00000000000001af       0x33 Core/Src/i2c.o
 .ARM.attributes
                0x00000000000001e2       0x33 Core/Src/iwdg.o
 .ARM.attributes
                0x0000000000000215       0x33 Core/Src/main.o
 .ARM.attributes
                0x0000000000000248       0x33 Core/Src/powermeter_ade7880.o
 .ARM.attributes
                0x000000000000027b       0x33 Core/Src/spi.o
 .ARM.attributes
                0x00000000000002ae       0x33 Core/Src/ssd1306.o
 .ARM.attributes
                0x00000000000002e1       0x33 Core/Src/stm32f1xx_hal_msp.o
 .ARM.attributes
                0x0000000000000314       0x33 Core/Src/stm32f1xx_it.o
 .ARM.attributes
                0x0000000000000347       0x33 Core/Src/sysmem.o
 .ARM.attributes
                0x000000000000037a       0x33 Core/Src/system_stm32f1xx.o
 .ARM.attributes
                0x00000000000003ad       0x33 Core/Src/tim.o
 .ARM.attributes
                0x00000000000003e0       0x33 Core/Src/usart.o
 .ARM.attributes
                0x0000000000000413       0x21 Core/Startup/startup_stm32f103rbtx.o
 .ARM.attributes
                0x0000000000000434       0x33 Drivers/STM32F1xx_HAL_Driver/stm32f1xx_hal.o