powermeter_ade7880.c:65:6:ltc6812_GPIO_Config	40	static
powermeter_ade7880.c:95:6:ltc6812_SPIInit	8	static
powermeter_ade7880.c:122:6:ltc6812_Delay	16	static
powermeter_ade7880.c:127:6:ltc6812_Write8	24	static
powermeter_ade7880.c:149:6:ltc6812_Write16	24	static
powermeter_ade7880.c:171:6:ltc6812_Write32	24	static
powermeter_ade7880.c:193:9:ltc6812_Read8	16	static
powermeter_ade7880.c:216:10:ltc6812_Read16	16	static
powermeter_ade7880.c:239:10:ltc6812_Read32	16	static
powermeter_ade7880.c:263:6:LTC681x_adcv_emul	24	static
powermeter_ade7880.c:279:6:cmd_68_emul	24	static
powermeter_ade7880.c:301:10:pec15_calc_emul	24	static
powermeter_ade7880.c:320:6:LTC681x_rdcv_reg_emul	32	static
powermeter_ade7880.c:382:6:convert_to_cell_data	32	static
powermeter_ade7880.c:401:6:read_v_15cell	40	static
powermeter_ade7880.c:491:6:LTC681x_rdcfga_reg_emul	32	static
powermeter_ade7880.c:523:6:LTC681x_rdsctrl_reg_emul	32	static
powermeter_ade7880.c:556:6:LTC681x_rdpwm_reg_emul	32	static
powermeter_ade7880.c:588:6:LTC681x_wrcfga_reg_emul	40	static
powermeter_ade7880.c:627:6:LTC681x_wrcfgb_reg_emul	40	static
powermeter_ade7880.c:666:6:LTC681x_wrsctrl_reg_emul	32	static
powermeter_ade7880.c:704:6:LTC681x_wrpwm_reg_emul	32	static
powermeter_ade7880.c:743:6:LTC681x_balance_cell	24	static
powermeter_ade7880.c:777:6:get_balance_status	40	static
powermeter_ade7880.c:808:6:LTC681x_MUTE_UNMUTE_emul	24	static
