powermeter_ade7880.c:60:6:ltc6812_GPIO_Config	40	static
powermeter_ade7880.c:90:6:ltc6812_SPIInit	8	static
powermeter_ade7880.c:118:6:ltc6812_Delay	16	static
powermeter_ade7880.c:123:6:ltc6812_Write8	24	static
powermeter_ade7880.c:145:6:ltc6812_Write16	24	static
powermeter_ade7880.c:167:6:ltc6812_Write32	24	static
powermeter_ade7880.c:189:9:ltc6812_Read8	16	static
powermeter_ade7880.c:212:10:ltc6812_Read16	16	static
powermeter_ade7880.c:235:10:ltc6812_Read32	16	static
powermeter_ade7880.c:259:6:LTC681x_adcv_emul	24	static
powermeter_ade7880.c:275:6:cmd_68_emul	24	static
powermeter_ade7880.c:297:10:pec15_calc_emul	24	static
powermeter_ade7880.c:316:6:LTC681x_rdcv_reg_emul	32	static
powermeter_ade7880.c:378:6:convert_to_cell_data	32	static
powermeter_ade7880.c:397:6:read_v_15cell	40	static
powermeter_ade7880.c:487:6:LTC681x_rdcfga_reg_emul	32	static
powermeter_ade7880.c:519:6:LTC681x_rdsctrl_reg_emul	32	static
powermeter_ade7880.c:552:6:LTC681x_rdpwm_reg_emul	32	static
powermeter_ade7880.c:584:6:LTC681x_wrcfga_reg_emul	40	static
powermeter_ade7880.c:623:6:LTC681x_wrcfgb_reg_emul	40	static
powermeter_ade7880.c:662:6:LTC681x_wrsctrl_reg_emul	32	static
powermeter_ade7880.c:700:6:LTC681x_wrpwm_reg_emul	32	static
powermeter_ade7880.c:739:6:LTC681x_balance_cell	24	static
powermeter_ade7880.c:773:6:get_balance_status	40	static
powermeter_ade7880.c:804:6:LTC681x_MUTE_UNMUTE_emul	24	static
