powermeter_ade7880.c:64:6:ltc6812_GPIO_Config	40	static
powermeter_ade7880.c:94:6:ltc6812_SPIInit	8	static
powermeter_ade7880.c:121:6:ltc6812_Delay	16	static
powermeter_ade7880.c:126:6:ltc6812_Write8	24	static
powermeter_ade7880.c:148:6:ltc6812_Write16	24	static
powermeter_ade7880.c:170:6:ltc6812_Write32	24	static
powermeter_ade7880.c:192:9:ltc6812_Read8	16	static
powermeter_ade7880.c:215:10:ltc6812_Read16	16	static
powermeter_ade7880.c:238:10:ltc6812_Read32	16	static
powermeter_ade7880.c:262:6:LTC681x_adcv_emul	24	static
powermeter_ade7880.c:278:6:cmd_68_emul	24	static
powermeter_ade7880.c:300:10:pec15_calc_emul	24	static
powermeter_ade7880.c:319:6:LTC681x_rdcv_reg_emul	32	static
powermeter_ade7880.c:381:6:convert_to_cell_data	32	static
powermeter_ade7880.c:400:6:read_v_15cell	40	static
powermeter_ade7880.c:490:6:LTC681x_rdcfga_reg_emul	32	static
powermeter_ade7880.c:522:6:LTC681x_rdsctrl_reg_emul	32	static
powermeter_ade7880.c:555:6:LTC681x_rdpwm_reg_emul	32	static
powermeter_ade7880.c:587:6:LTC681x_wrcfga_reg_emul	40	static
powermeter_ade7880.c:626:6:LTC681x_wrcfgb_reg_emul	40	static
powermeter_ade7880.c:665:6:LTC681x_wrsctrl_reg_emul	32	static
powermeter_ade7880.c:703:6:LTC681x_wrpwm_reg_emul	32	static
powermeter_ade7880.c:742:6:LTC681x_balance_cell	24	static
powermeter_ade7880.c:776:6:get_balance_status	40	static
powermeter_ade7880.c:807:6:LTC681x_MUTE_UNMUTE_emul	24	static
