stm32f1xx_it.c:169:6:NMI_Handler	4	static
stm32f1xx_it.c:182:6:HardFault_Handler	4	static
stm32f1xx_it.c:197:6:MemManage_Handler	4	static
stm32f1xx_it.c:212:6:BusFault_Handler	4	static
stm32f1xx_it.c:227:6:UsageFault_Handler	4	static
stm32f1xx_it.c:242:6:SVC_Handler	4	static
stm32f1xx_it.c:255:6:DebugMon_Handler	4	static
stm32f1xx_it.c:268:6:PendSV_Handler	4	static
stm32f1xx_it.c:281:6:SysTick_Handler	8	static
stm32f1xx_it.c:301:6:DMA1_Channel1_IRQHandler	8	static
stm32f1xx_it.c:315:6:USB_LP_CAN1_RX0_IRQHandler	8	static
stm32f1xx_it.c:329:6:TIM2_IRQHandler	16	static
stm32f1xx_it.c:467:6:TIM3_IRQHandler	8	static
stm32f1xx_it.c:483:6:Batt_Protection_when_discharge	16	static
stm32f1xx_it.c:712:6:Batt_Protection_when_charge	16	static
