stm32f1xx_it.c:163:6:NMI_Handler	4	static
stm32f1xx_it.c:176:6:HardFault_Handler	4	static
stm32f1xx_it.c:191:6:MemManage_Handler	4	static
stm32f1xx_it.c:206:6:BusFault_Handler	4	static
stm32f1xx_it.c:221:6:UsageFault_Handler	4	static
stm32f1xx_it.c:236:6:SVC_Handler	4	static
stm32f1xx_it.c:249:6:DebugMon_Handler	4	static
stm32f1xx_it.c:262:6:PendSV_Handler	4	static
stm32f1xx_it.c:275:6:SysTick_Handler	8	static
stm32f1xx_it.c:295:6:DMA1_Channel1_IRQHandler	8	static
stm32f1xx_it.c:309:6:CAN1_RX1_IRQHandler	8	static
stm32f1xx_it.c:323:6:CAN1_SCE_IRQHandler	8	static
stm32f1xx_it.c:337:6:TIM2_IRQHandler	16	static
stm32f1xx_it.c:455:6:TIM3_IRQHandler	8	static
stm32f1xx_it.c:471:6:Batt_Protection_when_discharge	16	static
stm32f1xx_it.c:698:6:Batt_Protection_when_charge	16	static
